11-Mar-2025 17:19:02.822 INFO [main] org.apache.catalina.core.ApplicationContext.log No Spring WebApplicationInitializer types detected on classpath
11-Mar-2025 17:19:03.031 INFO [main] org.apache.catalina.core.ApplicationContext.log Initializing Spring DispatcherServlet 'dispatcher'
11-Mar-2025 17:19:05.230 INFO [main] org.apache.catalina.core.ApplicationContext.log ContextListener: contextInitialized()
11-Mar-2025 17:19:05.230 INFO [main] org.apache.catalina.core.ApplicationContext.log SessionListener: contextInitialized()
11-Mar-2025 17:19:05.231 INFO [main] org.apache.catalina.core.ApplicationContext.log ContextListener: attributeAdded('StockTicker', 'async.Stockticker@20a533b')
11-Mar-2025 17:20:15.316 INFO [Catalina-utility-1] org.apache.catalina.core.ApplicationContext.log Destroying Spring FrameworkServlet 'dispatcher'
11-Mar-2025 17:20:16.443 INFO [Catalina-utility-1] org.apache.catalina.core.ApplicationContext.log No Spring WebApplicationInitializer types detected on classpath
11-Mar-2025 17:20:16.567 INFO [Catalina-utility-1] org.apache.catalina.core.ApplicationContext.log Initializing Spring DispatcherServlet 'dispatcher'
11-Mar-2025 18:01:51.715 INFO [main] org.apache.catalina.core.ApplicationContext.log SessionListener: contextDestroyed()
11-Mar-2025 18:01:51.715 INFO [main] org.apache.catalina.core.ApplicationContext.log ContextListener: contextDestroyed()
11-Mar-2025 18:01:51.718 INFO [main] org.apache.catalina.core.ApplicationContext.log Destroying Spring FrameworkServlet 'dispatcher'
11-Mar-2025 18:02:03.248 INFO [main] org.apache.catalina.core.ApplicationContext.log No Spring WebApplicationInitializer types detected on classpath
11-Mar-2025 18:02:03.479 INFO [main] org.apache.catalina.core.ApplicationContext.log Initializing Spring DispatcherServlet 'dispatcher'
11-Mar-2025 18:02:05.688 INFO [main] org.apache.catalina.core.ApplicationContext.log ContextListener: contextInitialized()
11-Mar-2025 18:02:05.688 INFO [main] org.apache.catalina.core.ApplicationContext.log SessionListener: contextInitialized()
11-Mar-2025 18:02:05.690 INFO [main] org.apache.catalina.core.ApplicationContext.log ContextListener: attributeAdded('StockTicker', 'async.Stockticker@77e42cbf')
11-Mar-2025 18:02:09.340 SEVERE [http-nio-8080-exec-2] org.apache.catalina.core.StandardWrapperValve.invoke Servlet.service() для сервлета [dispatcher] в контексте с путем [/blog] выбросил исключение [Request processing failed: java.lang.StringIndexOutOfBoundsException: Range [1, 0) out of bounds for length 22] с первопричиной
	java.lang.StringIndexOutOfBoundsException: Range [1, 0) out of bounds for length 22
		at java.base/jdk.internal.util.Preconditions$1.apply(Preconditions.java:55)
		at java.base/jdk.internal.util.Preconditions$1.apply(Preconditions.java:52)
		at java.base/jdk.internal.util.Preconditions$4.apply(Preconditions.java:213)
		at java.base/jdk.internal.util.Preconditions$4.apply(Preconditions.java:210)
		at java.base/jdk.internal.util.Preconditions.outOfBounds(Preconditions.java:98)
		at java.base/jdk.internal.util.Preconditions.outOfBoundsCheckFromToIndex(Preconditions.java:112)
		at java.base/jdk.internal.util.Preconditions.checkFromToIndex(Preconditions.java:349)
		at java.base/java.lang.String.checkBoundsBeginEnd(String.java:4865)
		at java.base/java.lang.String.substring(String.java:2834)
		at ru.yandex.practicum.util.Utilities.toComments(Utilities.java:68)
		at ru.yandex.practicum.util.Utilities.arrayToList(Utilities.java:40)
		at ru.yandex.practicum.repository.PostRepositoryImpl.lambda$findPost$4(PostRepositoryImpl.java:179)
		at org.springframework.jdbc.core.RowMapperResultSetExtractor.extractData(RowMapperResultSetExtractor.java:94)
		at org.springframework.jdbc.core.RowMapperResultSetExtractor.extractData(RowMapperResultSetExtractor.java:61)
		at org.springframework.jdbc.core.JdbcTemplate$1.doInPreparedStatement(JdbcTemplate.java:733)
		at org.springframework.jdbc.core.JdbcTemplate.execute(JdbcTemplate.java:658)
		at org.springframework.jdbc.core.JdbcTemplate.query(JdbcTemplate.java:723)
		at org.springframework.jdbc.core.JdbcTemplate.query(JdbcTemplate.java:754)
		at org.springframework.jdbc.core.JdbcTemplate.query(JdbcTemplate.java:767)
		at org.springframework.jdbc.core.JdbcTemplate.query(JdbcTemplate.java:825)
		at ru.yandex.practicum.repository.PostRepositoryImpl.findPost(PostRepositoryImpl.java:157)
		at ru.yandex.practicum.service.PostServiceImpl.findPost(PostServiceImpl.java:90)
		at ru.yandex.practicum.controller.PostsFeedController.findPost(PostsFeedController.java:41)
		at java.base/jdk.internal.reflect.DirectMethodHandleAccessor.invoke(DirectMethodHandleAccessor.java:103)
		at java.base/java.lang.reflect.Method.invoke(Method.java:580)
		at org.springframework.web.method.support.InvocableHandlerMethod.doInvoke(InvocableHandlerMethod.java:257)
		at org.springframework.web.method.support.InvocableHandlerMethod.invokeForRequest(InvocableHandlerMethod.java:190)
		at org.springframework.web.servlet.mvc.method.annotation.ServletInvocableHandlerMethod.invokeAndHandle(ServletInvocableHandlerMethod.java:118)
		at org.springframework.web.servlet.mvc.method.annotation.RequestMappingHandlerAdapter.invokeHandlerMethod(RequestMappingHandlerAdapter.java:986)
		at org.springframework.web.servlet.mvc.method.annotation.RequestMappingHandlerAdapter.handleInternal(RequestMappingHandlerAdapter.java:891)
		at org.springframework.web.servlet.mvc.method.AbstractHandlerMethodAdapter.handle(AbstractHandlerMethodAdapter.java:87)
		at org.springframework.web.servlet.DispatcherServlet.doDispatch(DispatcherServlet.java:1088)
		at org.springframework.web.servlet.DispatcherServlet.doService(DispatcherServlet.java:978)
		at org.springframework.web.servlet.FrameworkServlet.processRequest(FrameworkServlet.java:1014)
		at org.springframework.web.servlet.FrameworkServlet.doGet(FrameworkServlet.java:903)
		at jakarta.servlet.http.HttpServlet.service(HttpServlet.java:619)
		at org.springframework.web.servlet.FrameworkServlet.service(FrameworkServlet.java:885)
		at jakarta.servlet.http.HttpServlet.service(HttpServlet.java:716)
		at org.apache.catalina.core.ApplicationFilterChain.doFilter(ApplicationFilterChain.java:130)
		at org.apache.tomcat.websocket.server.WsFilter.doFilter(WsFilter.java:51)
		at org.apache.catalina.core.ApplicationFilterChain.doFilter(ApplicationFilterChain.java:109)
		at org.apache.catalina.core.StandardWrapperValve.invoke(StandardWrapperValve.java:167)
		at org.apache.catalina.core.StandardContextValve.invoke(StandardContextValve.java:79)
		at org.apache.catalina.authenticator.AuthenticatorBase.invoke(AuthenticatorBase.java:483)
		at org.apache.catalina.core.StandardHostValve.invoke(StandardHostValve.java:115)
		at org.apache.catalina.valves.ErrorReportValve.invoke(ErrorReportValve.java:93)
		at org.apache.catalina.valves.AbstractAccessLogValve.invoke(AbstractAccessLogValve.java:663)
		at org.apache.catalina.core.StandardEngineValve.invoke(StandardEngineValve.java:74)
		at org.apache.catalina.connector.CoyoteAdapter.service(CoyoteAdapter.java:342)
		at org.apache.coyote.http11.Http11Processor.service(Http11Processor.java:395)
		at org.apache.coyote.AbstractProcessorLight.process(AbstractProcessorLight.java:63)
		at org.apache.coyote.AbstractProtocol$ConnectionHandler.process(AbstractProtocol.java:905)
		at org.apache.tomcat.util.net.NioEndpoint$SocketProcessor.doRun(NioEndpoint.java:1746)
		at org.apache.tomcat.util.net.SocketProcessorBase.run(SocketProcessorBase.java:52)
		at org.apache.tomcat.util.threads.ThreadPoolExecutor.runWorker(ThreadPoolExecutor.java:1148)
		at org.apache.tomcat.util.threads.ThreadPoolExecutor$Worker.run(ThreadPoolExecutor.java:636)
		at org.apache.tomcat.util.threads.TaskThread$WrappingRunnable.run(TaskThread.java:63)
		at java.base/java.lang.Thread.run(Thread.java:1583)
11-Mar-2025 18:06:28.579 INFO [main] org.apache.catalina.core.ApplicationContext.log Destroying Spring FrameworkServlet 'dispatcher'
11-Mar-2025 18:06:28.585 INFO [main] org.apache.catalina.core.ApplicationContext.log SessionListener: contextDestroyed()
11-Mar-2025 18:06:28.585 INFO [main] org.apache.catalina.core.ApplicationContext.log ContextListener: contextDestroyed()
11-Mar-2025 18:06:37.272 INFO [main] org.apache.catalina.core.ApplicationContext.log No Spring WebApplicationInitializer types detected on classpath
11-Mar-2025 18:06:37.472 INFO [main] org.apache.catalina.core.ApplicationContext.log Initializing Spring DispatcherServlet 'dispatcher'
11-Mar-2025 18:06:39.766 INFO [main] org.apache.catalina.core.ApplicationContext.log ContextListener: contextInitialized()
11-Mar-2025 18:06:39.766 INFO [main] org.apache.catalina.core.ApplicationContext.log SessionListener: contextInitialized()
11-Mar-2025 18:06:39.768 INFO [main] org.apache.catalina.core.ApplicationContext.log ContextListener: attributeAdded('StockTicker', 'async.Stockticker@513cd96f')
11-Mar-2025 18:06:53.327 SEVERE [http-nio-8080-exec-3] org.apache.catalina.core.StandardWrapperValve.invoke Servlet.service() для сервлета [dispatcher] в контексте с путем [/blog] выбросил исключение [Request processing failed: java.lang.NullPointerException] с первопричиной
	java.lang.NullPointerException
		at java.base/java.util.stream.ReferencePipeline$3$1.accept(ReferencePipeline.java:197)
		at java.base/java.util.Spliterators$ArraySpliterator.forEachRemaining(Spliterators.java:1024)
		at java.base/java.util.stream.AbstractPipeline.copyInto(AbstractPipeline.java:509)
		at java.base/java.util.stream.AbstractPipeline.wrapAndCopyInto(AbstractPipeline.java:499)
		at java.base/java.util.stream.ReduceOps$ReduceOp.evaluateSequential(ReduceOps.java:921)
		at java.base/java.util.stream.AbstractPipeline.evaluate(AbstractPipeline.java:234)
		at java.base/java.util.stream.ReferencePipeline.collect(ReferencePipeline.java:682)
		at ru.yandex.practicum.util.Utilities.arrayToList(Utilities.java:38)
		at ru.yandex.practicum.repository.PostRepositoryImpl.lambda$findPost$4(PostRepositoryImpl.java:179)
		at org.springframework.jdbc.core.RowMapperResultSetExtractor.extractData(RowMapperResultSetExtractor.java:94)
		at org.springframework.jdbc.core.RowMapperResultSetExtractor.extractData(RowMapperResultSetExtractor.java:61)
		at org.springframework.jdbc.core.JdbcTemplate$1.doInPreparedStatement(JdbcTemplate.java:733)
		at org.springframework.jdbc.core.JdbcTemplate.execute(JdbcTemplate.java:658)
		at org.springframework.jdbc.core.JdbcTemplate.query(JdbcTemplate.java:723)
		at org.springframework.jdbc.core.JdbcTemplate.query(JdbcTemplate.java:754)
		at org.springframework.jdbc.core.JdbcTemplate.query(JdbcTemplate.java:767)
		at org.springframework.jdbc.core.JdbcTemplate.query(JdbcTemplate.java:825)
		at ru.yandex.practicum.repository.PostRepositoryImpl.findPost(PostRepositoryImpl.java:157)
		at ru.yandex.practicum.service.PostServiceImpl.findPost(PostServiceImpl.java:90)
		at ru.yandex.practicum.controller.PostsFeedController.findPost(PostsFeedController.java:41)
		at java.base/jdk.internal.reflect.DirectMethodHandleAccessor.invoke(DirectMethodHandleAccessor.java:103)
		at java.base/java.lang.reflect.Method.invoke(Method.java:580)
		at org.springframework.web.method.support.InvocableHandlerMethod.doInvoke(InvocableHandlerMethod.java:257)
		at org.springframework.web.method.support.InvocableHandlerMethod.invokeForRequest(InvocableHandlerMethod.java:190)
		at org.springframework.web.servlet.mvc.method.annotation.ServletInvocableHandlerMethod.invokeAndHandle(ServletInvocableHandlerMethod.java:118)
		at org.springframework.web.servlet.mvc.method.annotation.RequestMappingHandlerAdapter.invokeHandlerMethod(RequestMappingHandlerAdapter.java:986)
		at org.springframework.web.servlet.mvc.method.annotation.RequestMappingHandlerAdapter.handleInternal(RequestMappingHandlerAdapter.java:891)
		at org.springframework.web.servlet.mvc.method.AbstractHandlerMethodAdapter.handle(AbstractHandlerMethodAdapter.java:87)
		at org.springframework.web.servlet.DispatcherServlet.doDispatch(DispatcherServlet.java:1088)
		at org.springframework.web.servlet.DispatcherServlet.doService(DispatcherServlet.java:978)
		at org.springframework.web.servlet.FrameworkServlet.processRequest(FrameworkServlet.java:1014)
		at org.springframework.web.servlet.FrameworkServlet.doGet(FrameworkServlet.java:903)
		at jakarta.servlet.http.HttpServlet.service(HttpServlet.java:619)
		at org.springframework.web.servlet.FrameworkServlet.service(FrameworkServlet.java:885)
		at jakarta.servlet.http.HttpServlet.service(HttpServlet.java:716)
		at org.apache.catalina.core.ApplicationFilterChain.doFilter(ApplicationFilterChain.java:130)
		at org.apache.tomcat.websocket.server.WsFilter.doFilter(WsFilter.java:51)
		at org.apache.catalina.core.ApplicationFilterChain.doFilter(ApplicationFilterChain.java:109)
		at org.apache.catalina.core.StandardWrapperValve.invoke(StandardWrapperValve.java:167)
		at org.apache.catalina.core.StandardContextValve.invoke(StandardContextValve.java:79)
		at org.apache.catalina.authenticator.AuthenticatorBase.invoke(AuthenticatorBase.java:483)
		at org.apache.catalina.core.StandardHostValve.invoke(StandardHostValve.java:115)
		at org.apache.catalina.valves.ErrorReportValve.invoke(ErrorReportValve.java:93)
		at org.apache.catalina.valves.AbstractAccessLogValve.invoke(AbstractAccessLogValve.java:663)
		at org.apache.catalina.core.StandardEngineValve.invoke(StandardEngineValve.java:74)
		at org.apache.catalina.connector.CoyoteAdapter.service(CoyoteAdapter.java:342)
		at org.apache.coyote.http11.Http11Processor.service(Http11Processor.java:395)
		at org.apache.coyote.AbstractProcessorLight.process(AbstractProcessorLight.java:63)
		at org.apache.coyote.AbstractProtocol$ConnectionHandler.process(AbstractProtocol.java:905)
		at org.apache.tomcat.util.net.NioEndpoint$SocketProcessor.doRun(NioEndpoint.java:1746)
		at org.apache.tomcat.util.net.SocketProcessorBase.run(SocketProcessorBase.java:52)
		at org.apache.tomcat.util.threads.ThreadPoolExecutor.runWorker(ThreadPoolExecutor.java:1148)
		at org.apache.tomcat.util.threads.ThreadPoolExecutor$Worker.run(ThreadPoolExecutor.java:636)
		at org.apache.tomcat.util.threads.TaskThread$WrappingRunnable.run(TaskThread.java:63)
		at java.base/java.lang.Thread.run(Thread.java:1583)
11-Mar-2025 18:17:11.863 INFO [main] org.apache.catalina.core.ApplicationContext.log Destroying Spring FrameworkServlet 'dispatcher'
11-Mar-2025 18:17:11.871 INFO [main] org.apache.catalina.core.ApplicationContext.log SessionListener: contextDestroyed()
11-Mar-2025 18:17:11.871 INFO [main] org.apache.catalina.core.ApplicationContext.log ContextListener: contextDestroyed()
11-Mar-2025 18:17:20.251 INFO [main] org.apache.catalina.core.ApplicationContext.log No Spring WebApplicationInitializer types detected on classpath
11-Mar-2025 18:17:20.452 INFO [main] org.apache.catalina.core.ApplicationContext.log Initializing Spring DispatcherServlet 'dispatcher'
11-Mar-2025 18:17:22.827 INFO [main] org.apache.catalina.core.ApplicationContext.log ContextListener: contextInitialized()
11-Mar-2025 18:17:22.827 INFO [main] org.apache.catalina.core.ApplicationContext.log SessionListener: contextInitialized()
11-Mar-2025 18:17:22.828 INFO [main] org.apache.catalina.core.ApplicationContext.log ContextListener: attributeAdded('StockTicker', 'async.Stockticker@6d43c881')
11-Mar-2025 18:17:34.827 SEVERE [http-nio-8080-exec-3] org.apache.catalina.core.StandardWrapperValve.invoke Servlet.service() для сервлета [dispatcher] в контексте с путем [/blog] выбросил исключение [Request processing failed: java.lang.NullPointerException] с первопричиной
	java.lang.NullPointerException
		at java.base/java.util.stream.ReferencePipeline$3$1.accept(ReferencePipeline.java:197)
		at java.base/java.util.Spliterators$ArraySpliterator.forEachRemaining(Spliterators.java:1024)
		at java.base/java.util.stream.AbstractPipeline.copyInto(AbstractPipeline.java:509)
		at java.base/java.util.stream.AbstractPipeline.wrapAndCopyInto(AbstractPipeline.java:499)
		at java.base/java.util.stream.ReduceOps$ReduceOp.evaluateSequential(ReduceOps.java:921)
		at java.base/java.util.stream.AbstractPipeline.evaluate(AbstractPipeline.java:234)
		at java.base/java.util.stream.ReferencePipeline.collect(ReferencePipeline.java:682)
		at ru.yandex.practicum.util.Utilities.arrayToList(Utilities.java:38)
		at ru.yandex.practicum.repository.PostRepositoryImpl.lambda$findPost$4(PostRepositoryImpl.java:179)
		at org.springframework.jdbc.core.RowMapperResultSetExtractor.extractData(RowMapperResultSetExtractor.java:94)
		at org.springframework.jdbc.core.RowMapperResultSetExtractor.extractData(RowMapperResultSetExtractor.java:61)
		at org.springframework.jdbc.core.JdbcTemplate$1.doInPreparedStatement(JdbcTemplate.java:733)
		at org.springframework.jdbc.core.JdbcTemplate.execute(JdbcTemplate.java:658)
		at org.springframework.jdbc.core.JdbcTemplate.query(JdbcTemplate.java:723)
		at org.springframework.jdbc.core.JdbcTemplate.query(JdbcTemplate.java:754)
		at org.springframework.jdbc.core.JdbcTemplate.query(JdbcTemplate.java:767)
		at org.springframework.jdbc.core.JdbcTemplate.query(JdbcTemplate.java:825)
		at ru.yandex.practicum.repository.PostRepositoryImpl.findPost(PostRepositoryImpl.java:157)
		at ru.yandex.practicum.service.PostServiceImpl.findPost(PostServiceImpl.java:90)
		at ru.yandex.practicum.controller.PostsFeedController.findPost(PostsFeedController.java:41)
		at java.base/jdk.internal.reflect.DirectMethodHandleAccessor.invoke(DirectMethodHandleAccessor.java:103)
		at java.base/java.lang.reflect.Method.invoke(Method.java:580)
		at org.springframework.web.method.support.InvocableHandlerMethod.doInvoke(InvocableHandlerMethod.java:257)
		at org.springframework.web.method.support.InvocableHandlerMethod.invokeForRequest(InvocableHandlerMethod.java:190)
		at org.springframework.web.servlet.mvc.method.annotation.ServletInvocableHandlerMethod.invokeAndHandle(ServletInvocableHandlerMethod.java:118)
		at org.springframework.web.servlet.mvc.method.annotation.RequestMappingHandlerAdapter.invokeHandlerMethod(RequestMappingHandlerAdapter.java:986)
		at org.springframework.web.servlet.mvc.method.annotation.RequestMappingHandlerAdapter.handleInternal(RequestMappingHandlerAdapter.java:891)
		at org.springframework.web.servlet.mvc.method.AbstractHandlerMethodAdapter.handle(AbstractHandlerMethodAdapter.java:87)
		at org.springframework.web.servlet.DispatcherServlet.doDispatch(DispatcherServlet.java:1088)
		at org.springframework.web.servlet.DispatcherServlet.doService(DispatcherServlet.java:978)
		at org.springframework.web.servlet.FrameworkServlet.processRequest(FrameworkServlet.java:1014)
		at org.springframework.web.servlet.FrameworkServlet.doGet(FrameworkServlet.java:903)
		at jakarta.servlet.http.HttpServlet.service(HttpServlet.java:619)
		at org.springframework.web.servlet.FrameworkServlet.service(FrameworkServlet.java:885)
		at jakarta.servlet.http.HttpServlet.service(HttpServlet.java:716)
		at org.apache.catalina.core.ApplicationFilterChain.doFilter(ApplicationFilterChain.java:130)
		at org.apache.tomcat.websocket.server.WsFilter.doFilter(WsFilter.java:51)
		at org.apache.catalina.core.ApplicationFilterChain.doFilter(ApplicationFilterChain.java:109)
		at org.apache.catalina.core.StandardWrapperValve.invoke(StandardWrapperValve.java:167)
		at org.apache.catalina.core.StandardContextValve.invoke(StandardContextValve.java:79)
		at org.apache.catalina.authenticator.AuthenticatorBase.invoke(AuthenticatorBase.java:483)
		at org.apache.catalina.core.StandardHostValve.invoke(StandardHostValve.java:115)
		at org.apache.catalina.valves.ErrorReportValve.invoke(ErrorReportValve.java:93)
		at org.apache.catalina.valves.AbstractAccessLogValve.invoke(AbstractAccessLogValve.java:663)
		at org.apache.catalina.core.StandardEngineValve.invoke(StandardEngineValve.java:74)
		at org.apache.catalina.connector.CoyoteAdapter.service(CoyoteAdapter.java:342)
		at org.apache.coyote.http11.Http11Processor.service(Http11Processor.java:395)
		at org.apache.coyote.AbstractProcessorLight.process(AbstractProcessorLight.java:63)
		at org.apache.coyote.AbstractProtocol$ConnectionHandler.process(AbstractProtocol.java:905)
		at org.apache.tomcat.util.net.NioEndpoint$SocketProcessor.doRun(NioEndpoint.java:1746)
		at org.apache.tomcat.util.net.SocketProcessorBase.run(SocketProcessorBase.java:52)
		at org.apache.tomcat.util.threads.ThreadPoolExecutor.runWorker(ThreadPoolExecutor.java:1148)
		at org.apache.tomcat.util.threads.ThreadPoolExecutor$Worker.run(ThreadPoolExecutor.java:636)
		at org.apache.tomcat.util.threads.TaskThread$WrappingRunnable.run(TaskThread.java:63)
		at java.base/java.lang.Thread.run(Thread.java:1583)
11-Mar-2025 18:39:56.077 INFO [main] org.apache.catalina.core.ApplicationContext.log Destroying Spring FrameworkServlet 'dispatcher'
11-Mar-2025 18:39:56.084 INFO [main] org.apache.catalina.core.ApplicationContext.log SessionListener: contextDestroyed()
11-Mar-2025 18:39:56.084 INFO [main] org.apache.catalina.core.ApplicationContext.log ContextListener: contextDestroyed()
11-Mar-2025 18:40:04.745 INFO [main] org.apache.catalina.core.ApplicationContext.log No Spring WebApplicationInitializer types detected on classpath
11-Mar-2025 18:40:04.929 INFO [main] org.apache.catalina.core.ApplicationContext.log Initializing Spring DispatcherServlet 'dispatcher'
11-Mar-2025 18:40:06.817 INFO [main] org.apache.catalina.core.ApplicationContext.log ContextListener: contextInitialized()
11-Mar-2025 18:40:06.818 INFO [main] org.apache.catalina.core.ApplicationContext.log SessionListener: contextInitialized()
11-Mar-2025 18:40:06.819 INFO [main] org.apache.catalina.core.ApplicationContext.log ContextListener: attributeAdded('StockTicker', 'async.Stockticker@513cd96f')
11-Mar-2025 20:53:03.030 INFO [main] org.apache.catalina.core.ApplicationContext.log No Spring WebApplicationInitializer types detected on classpath
11-Mar-2025 20:53:03.175 INFO [main] org.apache.catalina.core.ApplicationContext.log Initializing Spring DispatcherServlet 'dispatcher'
11-Mar-2025 20:53:04.992 INFO [main] org.apache.catalina.core.ApplicationContext.log ContextListener: contextInitialized()
11-Mar-2025 20:53:04.993 INFO [main] org.apache.catalina.core.ApplicationContext.log SessionListener: contextInitialized()
11-Mar-2025 20:53:04.995 INFO [main] org.apache.catalina.core.ApplicationContext.log ContextListener: attributeAdded('StockTicker', 'async.Stockticker@513cd96f')
11-Mar-2025 20:56:36.325 INFO [main] org.apache.catalina.core.ApplicationContext.log Destroying Spring FrameworkServlet 'dispatcher'
11-Mar-2025 20:56:36.332 INFO [main] org.apache.catalina.core.ApplicationContext.log SessionListener: contextDestroyed()
11-Mar-2025 20:56:36.332 INFO [main] org.apache.catalina.core.ApplicationContext.log ContextListener: contextDestroyed()
11-Mar-2025 20:56:45.448 INFO [main] org.apache.catalina.core.ApplicationContext.log No Spring WebApplicationInitializer types detected on classpath
11-Mar-2025 20:56:45.629 INFO [main] org.apache.catalina.core.ApplicationContext.log Initializing Spring DispatcherServlet 'dispatcher'
11-Mar-2025 20:56:47.867 INFO [main] org.apache.catalina.core.ApplicationContext.log ContextListener: contextInitialized()
11-Mar-2025 20:56:47.867 INFO [main] org.apache.catalina.core.ApplicationContext.log SessionListener: contextInitialized()
11-Mar-2025 20:56:47.868 INFO [main] org.apache.catalina.core.ApplicationContext.log ContextListener: attributeAdded('StockTicker', 'async.Stockticker@477dc93')
11-Mar-2025 23:06:45.364 INFO [main] org.apache.catalina.core.ApplicationContext.log Destroying Spring FrameworkServlet 'dispatcher'
11-Mar-2025 23:06:45.373 INFO [main] org.apache.catalina.core.ApplicationContext.log SessionListener: contextDestroyed()
11-Mar-2025 23:06:45.373 INFO [main] org.apache.catalina.core.ApplicationContext.log ContextListener: contextDestroyed()
