17-Mar-2025 05:08:55.195 INFO [main] org.apache.catalina.core.ApplicationContext.log No Spring WebApplicationInitializer types detected on classpath
17-Mar-2025 05:08:55.401 INFO [main] org.apache.catalina.core.ApplicationContext.log Initializing Spring DispatcherServlet 'dispatcher'
17-Mar-2025 05:08:57.420 INFO [main] org.apache.catalina.core.ApplicationContext.log ContextListener: contextInitialized()
17-Mar-2025 05:08:57.420 INFO [main] org.apache.catalina.core.ApplicationContext.log SessionListener: contextInitialized()
17-Mar-2025 05:08:57.421 INFO [main] org.apache.catalina.core.ApplicationContext.log ContextListener: attributeAdded('StockTicker', 'async.Stockticker@3204146d')
17-Mar-2025 05:12:24.180 INFO [main] org.apache.catalina.core.ApplicationContext.log Destroying Spring FrameworkServlet 'dispatcher'
17-Mar-2025 05:12:24.187 INFO [main] org.apache.catalina.core.ApplicationContext.log SessionListener: contextDestroyed()
17-Mar-2025 05:12:24.187 INFO [main] org.apache.catalina.core.ApplicationContext.log ContextListener: contextDestroyed()
17-Mar-2025 05:12:33.449 INFO [main] org.apache.catalina.core.ApplicationContext.log No Spring WebApplicationInitializer types detected on classpath
17-Mar-2025 05:12:33.674 INFO [main] org.apache.catalina.core.ApplicationContext.log Initializing Spring DispatcherServlet 'dispatcher'
17-Mar-2025 05:12:35.941 INFO [main] org.apache.catalina.core.ApplicationContext.log ContextListener: contextInitialized()
17-Mar-2025 05:12:35.941 INFO [main] org.apache.catalina.core.ApplicationContext.log SessionListener: contextInitialized()
17-Mar-2025 05:12:35.942 INFO [main] org.apache.catalina.core.ApplicationContext.log ContextListener: attributeAdded('StockTicker', 'async.Stockticker@208ce928')
17-Mar-2025 05:16:36.079 INFO [Catalina-utility-1] org.apache.catalina.core.ApplicationContext.log Destroying Spring FrameworkServlet 'dispatcher'
17-Mar-2025 05:16:37.386 INFO [Catalina-utility-1] org.apache.catalina.core.ApplicationContext.log No Spring WebApplicationInitializer types detected on classpath
17-Mar-2025 05:16:37.579 INFO [Catalina-utility-1] org.apache.catalina.core.ApplicationContext.log Initializing Spring DispatcherServlet 'dispatcher'
17-Mar-2025 05:19:58.757 INFO [Catalina-utility-1] org.apache.catalina.core.ApplicationContext.log Destroying Spring FrameworkServlet 'dispatcher'
17-Mar-2025 05:19:59.743 INFO [Catalina-utility-1] org.apache.catalina.core.ApplicationContext.log No Spring WebApplicationInitializer types detected on classpath
17-Mar-2025 05:19:59.835 INFO [Catalina-utility-1] org.apache.catalina.core.ApplicationContext.log Initializing Spring DispatcherServlet 'dispatcher'
17-Mar-2025 05:36:38.112 INFO [main] org.apache.catalina.core.ApplicationContext.log SessionListener: contextDestroyed()
17-Mar-2025 05:36:38.112 INFO [main] org.apache.catalina.core.ApplicationContext.log ContextListener: contextDestroyed()
17-Mar-2025 05:36:38.118 INFO [main] org.apache.catalina.core.ApplicationContext.log Destroying Spring FrameworkServlet 'dispatcher'
17-Mar-2025 05:37:05.191 INFO [main] org.apache.catalina.core.ApplicationContext.log No Spring WebApplicationInitializer types detected on classpath
17-Mar-2025 05:37:05.391 INFO [main] org.apache.catalina.core.ApplicationContext.log Initializing Spring DispatcherServlet 'dispatcher'
17-Mar-2025 05:37:07.690 INFO [main] org.apache.catalina.core.ApplicationContext.log ContextListener: contextInitialized()
17-Mar-2025 05:37:07.691 INFO [main] org.apache.catalina.core.ApplicationContext.log SessionListener: contextInitialized()
17-Mar-2025 05:37:07.693 INFO [main] org.apache.catalina.core.ApplicationContext.log ContextListener: attributeAdded('StockTicker', 'async.Stockticker@fd8513b')
17-Mar-2025 05:42:26.242 INFO [main] org.apache.catalina.core.ApplicationContext.log Destroying Spring FrameworkServlet 'dispatcher'
17-Mar-2025 05:42:26.249 INFO [main] org.apache.catalina.core.ApplicationContext.log SessionListener: contextDestroyed()
17-Mar-2025 05:42:26.249 INFO [main] org.apache.catalina.core.ApplicationContext.log ContextListener: contextDestroyed()
17-Mar-2025 05:42:35.452 INFO [main] org.apache.catalina.core.ApplicationContext.log No Spring WebApplicationInitializer types detected on classpath
17-Mar-2025 05:42:35.629 INFO [main] org.apache.catalina.core.ApplicationContext.log Initializing Spring DispatcherServlet 'dispatcher'
17-Mar-2025 05:42:37.319 INFO [main] org.apache.catalina.core.ApplicationContext.log ContextListener: contextInitialized()
17-Mar-2025 05:42:37.319 INFO [main] org.apache.catalina.core.ApplicationContext.log SessionListener: contextInitialized()
17-Mar-2025 05:42:37.320 INFO [main] org.apache.catalina.core.ApplicationContext.log ContextListener: attributeAdded('StockTicker', 'async.Stockticker@3204146d')
17-Mar-2025 05:49:22.224 INFO [main] org.apache.catalina.core.ApplicationContext.log Destroying Spring FrameworkServlet 'dispatcher'
17-Mar-2025 05:49:22.232 INFO [main] org.apache.catalina.core.ApplicationContext.log SessionListener: contextDestroyed()
17-Mar-2025 05:49:22.232 INFO [main] org.apache.catalina.core.ApplicationContext.log ContextListener: contextDestroyed()
17-Mar-2025 05:49:31.480 INFO [main] org.apache.catalina.core.ApplicationContext.log No Spring WebApplicationInitializer types detected on classpath
17-Mar-2025 05:49:31.635 INFO [main] org.apache.catalina.core.ApplicationContext.log Initializing Spring DispatcherServlet 'dispatcher'
17-Mar-2025 05:49:34.104 INFO [main] org.apache.catalina.core.ApplicationContext.log ContextListener: contextInitialized()
17-Mar-2025 05:49:34.105 INFO [main] org.apache.catalina.core.ApplicationContext.log SessionListener: contextInitialized()
17-Mar-2025 05:49:34.106 INFO [main] org.apache.catalina.core.ApplicationContext.log ContextListener: attributeAdded('StockTicker', 'async.Stockticker@6d43c881')
17-Mar-2025 07:59:37.358 INFO [main] org.apache.catalina.core.ApplicationContext.log Destroying Spring FrameworkServlet 'dispatcher'
17-Mar-2025 07:59:37.365 INFO [main] org.apache.catalina.core.ApplicationContext.log SessionListener: contextDestroyed()
17-Mar-2025 07:59:37.365 INFO [main] org.apache.catalina.core.ApplicationContext.log ContextListener: contextDestroyed()
