12-Mar-2025 09:34:10.241 INFO [main] org.apache.catalina.core.ApplicationContext.log No Spring WebApplicationInitializer types detected on classpath
12-Mar-2025 09:34:10.519 INFO [main] org.apache.catalina.core.ApplicationContext.log Initializing Spring DispatcherServlet 'dispatcher'
12-Mar-2025 09:34:13.079 INFO [main] org.apache.catalina.core.ApplicationContext.log ContextListener: contextInitialized()
12-Mar-2025 09:34:13.079 INFO [main] org.apache.catalina.core.ApplicationContext.log SessionListener: contextInitialized()
12-Mar-2025 09:34:13.081 INFO [main] org.apache.catalina.core.ApplicationContext.log ContextListener: attributeAdded('StockTicker', 'async.Stockticker@179e8859')
12-Mar-2025 09:35:25.930 SEVERE [http-nio-8080-exec-1] org.apache.catalina.core.StandardWrapperValve.invoke Servlet.service() для сервлета [dispatcher] в контексте с путем [/blog] выбросил исключение [Request processing failed: java.lang.IllegalStateException: Cannot resolve parameter names for constructor ru.yandex.practicum.dto.CreateCommentDto(java.lang.String,java.lang.Integer)] с первопричиной
	java.lang.IllegalStateException: Cannot resolve parameter names for constructor ru.yandex.practicum.dto.CreateCommentDto(java.lang.String,java.lang.Integer)
		at org.springframework.util.Assert.state(Assert.java:101)
		at org.springframework.beans.BeanUtils.getParameterNames(BeanUtils.java:671)
		at org.springframework.validation.DataBinder.createObject(DataBinder.java:938)
		at org.springframework.validation.DataBinder.construct(DataBinder.java:909)
		at org.springframework.web.bind.ServletRequestDataBinder.construct(ServletRequestDataBinder.java:116)
		at org.springframework.web.servlet.mvc.method.annotation.ServletModelAttributeMethodProcessor.constructAttribute(ServletModelAttributeMethodProcessor.java:157)
		at org.springframework.web.method.annotation.ModelAttributeMethodProcessor.resolveArgument(ModelAttributeMethodProcessor.java:148)
		at org.springframework.web.method.support.HandlerMethodArgumentResolverComposite.resolveArgument(HandlerMethodArgumentResolverComposite.java:122)
		at org.springframework.web.method.support.InvocableHandlerMethod.getMethodArgumentValues(InvocableHandlerMethod.java:226)
		at org.springframework.web.method.support.InvocableHandlerMethod.invokeForRequest(InvocableHandlerMethod.java:180)
		at org.springframework.web.servlet.mvc.method.annotation.ServletInvocableHandlerMethod.invokeAndHandle(ServletInvocableHandlerMethod.java:118)
		at org.springframework.web.servlet.mvc.method.annotation.RequestMappingHandlerAdapter.invokeHandlerMethod(RequestMappingHandlerAdapter.java:986)
		at org.springframework.web.servlet.mvc.method.annotation.RequestMappingHandlerAdapter.handleInternal(RequestMappingHandlerAdapter.java:891)
		at org.springframework.web.servlet.mvc.method.AbstractHandlerMethodAdapter.handle(AbstractHandlerMethodAdapter.java:87)
		at org.springframework.web.servlet.DispatcherServlet.doDispatch(DispatcherServlet.java:1088)
		at org.springframework.web.servlet.DispatcherServlet.doService(DispatcherServlet.java:978)
		at org.springframework.web.servlet.FrameworkServlet.processRequest(FrameworkServlet.java:1014)
		at org.springframework.web.servlet.FrameworkServlet.doPost(FrameworkServlet.java:914)
		at jakarta.servlet.http.HttpServlet.service(HttpServlet.java:645)
		at org.springframework.web.servlet.FrameworkServlet.service(FrameworkServlet.java:885)
		at jakarta.servlet.http.HttpServlet.service(HttpServlet.java:716)
		at org.apache.catalina.core.ApplicationFilterChain.doFilter(ApplicationFilterChain.java:130)
		at org.apache.tomcat.websocket.server.WsFilter.doFilter(WsFilter.java:51)
		at org.apache.catalina.core.ApplicationFilterChain.doFilter(ApplicationFilterChain.java:109)
		at org.apache.catalina.core.StandardWrapperValve.invoke(StandardWrapperValve.java:167)
		at org.apache.catalina.core.StandardContextValve.invoke(StandardContextValve.java:79)
		at org.apache.catalina.authenticator.AuthenticatorBase.invoke(AuthenticatorBase.java:483)
		at org.apache.catalina.core.StandardHostValve.invoke(StandardHostValve.java:115)
		at org.apache.catalina.valves.ErrorReportValve.invoke(ErrorReportValve.java:93)
		at org.apache.catalina.valves.AbstractAccessLogValve.invoke(AbstractAccessLogValve.java:663)
		at org.apache.catalina.core.StandardEngineValve.invoke(StandardEngineValve.java:74)
		at org.apache.catalina.connector.CoyoteAdapter.service(CoyoteAdapter.java:342)
		at org.apache.coyote.http11.Http11Processor.service(Http11Processor.java:395)
		at org.apache.coyote.AbstractProcessorLight.process(AbstractProcessorLight.java:63)
		at org.apache.coyote.AbstractProtocol$ConnectionHandler.process(AbstractProtocol.java:905)
		at org.apache.tomcat.util.net.NioEndpoint$SocketProcessor.doRun(NioEndpoint.java:1746)
		at org.apache.tomcat.util.net.SocketProcessorBase.run(SocketProcessorBase.java:52)
		at org.apache.tomcat.util.threads.ThreadPoolExecutor.runWorker(ThreadPoolExecutor.java:1148)
		at org.apache.tomcat.util.threads.ThreadPoolExecutor$Worker.run(ThreadPoolExecutor.java:636)
		at org.apache.tomcat.util.threads.TaskThread$WrappingRunnable.run(TaskThread.java:63)
		at java.base/java.lang.Thread.run(Thread.java:1583)
12-Mar-2025 09:42:33.284 INFO [main] org.apache.catalina.core.ApplicationContext.log Destroying Spring FrameworkServlet 'dispatcher'
12-Mar-2025 09:42:33.292 INFO [main] org.apache.catalina.core.ApplicationContext.log SessionListener: contextDestroyed()
12-Mar-2025 09:42:33.292 INFO [main] org.apache.catalina.core.ApplicationContext.log ContextListener: contextDestroyed()
12-Mar-2025 09:42:41.604 INFO [main] org.apache.catalina.core.ApplicationContext.log No Spring WebApplicationInitializer types detected on classpath
12-Mar-2025 09:42:42.022 INFO [main] org.apache.catalina.core.ApplicationContext.log Initializing Spring DispatcherServlet 'dispatcher'
12-Mar-2025 09:42:44.132 INFO [main] org.apache.catalina.core.ApplicationContext.log ContextListener: contextInitialized()
12-Mar-2025 09:42:44.132 INFO [main] org.apache.catalina.core.ApplicationContext.log SessionListener: contextInitialized()
12-Mar-2025 09:42:44.133 INFO [main] org.apache.catalina.core.ApplicationContext.log ContextListener: attributeAdded('StockTicker', 'async.Stockticker@7594d189')
12-Mar-2025 09:44:26.523 INFO [main] org.apache.catalina.core.ApplicationContext.log Destroying Spring FrameworkServlet 'dispatcher'
12-Mar-2025 09:44:26.531 INFO [main] org.apache.catalina.core.ApplicationContext.log SessionListener: contextDestroyed()
12-Mar-2025 09:44:26.531 INFO [main] org.apache.catalina.core.ApplicationContext.log ContextListener: contextDestroyed()
12-Mar-2025 09:44:36.038 INFO [main] org.apache.catalina.core.ApplicationContext.log No Spring WebApplicationInitializer types detected on classpath
12-Mar-2025 09:44:36.196 INFO [main] org.apache.catalina.core.ApplicationContext.log Initializing Spring DispatcherServlet 'dispatcher'
12-Mar-2025 09:44:38.415 INFO [main] org.apache.catalina.core.ApplicationContext.log ContextListener: contextInitialized()
12-Mar-2025 09:44:38.416 INFO [main] org.apache.catalina.core.ApplicationContext.log SessionListener: contextInitialized()
12-Mar-2025 09:44:38.417 INFO [main] org.apache.catalina.core.ApplicationContext.log ContextListener: attributeAdded('StockTicker', 'async.Stockticker@4c140b12')
12-Mar-2025 09:50:44.217 INFO [main] org.apache.catalina.core.ApplicationContext.log Destroying Spring FrameworkServlet 'dispatcher'
12-Mar-2025 09:50:44.225 INFO [main] org.apache.catalina.core.ApplicationContext.log SessionListener: contextDestroyed()
12-Mar-2025 09:50:44.225 INFO [main] org.apache.catalina.core.ApplicationContext.log ContextListener: contextDestroyed()
12-Mar-2025 09:50:55.705 INFO [main] org.apache.catalina.core.ApplicationContext.log No Spring WebApplicationInitializer types detected on classpath
12-Mar-2025 09:50:55.875 INFO [main] org.apache.catalina.core.ApplicationContext.log Initializing Spring DispatcherServlet 'dispatcher'
12-Mar-2025 09:50:58.106 INFO [main] org.apache.catalina.core.ApplicationContext.log ContextListener: contextInitialized()
12-Mar-2025 09:50:58.106 INFO [main] org.apache.catalina.core.ApplicationContext.log SessionListener: contextInitialized()
12-Mar-2025 09:50:58.107 INFO [main] org.apache.catalina.core.ApplicationContext.log ContextListener: attributeAdded('StockTicker', 'async.Stockticker@4c140b12')
12-Mar-2025 09:57:00.704 INFO [main] org.apache.catalina.core.ApplicationContext.log Destroying Spring FrameworkServlet 'dispatcher'
12-Mar-2025 09:57:00.712 INFO [main] org.apache.catalina.core.ApplicationContext.log SessionListener: contextDestroyed()
12-Mar-2025 09:57:00.712 INFO [main] org.apache.catalina.core.ApplicationContext.log ContextListener: contextDestroyed()
12-Mar-2025 09:57:09.626 INFO [main] org.apache.catalina.core.ApplicationContext.log No Spring WebApplicationInitializer types detected on classpath
12-Mar-2025 09:57:09.806 INFO [main] org.apache.catalina.core.ApplicationContext.log Initializing Spring DispatcherServlet 'dispatcher'
12-Mar-2025 09:57:12.313 INFO [main] org.apache.catalina.core.ApplicationContext.log ContextListener: contextInitialized()
12-Mar-2025 09:57:12.313 INFO [main] org.apache.catalina.core.ApplicationContext.log SessionListener: contextInitialized()
12-Mar-2025 09:57:12.314 INFO [main] org.apache.catalina.core.ApplicationContext.log ContextListener: attributeAdded('StockTicker', 'async.Stockticker@44a7a331')
12-Mar-2025 09:57:21.340 SEVERE [http-nio-8080-exec-7] org.apache.catalina.core.StandardWrapperValve.invoke Servlet.service() для сервлета [dispatcher] в контексте с путем [/blog] выбросил исключение [Request processing failed: org.springframework.dao.DataIntegrityViolationException: PreparedStatementCallback; SQL [INSERT INTO comment(post_comment, post_id)
VALUES
(?, ?);
]; ОШИБКА: значение NULL в столбце "post_id" отношения "comment" нарушает ограничение NOT NULL
  Подробности: Ошибочная строка содержит (4, ascvDVD, null).] с первопричиной
	org.postgresql.util.PSQLException: ОШИБКА: значение NULL в столбце "post_id" отношения "comment" нарушает ограничение NOT NULL
  Подробности: Ошибочная строка содержит (4, ascvDVD, null).
		at org.postgresql.core.v3.QueryExecutorImpl.receiveErrorResponse(QueryExecutorImpl.java:2733)
		at org.postgresql.core.v3.QueryExecutorImpl.processResults(QueryExecutorImpl.java:2420)
		at org.postgresql.core.v3.QueryExecutorImpl.execute(QueryExecutorImpl.java:372)
		at org.postgresql.jdbc.PgStatement.executeInternal(PgStatement.java:517)
		at org.postgresql.jdbc.PgStatement.execute(PgStatement.java:434)
		at org.postgresql.jdbc.PgPreparedStatement.executeWithFlags(PgPreparedStatement.java:194)
		at org.postgresql.jdbc.PgPreparedStatement.executeUpdate(PgPreparedStatement.java:155)
		at org.springframework.jdbc.core.JdbcTemplate.lambda$update$2(JdbcTemplate.java:977)
		at org.springframework.jdbc.core.JdbcTemplate.execute(JdbcTemplate.java:658)
		at org.springframework.jdbc.core.JdbcTemplate.update(JdbcTemplate.java:972)
		at org.springframework.jdbc.core.JdbcTemplate.update(JdbcTemplate.java:1016)
		at org.springframework.jdbc.core.JdbcTemplate.update(JdbcTemplate.java:1026)
		at ru.yandex.practicum.repository.PostRepositoryImpl.saveComment(PostRepositoryImpl.java:192)
		at ru.yandex.practicum.service.PostServiceImpl.saveComment(PostServiceImpl.java:99)
		at ru.yandex.practicum.controller.PostsFeedController.saveComment(PostsFeedController.java:55)
		at java.base/jdk.internal.reflect.DirectMethodHandleAccessor.invoke(DirectMethodHandleAccessor.java:103)
		at java.base/java.lang.reflect.Method.invoke(Method.java:580)
		at org.springframework.web.method.support.InvocableHandlerMethod.doInvoke(InvocableHandlerMethod.java:257)
		at org.springframework.web.method.support.InvocableHandlerMethod.invokeForRequest(InvocableHandlerMethod.java:190)
		at org.springframework.web.servlet.mvc.method.annotation.ServletInvocableHandlerMethod.invokeAndHandle(ServletInvocableHandlerMethod.java:118)
		at org.springframework.web.servlet.mvc.method.annotation.RequestMappingHandlerAdapter.invokeHandlerMethod(RequestMappingHandlerAdapter.java:986)
		at org.springframework.web.servlet.mvc.method.annotation.RequestMappingHandlerAdapter.handleInternal(RequestMappingHandlerAdapter.java:891)
		at org.springframework.web.servlet.mvc.method.AbstractHandlerMethodAdapter.handle(AbstractHandlerMethodAdapter.java:87)
		at org.springframework.web.servlet.DispatcherServlet.doDispatch(DispatcherServlet.java:1088)
		at org.springframework.web.servlet.DispatcherServlet.doService(DispatcherServlet.java:978)
		at org.springframework.web.servlet.FrameworkServlet.processRequest(FrameworkServlet.java:1014)
		at org.springframework.web.servlet.FrameworkServlet.doPost(FrameworkServlet.java:914)
		at jakarta.servlet.http.HttpServlet.service(HttpServlet.java:645)
		at org.springframework.web.servlet.FrameworkServlet.service(FrameworkServlet.java:885)
		at jakarta.servlet.http.HttpServlet.service(HttpServlet.java:716)
		at org.apache.catalina.core.ApplicationFilterChain.doFilter(ApplicationFilterChain.java:130)
		at org.apache.tomcat.websocket.server.WsFilter.doFilter(WsFilter.java:51)
		at org.apache.catalina.core.ApplicationFilterChain.doFilter(ApplicationFilterChain.java:109)
		at org.apache.catalina.core.StandardWrapperValve.invoke(StandardWrapperValve.java:167)
		at org.apache.catalina.core.StandardContextValve.invoke(StandardContextValve.java:79)
		at org.apache.catalina.authenticator.AuthenticatorBase.invoke(AuthenticatorBase.java:483)
		at org.apache.catalina.core.StandardHostValve.invoke(StandardHostValve.java:115)
		at org.apache.catalina.valves.ErrorReportValve.invoke(ErrorReportValve.java:93)
		at org.apache.catalina.valves.AbstractAccessLogValve.invoke(AbstractAccessLogValve.java:663)
		at org.apache.catalina.core.StandardEngineValve.invoke(StandardEngineValve.java:74)
		at org.apache.catalina.connector.CoyoteAdapter.service(CoyoteAdapter.java:342)
		at org.apache.coyote.http11.Http11Processor.service(Http11Processor.java:395)
		at org.apache.coyote.AbstractProcessorLight.process(AbstractProcessorLight.java:63)
		at org.apache.coyote.AbstractProtocol$ConnectionHandler.process(AbstractProtocol.java:905)
		at org.apache.tomcat.util.net.NioEndpoint$SocketProcessor.doRun(NioEndpoint.java:1746)
		at org.apache.tomcat.util.net.SocketProcessorBase.run(SocketProcessorBase.java:52)
		at org.apache.tomcat.util.threads.ThreadPoolExecutor.runWorker(ThreadPoolExecutor.java:1148)
		at org.apache.tomcat.util.threads.ThreadPoolExecutor$Worker.run(ThreadPoolExecutor.java:636)
		at org.apache.tomcat.util.threads.TaskThread$WrappingRunnable.run(TaskThread.java:63)
		at java.base/java.lang.Thread.run(Thread.java:1583)
12-Mar-2025 09:58:40.459 INFO [main] org.apache.catalina.core.ApplicationContext.log Destroying Spring FrameworkServlet 'dispatcher'
12-Mar-2025 09:58:40.468 INFO [main] org.apache.catalina.core.ApplicationContext.log SessionListener: contextDestroyed()
12-Mar-2025 09:58:40.468 INFO [main] org.apache.catalina.core.ApplicationContext.log ContextListener: contextDestroyed()
12-Mar-2025 09:58:48.582 INFO [main] org.apache.catalina.core.ApplicationContext.log No Spring WebApplicationInitializer types detected on classpath
12-Mar-2025 09:58:48.863 INFO [main] org.apache.catalina.core.ApplicationContext.log Initializing Spring DispatcherServlet 'dispatcher'
12-Mar-2025 09:58:50.847 INFO [main] org.apache.catalina.core.ApplicationContext.log ContextListener: contextInitialized()
12-Mar-2025 09:58:50.847 INFO [main] org.apache.catalina.core.ApplicationContext.log SessionListener: contextInitialized()
12-Mar-2025 09:58:50.848 INFO [main] org.apache.catalina.core.ApplicationContext.log ContextListener: attributeAdded('StockTicker', 'async.Stockticker@44a7a331')
12-Mar-2025 10:01:12.889 INFO [main] org.apache.catalina.core.ApplicationContext.log Destroying Spring FrameworkServlet 'dispatcher'
12-Mar-2025 10:01:12.896 INFO [main] org.apache.catalina.core.ApplicationContext.log SessionListener: contextDestroyed()
12-Mar-2025 10:01:12.896 INFO [main] org.apache.catalina.core.ApplicationContext.log ContextListener: contextDestroyed()
12-Mar-2025 10:01:21.309 INFO [main] org.apache.catalina.core.ApplicationContext.log No Spring WebApplicationInitializer types detected on classpath
12-Mar-2025 10:01:21.473 INFO [main] org.apache.catalina.core.ApplicationContext.log Initializing Spring DispatcherServlet 'dispatcher'
12-Mar-2025 10:01:23.173 INFO [main] org.apache.catalina.core.ApplicationContext.log ContextListener: contextInitialized()
12-Mar-2025 10:01:23.173 INFO [main] org.apache.catalina.core.ApplicationContext.log SessionListener: contextInitialized()
12-Mar-2025 10:01:23.174 INFO [main] org.apache.catalina.core.ApplicationContext.log ContextListener: attributeAdded('StockTicker', 'async.Stockticker@4c140b12')
12-Mar-2025 10:23:41.271 INFO [main] org.apache.catalina.core.ApplicationContext.log Destroying Spring FrameworkServlet 'dispatcher'
12-Mar-2025 10:23:41.278 INFO [main] org.apache.catalina.core.ApplicationContext.log SessionListener: contextDestroyed()
12-Mar-2025 10:23:41.278 INFO [main] org.apache.catalina.core.ApplicationContext.log ContextListener: contextDestroyed()
12-Mar-2025 10:23:50.910 INFO [main] org.apache.catalina.core.ApplicationContext.log No Spring WebApplicationInitializer types detected on classpath
12-Mar-2025 10:23:51.064 INFO [main] org.apache.catalina.core.ApplicationContext.log Initializing Spring DispatcherServlet 'dispatcher'
12-Mar-2025 10:23:53.262 INFO [main] org.apache.catalina.core.ApplicationContext.log ContextListener: contextInitialized()
12-Mar-2025 10:23:53.262 INFO [main] org.apache.catalina.core.ApplicationContext.log SessionListener: contextInitialized()
12-Mar-2025 10:23:53.263 INFO [main] org.apache.catalina.core.ApplicationContext.log ContextListener: attributeAdded('StockTicker', 'async.Stockticker@4c140b12')
12-Mar-2025 10:35:31.718 INFO [main] org.apache.catalina.core.ApplicationContext.log Destroying Spring FrameworkServlet 'dispatcher'
12-Mar-2025 10:35:31.726 INFO [main] org.apache.catalina.core.ApplicationContext.log SessionListener: contextDestroyed()
12-Mar-2025 10:35:31.727 INFO [main] org.apache.catalina.core.ApplicationContext.log ContextListener: contextDestroyed()
12-Mar-2025 10:35:40.208 INFO [main] org.apache.catalina.core.ApplicationContext.log No Spring WebApplicationInitializer types detected on classpath
12-Mar-2025 10:35:40.372 INFO [main] org.apache.catalina.core.ApplicationContext.log Initializing Spring DispatcherServlet 'dispatcher'
12-Mar-2025 10:35:42.156 INFO [main] org.apache.catalina.core.ApplicationContext.log ContextListener: contextInitialized()
12-Mar-2025 10:35:42.156 INFO [main] org.apache.catalina.core.ApplicationContext.log SessionListener: contextInitialized()
12-Mar-2025 10:35:42.157 INFO [main] org.apache.catalina.core.ApplicationContext.log ContextListener: attributeAdded('StockTicker', 'async.Stockticker@4c140b12')
12-Mar-2025 10:41:37.065 INFO [main] org.apache.catalina.core.ApplicationContext.log Destroying Spring FrameworkServlet 'dispatcher'
12-Mar-2025 10:41:37.073 INFO [main] org.apache.catalina.core.ApplicationContext.log SessionListener: contextDestroyed()
12-Mar-2025 10:41:37.073 INFO [main] org.apache.catalina.core.ApplicationContext.log ContextListener: contextDestroyed()
12-Mar-2025 10:41:46.152 INFO [main] org.apache.catalina.core.ApplicationContext.log No Spring WebApplicationInitializer types detected on classpath
12-Mar-2025 10:41:46.308 INFO [main] org.apache.catalina.core.ApplicationContext.log Initializing Spring DispatcherServlet 'dispatcher'
12-Mar-2025 10:41:48.077 INFO [main] org.apache.catalina.core.ApplicationContext.log ContextListener: contextInitialized()
12-Mar-2025 10:41:48.077 INFO [main] org.apache.catalina.core.ApplicationContext.log SessionListener: contextInitialized()
12-Mar-2025 10:41:48.079 INFO [main] org.apache.catalina.core.ApplicationContext.log ContextListener: attributeAdded('StockTicker', 'async.Stockticker@7594d189')
12-Mar-2025 10:44:04.128 INFO [main] org.apache.catalina.core.ApplicationContext.log Destroying Spring FrameworkServlet 'dispatcher'
12-Mar-2025 10:44:04.138 INFO [main] org.apache.catalina.core.ApplicationContext.log SessionListener: contextDestroyed()
12-Mar-2025 10:44:04.139 INFO [main] org.apache.catalina.core.ApplicationContext.log ContextListener: contextDestroyed()
12-Mar-2025 10:44:12.589 INFO [main] org.apache.catalina.core.ApplicationContext.log No Spring WebApplicationInitializer types detected on classpath
12-Mar-2025 10:44:12.765 INFO [main] org.apache.catalina.core.ApplicationContext.log Initializing Spring DispatcherServlet 'dispatcher'
12-Mar-2025 10:44:14.511 INFO [main] org.apache.catalina.core.ApplicationContext.log ContextListener: contextInitialized()
12-Mar-2025 10:44:14.511 INFO [main] org.apache.catalina.core.ApplicationContext.log SessionListener: contextInitialized()
12-Mar-2025 10:44:14.513 INFO [main] org.apache.catalina.core.ApplicationContext.log ContextListener: attributeAdded('StockTicker', 'async.Stockticker@4c140b12')
12-Mar-2025 10:45:56.206 INFO [main] org.apache.catalina.core.ApplicationContext.log Destroying Spring FrameworkServlet 'dispatcher'
12-Mar-2025 10:45:56.214 INFO [main] org.apache.catalina.core.ApplicationContext.log SessionListener: contextDestroyed()
12-Mar-2025 10:45:56.214 INFO [main] org.apache.catalina.core.ApplicationContext.log ContextListener: contextDestroyed()
12-Mar-2025 10:46:04.904 INFO [main] org.apache.catalina.core.ApplicationContext.log No Spring WebApplicationInitializer types detected on classpath
12-Mar-2025 10:46:05.105 INFO [main] org.apache.catalina.core.ApplicationContext.log Initializing Spring DispatcherServlet 'dispatcher'
12-Mar-2025 10:46:06.975 INFO [main] org.apache.catalina.core.ApplicationContext.log ContextListener: contextInitialized()
12-Mar-2025 10:46:06.975 INFO [main] org.apache.catalina.core.ApplicationContext.log SessionListener: contextInitialized()
12-Mar-2025 10:46:06.977 INFO [main] org.apache.catalina.core.ApplicationContext.log ContextListener: attributeAdded('StockTicker', 'async.Stockticker@44a7a331')
12-Mar-2025 10:48:26.221 INFO [main] org.apache.catalina.core.ApplicationContext.log Destroying Spring FrameworkServlet 'dispatcher'
12-Mar-2025 10:48:26.229 INFO [main] org.apache.catalina.core.ApplicationContext.log SessionListener: contextDestroyed()
12-Mar-2025 10:48:26.229 INFO [main] org.apache.catalina.core.ApplicationContext.log ContextListener: contextDestroyed()
12-Mar-2025 10:48:34.913 INFO [main] org.apache.catalina.core.ApplicationContext.log No Spring WebApplicationInitializer types detected on classpath
12-Mar-2025 10:48:35.114 INFO [main] org.apache.catalina.core.ApplicationContext.log Initializing Spring DispatcherServlet 'dispatcher'
12-Mar-2025 10:48:36.977 INFO [main] org.apache.catalina.core.ApplicationContext.log ContextListener: contextInitialized()
12-Mar-2025 10:48:36.977 INFO [main] org.apache.catalina.core.ApplicationContext.log SessionListener: contextInitialized()
12-Mar-2025 10:48:36.978 INFO [main] org.apache.catalina.core.ApplicationContext.log ContextListener: attributeAdded('StockTicker', 'async.Stockticker@179e8859')
12-Mar-2025 12:21:38.439 INFO [main] org.apache.catalina.core.ApplicationContext.log Destroying Spring FrameworkServlet 'dispatcher'
12-Mar-2025 12:21:38.447 INFO [main] org.apache.catalina.core.ApplicationContext.log SessionListener: contextDestroyed()
12-Mar-2025 12:21:38.448 INFO [main] org.apache.catalina.core.ApplicationContext.log ContextListener: contextDestroyed()
