16-Jan-2025 11:01:33.144 INFO [main] org.apache.catalina.core.ApplicationContext.log No Spring WebApplicationInitializer types detected on classpath
16-Jan-2025 11:01:33.337 INFO [main] org.apache.catalina.core.ApplicationContext.log Initializing Spring DispatcherServlet 'dispatcher'
16-Jan-2025 11:01:34.888 INFO [main] org.apache.catalina.core.ApplicationContext.log ContextListener: contextInitialized()
16-Jan-2025 11:01:34.888 INFO [main] org.apache.catalina.core.ApplicationContext.log SessionListener: contextInitialized()
16-Jan-2025 11:01:34.889 INFO [main] org.apache.catalina.core.ApplicationContext.log ContextListener: attributeAdded('StockTicker', 'async.Stockticker@73bd146c')
16-Jan-2025 11:02:15.575 INFO [main] org.apache.catalina.core.ApplicationContext.log Destroying Spring FrameworkServlet 'dispatcher'
16-Jan-2025 11:02:15.583 INFO [main] org.apache.catalina.core.ApplicationContext.log SessionListener: contextDestroyed()
16-Jan-2025 11:02:15.583 INFO [main] org.apache.catalina.core.ApplicationContext.log ContextListener: contextDestroyed()
16-Jan-2025 11:03:07.650 INFO [main] org.apache.catalina.core.ApplicationContext.log No Spring WebApplicationInitializer types detected on classpath
16-Jan-2025 11:03:07.800 INFO [main] org.apache.catalina.core.ApplicationContext.log Initializing Spring DispatcherServlet 'dispatcher'
16-Jan-2025 11:03:09.291 INFO [main] org.apache.catalina.core.ApplicationContext.log ContextListener: contextInitialized()
16-Jan-2025 11:03:09.292 INFO [main] org.apache.catalina.core.ApplicationContext.log SessionListener: contextInitialized()
16-Jan-2025 11:03:09.293 INFO [main] org.apache.catalina.core.ApplicationContext.log ContextListener: attributeAdded('StockTicker', 'async.Stockticker@281d3ce7')
16-Jan-2025 11:20:55.532 INFO [main] org.apache.catalina.core.ApplicationContext.log Destroying Spring FrameworkServlet 'dispatcher'
16-Jan-2025 11:20:55.540 INFO [main] org.apache.catalina.core.ApplicationContext.log SessionListener: contextDestroyed()
16-Jan-2025 11:20:55.540 INFO [main] org.apache.catalina.core.ApplicationContext.log ContextListener: contextDestroyed()
16-Jan-2025 11:21:05.421 INFO [main] org.apache.catalina.core.ApplicationContext.log No Spring WebApplicationInitializer types detected on classpath
16-Jan-2025 11:21:05.632 INFO [main] org.apache.catalina.core.ApplicationContext.log Initializing Spring DispatcherServlet 'dispatcher'
16-Jan-2025 11:21:07.283 INFO [main] org.apache.catalina.core.ApplicationContext.log ContextListener: contextInitialized()
16-Jan-2025 11:21:07.283 INFO [main] org.apache.catalina.core.ApplicationContext.log SessionListener: contextInitialized()
16-Jan-2025 11:21:07.284 INFO [main] org.apache.catalina.core.ApplicationContext.log ContextListener: attributeAdded('StockTicker', 'async.Stockticker@531ed68e')
16-Jan-2025 11:23:29.691 INFO [main] org.apache.catalina.core.ApplicationContext.log Destroying Spring FrameworkServlet 'dispatcher'
16-Jan-2025 11:23:29.701 INFO [main] org.apache.catalina.core.ApplicationContext.log SessionListener: contextDestroyed()
16-Jan-2025 11:23:29.702 INFO [main] org.apache.catalina.core.ApplicationContext.log ContextListener: contextDestroyed()
16-Jan-2025 11:23:40.335 INFO [main] org.apache.catalina.core.ApplicationContext.log No Spring WebApplicationInitializer types detected on classpath
16-Jan-2025 11:23:40.492 INFO [main] org.apache.catalina.core.ApplicationContext.log Initializing Spring DispatcherServlet 'dispatcher'
16-Jan-2025 11:23:42.054 INFO [main] org.apache.catalina.core.ApplicationContext.log ContextListener: contextInitialized()
16-Jan-2025 11:23:42.054 INFO [main] org.apache.catalina.core.ApplicationContext.log SessionListener: contextInitialized()
16-Jan-2025 11:23:42.055 INFO [main] org.apache.catalina.core.ApplicationContext.log ContextListener: attributeAdded('StockTicker', 'async.Stockticker@531ed68e')
16-Jan-2025 11:25:42.436 INFO [main] org.apache.catalina.core.ApplicationContext.log Destroying Spring FrameworkServlet 'dispatcher'
16-Jan-2025 11:25:42.449 INFO [main] org.apache.catalina.core.ApplicationContext.log SessionListener: contextDestroyed()
16-Jan-2025 11:25:42.449 INFO [main] org.apache.catalina.core.ApplicationContext.log ContextListener: contextDestroyed()
16-Jan-2025 11:25:53.671 INFO [main] org.apache.catalina.core.ApplicationContext.log No Spring WebApplicationInitializer types detected on classpath
16-Jan-2025 11:25:53.818 INFO [main] org.apache.catalina.core.ApplicationContext.log Initializing Spring DispatcherServlet 'dispatcher'
16-Jan-2025 11:25:55.347 INFO [main] org.apache.catalina.core.ApplicationContext.log ContextListener: contextInitialized()
16-Jan-2025 11:25:55.347 INFO [main] org.apache.catalina.core.ApplicationContext.log SessionListener: contextInitialized()
16-Jan-2025 11:25:55.349 INFO [main] org.apache.catalina.core.ApplicationContext.log ContextListener: attributeAdded('StockTicker', 'async.Stockticker@34947355')
16-Jan-2025 11:27:46.488 INFO [main] org.apache.catalina.core.ApplicationContext.log Destroying Spring FrameworkServlet 'dispatcher'
16-Jan-2025 11:27:46.498 INFO [main] org.apache.catalina.core.ApplicationContext.log SessionListener: contextDestroyed()
16-Jan-2025 11:27:46.498 INFO [main] org.apache.catalina.core.ApplicationContext.log ContextListener: contextDestroyed()
16-Jan-2025 11:27:55.993 INFO [main] org.apache.catalina.core.ApplicationContext.log No Spring WebApplicationInitializer types detected on classpath
16-Jan-2025 11:27:56.146 INFO [main] org.apache.catalina.core.ApplicationContext.log Initializing Spring DispatcherServlet 'dispatcher'
16-Jan-2025 11:27:57.660 INFO [main] org.apache.catalina.core.ApplicationContext.log ContextListener: contextInitialized()
16-Jan-2025 11:27:57.660 INFO [main] org.apache.catalina.core.ApplicationContext.log SessionListener: contextInitialized()
16-Jan-2025 11:27:57.661 INFO [main] org.apache.catalina.core.ApplicationContext.log ContextListener: attributeAdded('StockTicker', 'async.Stockticker@52dc71b2')
16-Jan-2025 11:29:54.209 INFO [main] org.apache.catalina.core.ApplicationContext.log Destroying Spring FrameworkServlet 'dispatcher'
16-Jan-2025 11:29:54.217 INFO [main] org.apache.catalina.core.ApplicationContext.log SessionListener: contextDestroyed()
16-Jan-2025 11:29:54.217 INFO [main] org.apache.catalina.core.ApplicationContext.log ContextListener: contextDestroyed()
16-Jan-2025 11:30:05.130 INFO [main] org.apache.catalina.core.ApplicationContext.log No Spring WebApplicationInitializer types detected on classpath
16-Jan-2025 11:30:05.308 INFO [main] org.apache.catalina.core.ApplicationContext.log Initializing Spring DispatcherServlet 'dispatcher'
16-Jan-2025 11:30:06.795 INFO [main] org.apache.catalina.core.ApplicationContext.log ContextListener: contextInitialized()
16-Jan-2025 11:30:06.795 INFO [main] org.apache.catalina.core.ApplicationContext.log SessionListener: contextInitialized()
16-Jan-2025 11:30:06.796 INFO [main] org.apache.catalina.core.ApplicationContext.log ContextListener: attributeAdded('StockTicker', 'async.Stockticker@52dc71b2')
16-Jan-2025 11:32:14.991 INFO [main] org.apache.catalina.core.ApplicationContext.log Destroying Spring FrameworkServlet 'dispatcher'
16-Jan-2025 11:32:14.999 INFO [main] org.apache.catalina.core.ApplicationContext.log SessionListener: contextDestroyed()
16-Jan-2025 11:32:14.999 INFO [main] org.apache.catalina.core.ApplicationContext.log ContextListener: contextDestroyed()
16-Jan-2025 11:32:26.602 INFO [main] org.apache.catalina.core.ApplicationContext.log No Spring WebApplicationInitializer types detected on classpath
16-Jan-2025 11:32:26.762 INFO [main] org.apache.catalina.core.ApplicationContext.log Initializing Spring DispatcherServlet 'dispatcher'
16-Jan-2025 11:32:28.268 INFO [main] org.apache.catalina.core.ApplicationContext.log ContextListener: contextInitialized()
16-Jan-2025 11:32:28.269 INFO [main] org.apache.catalina.core.ApplicationContext.log SessionListener: contextInitialized()
16-Jan-2025 11:32:28.270 INFO [main] org.apache.catalina.core.ApplicationContext.log ContextListener: attributeAdded('StockTicker', 'async.Stockticker@7828bc6b')
16-Jan-2025 11:36:46.218 INFO [main] org.apache.catalina.core.ApplicationContext.log Destroying Spring FrameworkServlet 'dispatcher'
16-Jan-2025 11:36:46.227 INFO [main] org.apache.catalina.core.ApplicationContext.log SessionListener: contextDestroyed()
16-Jan-2025 11:36:46.227 INFO [main] org.apache.catalina.core.ApplicationContext.log ContextListener: contextDestroyed()
16-Jan-2025 11:36:58.269 INFO [main] org.apache.catalina.core.ApplicationContext.log No Spring WebApplicationInitializer types detected on classpath
16-Jan-2025 11:36:58.427 INFO [main] org.apache.catalina.core.ApplicationContext.log Initializing Spring DispatcherServlet 'dispatcher'
16-Jan-2025 11:36:59.982 INFO [main] org.apache.catalina.core.ApplicationContext.log ContextListener: contextInitialized()
16-Jan-2025 11:36:59.982 INFO [main] org.apache.catalina.core.ApplicationContext.log SessionListener: contextInitialized()
16-Jan-2025 11:36:59.984 INFO [main] org.apache.catalina.core.ApplicationContext.log ContextListener: attributeAdded('StockTicker', 'async.Stockticker@19240b9')
16-Jan-2025 11:38:52.466 INFO [main] org.apache.catalina.core.ApplicationContext.log Destroying Spring FrameworkServlet 'dispatcher'
16-Jan-2025 11:38:52.475 INFO [main] org.apache.catalina.core.ApplicationContext.log SessionListener: contextDestroyed()
16-Jan-2025 11:38:52.475 INFO [main] org.apache.catalina.core.ApplicationContext.log ContextListener: contextDestroyed()
16-Jan-2025 11:39:01.796 INFO [main] org.apache.catalina.core.ApplicationContext.log No Spring WebApplicationInitializer types detected on classpath
16-Jan-2025 11:39:01.949 INFO [main] org.apache.catalina.core.ApplicationContext.log Initializing Spring DispatcherServlet 'dispatcher'
16-Jan-2025 11:39:03.485 INFO [main] org.apache.catalina.core.ApplicationContext.log ContextListener: contextInitialized()
16-Jan-2025 11:39:03.486 INFO [main] org.apache.catalina.core.ApplicationContext.log SessionListener: contextInitialized()
16-Jan-2025 11:39:03.487 INFO [main] org.apache.catalina.core.ApplicationContext.log ContextListener: attributeAdded('StockTicker', 'async.Stockticker@adbc3bc')
16-Jan-2025 11:40:26.171 INFO [main] org.apache.catalina.core.ApplicationContext.log Destroying Spring FrameworkServlet 'dispatcher'
16-Jan-2025 11:40:26.179 INFO [main] org.apache.catalina.core.ApplicationContext.log SessionListener: contextDestroyed()
16-Jan-2025 11:40:26.179 INFO [main] org.apache.catalina.core.ApplicationContext.log ContextListener: contextDestroyed()
16-Jan-2025 11:40:34.884 INFO [main] org.apache.catalina.core.ApplicationContext.log No Spring WebApplicationInitializer types detected on classpath
16-Jan-2025 11:40:35.031 INFO [main] org.apache.catalina.core.ApplicationContext.log Initializing Spring DispatcherServlet 'dispatcher'
16-Jan-2025 11:40:36.533 INFO [main] org.apache.catalina.core.ApplicationContext.log ContextListener: contextInitialized()
16-Jan-2025 11:40:36.534 INFO [main] org.apache.catalina.core.ApplicationContext.log SessionListener: contextInitialized()
16-Jan-2025 11:40:36.535 INFO [main] org.apache.catalina.core.ApplicationContext.log ContextListener: attributeAdded('StockTicker', 'async.Stockticker@7896e96a')
16-Jan-2025 12:06:09.411 INFO [main] org.apache.catalina.core.ApplicationContext.log Destroying Spring FrameworkServlet 'dispatcher'
16-Jan-2025 12:06:09.419 INFO [main] org.apache.catalina.core.ApplicationContext.log SessionListener: contextDestroyed()
16-Jan-2025 12:06:09.419 INFO [main] org.apache.catalina.core.ApplicationContext.log ContextListener: contextDestroyed()
16-Jan-2025 12:06:20.744 INFO [main] org.apache.catalina.core.ApplicationContext.log No Spring WebApplicationInitializer types detected on classpath
16-Jan-2025 12:06:20.913 INFO [main] org.apache.catalina.core.ApplicationContext.log Initializing Spring DispatcherServlet 'dispatcher'
16-Jan-2025 12:06:22.363 INFO [main] org.apache.catalina.core.ApplicationContext.log ContextListener: contextInitialized()
16-Jan-2025 12:06:22.363 INFO [main] org.apache.catalina.core.ApplicationContext.log SessionListener: contextInitialized()
16-Jan-2025 12:06:22.364 INFO [main] org.apache.catalina.core.ApplicationContext.log ContextListener: attributeAdded('StockTicker', 'async.Stockticker@31ecb361')
16-Jan-2025 12:15:16.557 INFO [main] org.apache.catalina.core.ApplicationContext.log Destroying Spring FrameworkServlet 'dispatcher'
16-Jan-2025 12:15:16.569 INFO [main] org.apache.catalina.core.ApplicationContext.log SessionListener: contextDestroyed()
16-Jan-2025 12:15:16.569 INFO [main] org.apache.catalina.core.ApplicationContext.log ContextListener: contextDestroyed()
16-Jan-2025 12:15:31.265 INFO [main] org.apache.catalina.core.ApplicationContext.log No Spring WebApplicationInitializer types detected on classpath
16-Jan-2025 12:15:31.407 INFO [main] org.apache.catalina.core.ApplicationContext.log Initializing Spring DispatcherServlet 'dispatcher'
16-Jan-2025 12:15:32.899 INFO [main] org.apache.catalina.core.ApplicationContext.log ContextListener: contextInitialized()
16-Jan-2025 12:15:32.899 INFO [main] org.apache.catalina.core.ApplicationContext.log SessionListener: contextInitialized()
16-Jan-2025 12:15:32.900 INFO [main] org.apache.catalina.core.ApplicationContext.log ContextListener: attributeAdded('StockTicker', 'async.Stockticker@30942f54')
16-Jan-2025 12:36:45.692 INFO [main] org.apache.catalina.core.ApplicationContext.log Destroying Spring FrameworkServlet 'dispatcher'
16-Jan-2025 12:36:45.700 INFO [main] org.apache.catalina.core.ApplicationContext.log SessionListener: contextDestroyed()
16-Jan-2025 12:36:45.700 INFO [main] org.apache.catalina.core.ApplicationContext.log ContextListener: contextDestroyed()
16-Jan-2025 12:36:55.415 INFO [main] org.apache.catalina.core.ApplicationContext.log No Spring WebApplicationInitializer types detected on classpath
16-Jan-2025 12:36:55.577 INFO [main] org.apache.catalina.core.ApplicationContext.log Initializing Spring DispatcherServlet 'dispatcher'
16-Jan-2025 12:36:57.101 INFO [main] org.apache.catalina.core.ApplicationContext.log ContextListener: contextInitialized()
16-Jan-2025 12:36:57.101 INFO [main] org.apache.catalina.core.ApplicationContext.log SessionListener: contextInitialized()
16-Jan-2025 12:36:57.102 INFO [main] org.apache.catalina.core.ApplicationContext.log ContextListener: attributeAdded('StockTicker', 'async.Stockticker@5bd191c2')
16-Jan-2025 12:37:30.831 INFO [main] org.apache.catalina.core.ApplicationContext.log Destroying Spring FrameworkServlet 'dispatcher'
16-Jan-2025 12:37:30.839 INFO [main] org.apache.catalina.core.ApplicationContext.log SessionListener: contextDestroyed()
16-Jan-2025 12:37:30.839 INFO [main] org.apache.catalina.core.ApplicationContext.log ContextListener: contextDestroyed()
16-Jan-2025 18:20:28.816 INFO [main] org.apache.catalina.core.ApplicationContext.log No Spring WebApplicationInitializer types detected on classpath
16-Jan-2025 18:20:28.966 INFO [main] org.apache.catalina.core.ApplicationContext.log Initializing Spring DispatcherServlet 'dispatcher'
16-Jan-2025 18:20:30.019 SEVERE [main] org.apache.catalina.core.ApplicationContext.log Servlet.init() для сервлета [dispatcher] выбросил исключение
	org.springframework.jdbc.datasource.init.ScriptStatementFailedException: Failed to execute SQL script statement #4 of class path resource [schema.sql]: CREATE TABLE IF NOT EXISTS "COMMENT" ( "ID" INTEGER GENERATED BY DEFAULT AS IDENTITY PRIMARY KEY, "POST_COMMENT" text[], "POST_ID" INTEGER NOT NULL, CONSTRAINT "PK_COMMENT_ID" PRIMARY KEY ("ID"), CONSTRAINT "FK_COMMENT_POST_ID" FOREIGN KEY ("POST_ID") REFERENCES "POST" ("ID") ON DELETE CASCADE )
		at org.springframework.jdbc.datasource.init.ScriptUtils.executeSqlScript(ScriptUtils.java:282)
		at org.springframework.jdbc.datasource.init.ResourceDatabasePopulator.populate(ResourceDatabasePopulator.java:254)
		at org.springframework.jdbc.datasource.init.DatabasePopulatorUtils.execute(DatabasePopulatorUtils.java:54)
		at org.springframework.jdbc.datasource.init.ResourceDatabasePopulator.execute(ResourceDatabasePopulator.java:269)
		at ru.yandex.practicum.configuration.DataSourceConfiguration.populate(DataSourceConfiguration.java:45)
		at java.base/jdk.internal.reflect.DirectMethodHandleAccessor.invoke(DirectMethodHandleAccessor.java:103)
		at java.base/java.lang.reflect.Method.invoke(Method.java:580)
		at org.springframework.context.event.ApplicationListenerMethodAdapter.doInvoke(ApplicationListenerMethodAdapter.java:382)
		at org.springframework.context.event.ApplicationListenerMethodAdapter.processEvent(ApplicationListenerMethodAdapter.java:254)
		at org.springframework.context.event.ApplicationListenerMethodAdapter.onApplicationEvent(ApplicationListenerMethodAdapter.java:173)
		at org.springframework.context.event.SimpleApplicationEventMulticaster.doInvokeListener(SimpleApplicationEventMulticaster.java:185)
		at org.springframework.context.event.SimpleApplicationEventMulticaster.invokeListener(SimpleApplicationEventMulticaster.java:178)
		at org.springframework.context.event.SimpleApplicationEventMulticaster.multicastEvent(SimpleApplicationEventMulticaster.java:156)
		at org.springframework.context.support.AbstractApplicationContext.publishEvent(AbstractApplicationContext.java:454)
		at org.springframework.context.support.AbstractApplicationContext.publishEvent(AbstractApplicationContext.java:387)
		at org.springframework.context.support.AbstractApplicationContext.finishRefresh(AbstractApplicationContext.java:1009)
		at org.springframework.context.support.AbstractApplicationContext.refresh(AbstractApplicationContext.java:630)
		at org.springframework.web.servlet.FrameworkServlet.configureAndRefreshWebApplicationContext(FrameworkServlet.java:706)
		at org.springframework.web.servlet.FrameworkServlet.createWebApplicationContext(FrameworkServlet.java:672)
		at org.springframework.web.servlet.FrameworkServlet.createWebApplicationContext(FrameworkServlet.java:720)
		at org.springframework.web.servlet.FrameworkServlet.initWebApplicationContext(FrameworkServlet.java:595)
		at org.springframework.web.servlet.FrameworkServlet.initServletBean(FrameworkServlet.java:537)
		at org.springframework.web.servlet.HttpServletBean.init(HttpServletBean.java:169)
		at jakarta.servlet.GenericServlet.init(GenericServlet.java:143)
		at jakarta.servlet.http.HttpServlet.init(HttpServlet.java:122)
		at org.apache.catalina.core.StandardWrapper.initServlet(StandardWrapper.java:817)
		at org.apache.catalina.core.StandardWrapper.loadServlet(StandardWrapper.java:787)
		at org.apache.catalina.core.StandardWrapper.load(StandardWrapper.java:691)
		at org.apache.catalina.core.StandardContext.loadOnStartup(StandardContext.java:4153)
		at org.apache.catalina.core.StandardContext.startInternal(StandardContext.java:4437)
		at org.apache.catalina.util.LifecycleBase.start(LifecycleBase.java:164)
		at org.apache.catalina.core.ContainerBase.addChild(ContainerBase.java:566)
		at org.apache.catalina.core.StandardHost.addChild(StandardHost.java:653)
		at org.apache.catalina.startup.HostConfig.deployWAR(HostConfig.java:933)
		at org.apache.catalina.startup.HostConfig$DeployWar.run(HostConfig.java:1875)
		at java.base/java.util.concurrent.Executors$RunnableAdapter.call(Executors.java:572)
		at java.base/java.util.concurrent.FutureTask.run(FutureTask.java:317)
		at org.apache.tomcat.util.threads.InlineExecutorService.execute(InlineExecutorService.java:75)
		at java.base/java.util.concurrent.AbstractExecutorService.submit(AbstractExecutorService.java:123)
		at org.apache.catalina.startup.HostConfig.deployWARs(HostConfig.java:735)
		at org.apache.catalina.startup.HostConfig.deployApps(HostConfig.java:387)
		at org.apache.catalina.startup.HostConfig.start(HostConfig.java:1593)
		at org.apache.catalina.startup.HostConfig.lifecycleEvent(HostConfig.java:267)
		at org.apache.catalina.util.LifecycleBase.fireLifecycleEvent(LifecycleBase.java:109)
		at org.apache.catalina.util.LifecycleBase.setStateInternal(LifecycleBase.java:389)
		at org.apache.catalina.util.LifecycleBase.setState(LifecycleBase.java:336)
		at org.apache.catalina.core.ContainerBase.startInternal(ContainerBase.java:743)
		at org.apache.catalina.core.StandardHost.startInternal(StandardHost.java:771)
		at org.apache.catalina.util.LifecycleBase.start(LifecycleBase.java:164)
		at org.apache.catalina.core.ContainerBase$StartChild.call(ContainerBase.java:1170)
		at org.apache.catalina.core.ContainerBase$StartChild.call(ContainerBase.java:1160)
		at java.base/java.util.concurrent.FutureTask.run(FutureTask.java:317)
		at org.apache.tomcat.util.threads.InlineExecutorService.execute(InlineExecutorService.java:75)
		at java.base/java.util.concurrent.AbstractExecutorService.submit(AbstractExecutorService.java:145)
		at org.apache.catalina.core.ContainerBase.startInternal(ContainerBase.java:716)
		at org.apache.catalina.core.StandardEngine.startInternal(StandardEngine.java:203)
		at org.apache.catalina.util.LifecycleBase.start(LifecycleBase.java:164)
		at org.apache.catalina.core.StandardService.startInternal(StandardService.java:415)
		at org.apache.catalina.util.LifecycleBase.start(LifecycleBase.java:164)
		at org.apache.catalina.core.StandardServer.startInternal(StandardServer.java:866)
		at org.apache.catalina.util.LifecycleBase.start(LifecycleBase.java:164)
		at org.apache.catalina.startup.Catalina.start(Catalina.java:759)
		at java.base/jdk.internal.reflect.DirectMethodHandleAccessor.invoke(DirectMethodHandleAccessor.java:103)
		at java.base/java.lang.reflect.Method.invoke(Method.java:580)
		at org.apache.catalina.startup.Bootstrap.start(Bootstrap.java:342)
		at org.apache.catalina.startup.Bootstrap.main(Bootstrap.java:470)
	Caused by: org.h2.jdbc.JdbcSQLSyntaxErrorException: Синтаксическая ошибка в выражении SQL "CREATE TABLE IF NOT EXISTS ""COMMENT"" ( ""ID"" INTEGER GENERATED BY DEFAULT AS IDENTITY PRIMARY KEY, ""POST_COMMENT"" text[*][], ""POST_ID"" INTEGER NOT NULL, CONSTRAINT ""PK_COMMENT_ID"" PRIMARY KEY (""ID""), CONSTRAINT ""FK_COMMENT_POST_ID"" FOREIGN KEY (""POST_ID"") REFERENCES ""POST"" (""ID"") ON DELETE CASCADE )"; ожидалось "(, ARRAY, INVISIBLE, VISIBLE, NOT NULL, NULL, AS, DEFAULT, GENERATED, ON UPDATE, NOT NULL, NULL, AUTO_INCREMENT, DEFAULT ON NULL, NULL_TO_DEFAULT, SEQUENCE, SELECTIVITY, COMMENT, CONSTRAINT, COMMENT, PRIMARY KEY, UNIQUE, NOT NULL, NULL, CHECK, REFERENCES, AUTO_INCREMENT, ,, )"
Syntax error in SQL statement "CREATE TABLE IF NOT EXISTS ""COMMENT"" ( ""ID"" INTEGER GENERATED BY DEFAULT AS IDENTITY PRIMARY KEY, ""POST_COMMENT"" text[*][], ""POST_ID"" INTEGER NOT NULL, CONSTRAINT ""PK_COMMENT_ID"" PRIMARY KEY (""ID""), CONSTRAINT ""FK_COMMENT_POST_ID"" FOREIGN KEY (""POST_ID"") REFERENCES ""POST"" (""ID"") ON DELETE CASCADE )"; expected "(, ARRAY, INVISIBLE, VISIBLE, NOT NULL, NULL, AS, DEFAULT, GENERATED, ON UPDATE, NOT NULL, NULL, AUTO_INCREMENT, DEFAULT ON NULL, NULL_TO_DEFAULT, SEQUENCE, SELECTIVITY, COMMENT, CONSTRAINT, COMMENT, PRIMARY KEY, UNIQUE, NOT NULL, NULL, CHECK, REFERENCES, AUTO_INCREMENT, ,, )"; SQL statement:
CREATE TABLE IF NOT EXISTS "COMMENT" ( "ID" INTEGER GENERATED BY DEFAULT AS IDENTITY PRIMARY KEY, "POST_COMMENT" text[], "POST_ID" INTEGER NOT NULL, CONSTRAINT "PK_COMMENT_ID" PRIMARY KEY ("ID"), CONSTRAINT "FK_COMMENT_POST_ID" FOREIGN KEY ("POST_ID") REFERENCES "POST" ("ID") ON DELETE CASCADE ) [42001-220]
		at org.h2.message.DbException.getJdbcSQLException(DbException.java:514)
		at org.h2.message.DbException.getJdbcSQLException(DbException.java:489)
		at org.h2.message.DbException.getSyntaxError(DbException.java:261)
		at org.h2.command.Parser.getSyntaxError(Parser.java:910)
		at org.h2.command.Parser.read(Parser.java:5793)
		at org.h2.command.Parser.readIfMore(Parser.java:1312)
		at org.h2.command.Parser.parseCreateTable(Parser.java:9437)
		at org.h2.command.Parser.parseCreate(Parser.java:6905)
		at org.h2.command.Parser.parsePrepared(Parser.java:771)
		at org.h2.command.Parser.parse(Parser.java:697)
		at org.h2.command.Parser.parse(Parser.java:674)
		at org.h2.command.Parser.prepareCommand(Parser.java:577)
		at org.h2.engine.SessionLocal.prepareLocal(SessionLocal.java:634)
		at org.h2.engine.SessionLocal.prepareCommand(SessionLocal.java:557)
		at org.h2.jdbc.JdbcConnection.prepareCommand(JdbcConnection.java:1116)
		at org.h2.jdbc.JdbcStatement.executeInternal(JdbcStatement.java:237)
		at org.h2.jdbc.JdbcStatement.execute(JdbcStatement.java:223)
		at org.springframework.jdbc.datasource.init.ScriptUtils.executeSqlScript(ScriptUtils.java:261)
		... 65 more
16-Jan-2025 18:20:30.019 SEVERE [main] org.apache.catalina.core.StandardContext.loadOnStartup Servlet [dispatcher] in web application [/blog] threw load() exception
	org.h2.jdbc.JdbcSQLSyntaxErrorException: Синтаксическая ошибка в выражении SQL "CREATE TABLE IF NOT EXISTS ""COMMENT"" ( ""ID"" INTEGER GENERATED BY DEFAULT AS IDENTITY PRIMARY KEY, ""POST_COMMENT"" text[*][], ""POST_ID"" INTEGER NOT NULL, CONSTRAINT ""PK_COMMENT_ID"" PRIMARY KEY (""ID""), CONSTRAINT ""FK_COMMENT_POST_ID"" FOREIGN KEY (""POST_ID"") REFERENCES ""POST"" (""ID"") ON DELETE CASCADE )"; ожидалось "(, ARRAY, INVISIBLE, VISIBLE, NOT NULL, NULL, AS, DEFAULT, GENERATED, ON UPDATE, NOT NULL, NULL, AUTO_INCREMENT, DEFAULT ON NULL, NULL_TO_DEFAULT, SEQUENCE, SELECTIVITY, COMMENT, CONSTRAINT, COMMENT, PRIMARY KEY, UNIQUE, NOT NULL, NULL, CHECK, REFERENCES, AUTO_INCREMENT, ,, )"
Syntax error in SQL statement "CREATE TABLE IF NOT EXISTS ""COMMENT"" ( ""ID"" INTEGER GENERATED BY DEFAULT AS IDENTITY PRIMARY KEY, ""POST_COMMENT"" text[*][], ""POST_ID"" INTEGER NOT NULL, CONSTRAINT ""PK_COMMENT_ID"" PRIMARY KEY (""ID""), CONSTRAINT ""FK_COMMENT_POST_ID"" FOREIGN KEY (""POST_ID"") REFERENCES ""POST"" (""ID"") ON DELETE CASCADE )"; expected "(, ARRAY, INVISIBLE, VISIBLE, NOT NULL, NULL, AS, DEFAULT, GENERATED, ON UPDATE, NOT NULL, NULL, AUTO_INCREMENT, DEFAULT ON NULL, NULL_TO_DEFAULT, SEQUENCE, SELECTIVITY, COMMENT, CONSTRAINT, COMMENT, PRIMARY KEY, UNIQUE, NOT NULL, NULL, CHECK, REFERENCES, AUTO_INCREMENT, ,, )"; SQL statement:
CREATE TABLE IF NOT EXISTS "COMMENT" ( "ID" INTEGER GENERATED BY DEFAULT AS IDENTITY PRIMARY KEY, "POST_COMMENT" text[], "POST_ID" INTEGER NOT NULL, CONSTRAINT "PK_COMMENT_ID" PRIMARY KEY ("ID"), CONSTRAINT "FK_COMMENT_POST_ID" FOREIGN KEY ("POST_ID") REFERENCES "POST" ("ID") ON DELETE CASCADE ) [42001-220]
		at org.h2.message.DbException.getJdbcSQLException(DbException.java:514)
		at org.h2.message.DbException.getJdbcSQLException(DbException.java:489)
		at org.h2.message.DbException.getSyntaxError(DbException.java:261)
		at org.h2.command.Parser.getSyntaxError(Parser.java:910)
		at org.h2.command.Parser.read(Parser.java:5793)
		at org.h2.command.Parser.readIfMore(Parser.java:1312)
		at org.h2.command.Parser.parseCreateTable(Parser.java:9437)
		at org.h2.command.Parser.parseCreate(Parser.java:6905)
		at org.h2.command.Parser.parsePrepared(Parser.java:771)
		at org.h2.command.Parser.parse(Parser.java:697)
		at org.h2.command.Parser.parse(Parser.java:674)
		at org.h2.command.Parser.prepareCommand(Parser.java:577)
		at org.h2.engine.SessionLocal.prepareLocal(SessionLocal.java:634)
		at org.h2.engine.SessionLocal.prepareCommand(SessionLocal.java:557)
		at org.h2.jdbc.JdbcConnection.prepareCommand(JdbcConnection.java:1116)
		at org.h2.jdbc.JdbcStatement.executeInternal(JdbcStatement.java:237)
		at org.h2.jdbc.JdbcStatement.execute(JdbcStatement.java:223)
		at org.springframework.jdbc.datasource.init.ScriptUtils.executeSqlScript(ScriptUtils.java:261)
		at org.springframework.jdbc.datasource.init.ResourceDatabasePopulator.populate(ResourceDatabasePopulator.java:254)
		at org.springframework.jdbc.datasource.init.DatabasePopulatorUtils.execute(DatabasePopulatorUtils.java:54)
		at org.springframework.jdbc.datasource.init.ResourceDatabasePopulator.execute(ResourceDatabasePopulator.java:269)
		at ru.yandex.practicum.configuration.DataSourceConfiguration.populate(DataSourceConfiguration.java:45)
		at java.base/jdk.internal.reflect.DirectMethodHandleAccessor.invoke(DirectMethodHandleAccessor.java:103)
		at java.base/java.lang.reflect.Method.invoke(Method.java:580)
		at org.springframework.context.event.ApplicationListenerMethodAdapter.doInvoke(ApplicationListenerMethodAdapter.java:382)
		at org.springframework.context.event.ApplicationListenerMethodAdapter.processEvent(ApplicationListenerMethodAdapter.java:254)
		at org.springframework.context.event.ApplicationListenerMethodAdapter.onApplicationEvent(ApplicationListenerMethodAdapter.java:173)
		at org.springframework.context.event.SimpleApplicationEventMulticaster.doInvokeListener(SimpleApplicationEventMulticaster.java:185)
		at org.springframework.context.event.SimpleApplicationEventMulticaster.invokeListener(SimpleApplicationEventMulticaster.java:178)
		at org.springframework.context.event.SimpleApplicationEventMulticaster.multicastEvent(SimpleApplicationEventMulticaster.java:156)
		at org.springframework.context.support.AbstractApplicationContext.publishEvent(AbstractApplicationContext.java:454)
		at org.springframework.context.support.AbstractApplicationContext.publishEvent(AbstractApplicationContext.java:387)
		at org.springframework.context.support.AbstractApplicationContext.finishRefresh(AbstractApplicationContext.java:1009)
		at org.springframework.context.support.AbstractApplicationContext.refresh(AbstractApplicationContext.java:630)
		at org.springframework.web.servlet.FrameworkServlet.configureAndRefreshWebApplicationContext(FrameworkServlet.java:706)
		at org.springframework.web.servlet.FrameworkServlet.createWebApplicationContext(FrameworkServlet.java:672)
		at org.springframework.web.servlet.FrameworkServlet.createWebApplicationContext(FrameworkServlet.java:720)
		at org.springframework.web.servlet.FrameworkServlet.initWebApplicationContext(FrameworkServlet.java:595)
		at org.springframework.web.servlet.FrameworkServlet.initServletBean(FrameworkServlet.java:537)
		at org.springframework.web.servlet.HttpServletBean.init(HttpServletBean.java:169)
		at jakarta.servlet.GenericServlet.init(GenericServlet.java:143)
		at jakarta.servlet.http.HttpServlet.init(HttpServlet.java:122)
		at org.apache.catalina.core.StandardWrapper.initServlet(StandardWrapper.java:817)
		at org.apache.catalina.core.StandardWrapper.loadServlet(StandardWrapper.java:787)
		at org.apache.catalina.core.StandardWrapper.load(StandardWrapper.java:691)
		at org.apache.catalina.core.StandardContext.loadOnStartup(StandardContext.java:4153)
		at org.apache.catalina.core.StandardContext.startInternal(StandardContext.java:4437)
		at org.apache.catalina.util.LifecycleBase.start(LifecycleBase.java:164)
		at org.apache.catalina.core.ContainerBase.addChild(ContainerBase.java:566)
		at org.apache.catalina.core.StandardHost.addChild(StandardHost.java:653)
		at org.apache.catalina.startup.HostConfig.deployWAR(HostConfig.java:933)
		at org.apache.catalina.startup.HostConfig$DeployWar.run(HostConfig.java:1875)
		at java.base/java.util.concurrent.Executors$RunnableAdapter.call(Executors.java:572)
		at java.base/java.util.concurrent.FutureTask.run(FutureTask.java:317)
		at org.apache.tomcat.util.threads.InlineExecutorService.execute(InlineExecutorService.java:75)
		at java.base/java.util.concurrent.AbstractExecutorService.submit(AbstractExecutorService.java:123)
		at org.apache.catalina.startup.HostConfig.deployWARs(HostConfig.java:735)
		at org.apache.catalina.startup.HostConfig.deployApps(HostConfig.java:387)
		at org.apache.catalina.startup.HostConfig.start(HostConfig.java:1593)
		at org.apache.catalina.startup.HostConfig.lifecycleEvent(HostConfig.java:267)
		at org.apache.catalina.util.LifecycleBase.fireLifecycleEvent(LifecycleBase.java:109)
		at org.apache.catalina.util.LifecycleBase.setStateInternal(LifecycleBase.java:389)
		at org.apache.catalina.util.LifecycleBase.setState(LifecycleBase.java:336)
		at org.apache.catalina.core.ContainerBase.startInternal(ContainerBase.java:743)
		at org.apache.catalina.core.StandardHost.startInternal(StandardHost.java:771)
		at org.apache.catalina.util.LifecycleBase.start(LifecycleBase.java:164)
		at org.apache.catalina.core.ContainerBase$StartChild.call(ContainerBase.java:1170)
		at org.apache.catalina.core.ContainerBase$StartChild.call(ContainerBase.java:1160)
		at java.base/java.util.concurrent.FutureTask.run(FutureTask.java:317)
		at org.apache.tomcat.util.threads.InlineExecutorService.execute(InlineExecutorService.java:75)
		at java.base/java.util.concurrent.AbstractExecutorService.submit(AbstractExecutorService.java:145)
		at org.apache.catalina.core.ContainerBase.startInternal(ContainerBase.java:716)
		at org.apache.catalina.core.StandardEngine.startInternal(StandardEngine.java:203)
		at org.apache.catalina.util.LifecycleBase.start(LifecycleBase.java:164)
		at org.apache.catalina.core.StandardService.startInternal(StandardService.java:415)
		at org.apache.catalina.util.LifecycleBase.start(LifecycleBase.java:164)
		at org.apache.catalina.core.StandardServer.startInternal(StandardServer.java:866)
		at org.apache.catalina.util.LifecycleBase.start(LifecycleBase.java:164)
		at org.apache.catalina.startup.Catalina.start(Catalina.java:759)
		at java.base/jdk.internal.reflect.DirectMethodHandleAccessor.invoke(DirectMethodHandleAccessor.java:103)
		at java.base/java.lang.reflect.Method.invoke(Method.java:580)
		at org.apache.catalina.startup.Bootstrap.start(Bootstrap.java:342)
		at org.apache.catalina.startup.Bootstrap.main(Bootstrap.java:470)
16-Jan-2025 18:20:30.310 INFO [main] org.apache.catalina.core.ApplicationContext.log ContextListener: contextInitialized()
16-Jan-2025 18:20:30.310 INFO [main] org.apache.catalina.core.ApplicationContext.log SessionListener: contextInitialized()
16-Jan-2025 18:20:30.311 INFO [main] org.apache.catalina.core.ApplicationContext.log ContextListener: attributeAdded('StockTicker', 'async.Stockticker@4a985388')
16-Jan-2025 18:31:25.749 INFO [main] org.apache.catalina.core.ApplicationContext.log SessionListener: contextDestroyed()
16-Jan-2025 18:31:25.749 INFO [main] org.apache.catalina.core.ApplicationContext.log ContextListener: contextDestroyed()
16-Jan-2025 18:31:51.779 INFO [main] org.apache.catalina.core.ApplicationContext.log No Spring WebApplicationInitializer types detected on classpath
16-Jan-2025 18:31:51.948 INFO [main] org.apache.catalina.core.ApplicationContext.log Initializing Spring DispatcherServlet 'dispatcher'
16-Jan-2025 18:31:53.079 SEVERE [main] org.apache.catalina.core.ApplicationContext.log Servlet.init() для сервлета [dispatcher] выбросил исключение
	org.springframework.jdbc.datasource.init.ScriptStatementFailedException: Failed to execute SQL script statement #4 of class path resource [schema.sql]: CREATE TABLE IF NOT EXISTS "COMMENT" ( "ID" INTEGER GENERATED BY DEFAULT AS IDENTITY PRIMARY KEY, "POST_COMMENT" text[], "POST_ID" INTEGER NOT NULL, CONSTRAINT "PK_COMMENT_ID" PRIMARY KEY ("ID"), CONSTRAINT "FK_COMMENT_POST_ID" FOREIGN KEY ("POST_ID") REFERENCES "POST" ("ID") ON DELETE CASCADE )
		at org.springframework.jdbc.datasource.init.ScriptUtils.executeSqlScript(ScriptUtils.java:282)
		at org.springframework.jdbc.datasource.init.ResourceDatabasePopulator.populate(ResourceDatabasePopulator.java:254)
		at org.springframework.jdbc.datasource.init.DatabasePopulatorUtils.execute(DatabasePopulatorUtils.java:54)
		at org.springframework.jdbc.datasource.init.ResourceDatabasePopulator.execute(ResourceDatabasePopulator.java:269)
		at ru.yandex.practicum.configuration.DataSourceConfiguration.populate(DataSourceConfiguration.java:45)
		at java.base/jdk.internal.reflect.DirectMethodHandleAccessor.invoke(DirectMethodHandleAccessor.java:103)
		at java.base/java.lang.reflect.Method.invoke(Method.java:580)
		at org.springframework.context.event.ApplicationListenerMethodAdapter.doInvoke(ApplicationListenerMethodAdapter.java:382)
		at org.springframework.context.event.ApplicationListenerMethodAdapter.processEvent(ApplicationListenerMethodAdapter.java:254)
		at org.springframework.context.event.ApplicationListenerMethodAdapter.onApplicationEvent(ApplicationListenerMethodAdapter.java:173)
		at org.springframework.context.event.SimpleApplicationEventMulticaster.doInvokeListener(SimpleApplicationEventMulticaster.java:185)
		at org.springframework.context.event.SimpleApplicationEventMulticaster.invokeListener(SimpleApplicationEventMulticaster.java:178)
		at org.springframework.context.event.SimpleApplicationEventMulticaster.multicastEvent(SimpleApplicationEventMulticaster.java:156)
		at org.springframework.context.support.AbstractApplicationContext.publishEvent(AbstractApplicationContext.java:454)
		at org.springframework.context.support.AbstractApplicationContext.publishEvent(AbstractApplicationContext.java:387)
		at org.springframework.context.support.AbstractApplicationContext.finishRefresh(AbstractApplicationContext.java:1009)
		at org.springframework.context.support.AbstractApplicationContext.refresh(AbstractApplicationContext.java:630)
		at org.springframework.web.servlet.FrameworkServlet.configureAndRefreshWebApplicationContext(FrameworkServlet.java:706)
		at org.springframework.web.servlet.FrameworkServlet.createWebApplicationContext(FrameworkServlet.java:672)
		at org.springframework.web.servlet.FrameworkServlet.createWebApplicationContext(FrameworkServlet.java:720)
		at org.springframework.web.servlet.FrameworkServlet.initWebApplicationContext(FrameworkServlet.java:595)
		at org.springframework.web.servlet.FrameworkServlet.initServletBean(FrameworkServlet.java:537)
		at org.springframework.web.servlet.HttpServletBean.init(HttpServletBean.java:169)
		at jakarta.servlet.GenericServlet.init(GenericServlet.java:143)
		at jakarta.servlet.http.HttpServlet.init(HttpServlet.java:122)
		at org.apache.catalina.core.StandardWrapper.initServlet(StandardWrapper.java:817)
		at org.apache.catalina.core.StandardWrapper.loadServlet(StandardWrapper.java:787)
		at org.apache.catalina.core.StandardWrapper.load(StandardWrapper.java:691)
		at org.apache.catalina.core.StandardContext.loadOnStartup(StandardContext.java:4153)
		at org.apache.catalina.core.StandardContext.startInternal(StandardContext.java:4437)
		at org.apache.catalina.util.LifecycleBase.start(LifecycleBase.java:164)
		at org.apache.catalina.core.ContainerBase.addChild(ContainerBase.java:566)
		at org.apache.catalina.core.StandardHost.addChild(StandardHost.java:653)
		at org.apache.catalina.startup.HostConfig.deployWAR(HostConfig.java:933)
		at org.apache.catalina.startup.HostConfig$DeployWar.run(HostConfig.java:1875)
		at java.base/java.util.concurrent.Executors$RunnableAdapter.call(Executors.java:572)
		at java.base/java.util.concurrent.FutureTask.run(FutureTask.java:317)
		at org.apache.tomcat.util.threads.InlineExecutorService.execute(InlineExecutorService.java:75)
		at java.base/java.util.concurrent.AbstractExecutorService.submit(AbstractExecutorService.java:123)
		at org.apache.catalina.startup.HostConfig.deployWARs(HostConfig.java:735)
		at org.apache.catalina.startup.HostConfig.deployApps(HostConfig.java:387)
		at org.apache.catalina.startup.HostConfig.start(HostConfig.java:1593)
		at org.apache.catalina.startup.HostConfig.lifecycleEvent(HostConfig.java:267)
		at org.apache.catalina.util.LifecycleBase.fireLifecycleEvent(LifecycleBase.java:109)
		at org.apache.catalina.util.LifecycleBase.setStateInternal(LifecycleBase.java:389)
		at org.apache.catalina.util.LifecycleBase.setState(LifecycleBase.java:336)
		at org.apache.catalina.core.ContainerBase.startInternal(ContainerBase.java:743)
		at org.apache.catalina.core.StandardHost.startInternal(StandardHost.java:771)
		at org.apache.catalina.util.LifecycleBase.start(LifecycleBase.java:164)
		at org.apache.catalina.core.ContainerBase$StartChild.call(ContainerBase.java:1170)
		at org.apache.catalina.core.ContainerBase$StartChild.call(ContainerBase.java:1160)
		at java.base/java.util.concurrent.FutureTask.run(FutureTask.java:317)
		at org.apache.tomcat.util.threads.InlineExecutorService.execute(InlineExecutorService.java:75)
		at java.base/java.util.concurrent.AbstractExecutorService.submit(AbstractExecutorService.java:145)
		at org.apache.catalina.core.ContainerBase.startInternal(ContainerBase.java:716)
		at org.apache.catalina.core.StandardEngine.startInternal(StandardEngine.java:203)
		at org.apache.catalina.util.LifecycleBase.start(LifecycleBase.java:164)
		at org.apache.catalina.core.StandardService.startInternal(StandardService.java:415)
		at org.apache.catalina.util.LifecycleBase.start(LifecycleBase.java:164)
		at org.apache.catalina.core.StandardServer.startInternal(StandardServer.java:866)
		at org.apache.catalina.util.LifecycleBase.start(LifecycleBase.java:164)
		at org.apache.catalina.startup.Catalina.start(Catalina.java:759)
		at java.base/jdk.internal.reflect.DirectMethodHandleAccessor.invoke(DirectMethodHandleAccessor.java:103)
		at java.base/java.lang.reflect.Method.invoke(Method.java:580)
		at org.apache.catalina.startup.Bootstrap.start(Bootstrap.java:342)
		at org.apache.catalina.startup.Bootstrap.main(Bootstrap.java:470)
	Caused by: org.h2.jdbc.JdbcSQLSyntaxErrorException: Синтаксическая ошибка в выражении SQL "CREATE TABLE IF NOT EXISTS ""COMMENT"" ( ""ID"" INTEGER GENERATED BY DEFAULT AS IDENTITY PRIMARY KEY, ""POST_COMMENT"" text[*][], ""POST_ID"" INTEGER NOT NULL, CONSTRAINT ""PK_COMMENT_ID"" PRIMARY KEY (""ID""), CONSTRAINT ""FK_COMMENT_POST_ID"" FOREIGN KEY (""POST_ID"") REFERENCES ""POST"" (""ID"") ON DELETE CASCADE )"; ожидалось "(, ARRAY, INVISIBLE, VISIBLE, NOT NULL, NULL, AS, DEFAULT, GENERATED, ON UPDATE, NOT NULL, NULL, AUTO_INCREMENT, DEFAULT ON NULL, NULL_TO_DEFAULT, SEQUENCE, SELECTIVITY, COMMENT, CONSTRAINT, COMMENT, PRIMARY KEY, UNIQUE, NOT NULL, NULL, CHECK, REFERENCES, AUTO_INCREMENT, ,, )"
Syntax error in SQL statement "CREATE TABLE IF NOT EXISTS ""COMMENT"" ( ""ID"" INTEGER GENERATED BY DEFAULT AS IDENTITY PRIMARY KEY, ""POST_COMMENT"" text[*][], ""POST_ID"" INTEGER NOT NULL, CONSTRAINT ""PK_COMMENT_ID"" PRIMARY KEY (""ID""), CONSTRAINT ""FK_COMMENT_POST_ID"" FOREIGN KEY (""POST_ID"") REFERENCES ""POST"" (""ID"") ON DELETE CASCADE )"; expected "(, ARRAY, INVISIBLE, VISIBLE, NOT NULL, NULL, AS, DEFAULT, GENERATED, ON UPDATE, NOT NULL, NULL, AUTO_INCREMENT, DEFAULT ON NULL, NULL_TO_DEFAULT, SEQUENCE, SELECTIVITY, COMMENT, CONSTRAINT, COMMENT, PRIMARY KEY, UNIQUE, NOT NULL, NULL, CHECK, REFERENCES, AUTO_INCREMENT, ,, )"; SQL statement:
CREATE TABLE IF NOT EXISTS "COMMENT" ( "ID" INTEGER GENERATED BY DEFAULT AS IDENTITY PRIMARY KEY, "POST_COMMENT" text[], "POST_ID" INTEGER NOT NULL, CONSTRAINT "PK_COMMENT_ID" PRIMARY KEY ("ID"), CONSTRAINT "FK_COMMENT_POST_ID" FOREIGN KEY ("POST_ID") REFERENCES "POST" ("ID") ON DELETE CASCADE ) [42001-220]
		at org.h2.message.DbException.getJdbcSQLException(DbException.java:514)
		at org.h2.message.DbException.getJdbcSQLException(DbException.java:489)
		at org.h2.message.DbException.getSyntaxError(DbException.java:261)
		at org.h2.command.Parser.getSyntaxError(Parser.java:910)
		at org.h2.command.Parser.read(Parser.java:5793)
		at org.h2.command.Parser.readIfMore(Parser.java:1312)
		at org.h2.command.Parser.parseCreateTable(Parser.java:9437)
		at org.h2.command.Parser.parseCreate(Parser.java:6905)
		at org.h2.command.Parser.parsePrepared(Parser.java:771)
		at org.h2.command.Parser.parse(Parser.java:697)
		at org.h2.command.Parser.parse(Parser.java:674)
		at org.h2.command.Parser.prepareCommand(Parser.java:577)
		at org.h2.engine.SessionLocal.prepareLocal(SessionLocal.java:634)
		at org.h2.engine.SessionLocal.prepareCommand(SessionLocal.java:557)
		at org.h2.jdbc.JdbcConnection.prepareCommand(JdbcConnection.java:1116)
		at org.h2.jdbc.JdbcStatement.executeInternal(JdbcStatement.java:237)
		at org.h2.jdbc.JdbcStatement.execute(JdbcStatement.java:223)
		at org.springframework.jdbc.datasource.init.ScriptUtils.executeSqlScript(ScriptUtils.java:261)
		... 65 more
16-Jan-2025 18:31:53.079 SEVERE [main] org.apache.catalina.core.StandardContext.loadOnStartup Servlet [dispatcher] in web application [/blog] threw load() exception
	org.h2.jdbc.JdbcSQLSyntaxErrorException: Синтаксическая ошибка в выражении SQL "CREATE TABLE IF NOT EXISTS ""COMMENT"" ( ""ID"" INTEGER GENERATED BY DEFAULT AS IDENTITY PRIMARY KEY, ""POST_COMMENT"" text[*][], ""POST_ID"" INTEGER NOT NULL, CONSTRAINT ""PK_COMMENT_ID"" PRIMARY KEY (""ID""), CONSTRAINT ""FK_COMMENT_POST_ID"" FOREIGN KEY (""POST_ID"") REFERENCES ""POST"" (""ID"") ON DELETE CASCADE )"; ожидалось "(, ARRAY, INVISIBLE, VISIBLE, NOT NULL, NULL, AS, DEFAULT, GENERATED, ON UPDATE, NOT NULL, NULL, AUTO_INCREMENT, DEFAULT ON NULL, NULL_TO_DEFAULT, SEQUENCE, SELECTIVITY, COMMENT, CONSTRAINT, COMMENT, PRIMARY KEY, UNIQUE, NOT NULL, NULL, CHECK, REFERENCES, AUTO_INCREMENT, ,, )"
Syntax error in SQL statement "CREATE TABLE IF NOT EXISTS ""COMMENT"" ( ""ID"" INTEGER GENERATED BY DEFAULT AS IDENTITY PRIMARY KEY, ""POST_COMMENT"" text[*][], ""POST_ID"" INTEGER NOT NULL, CONSTRAINT ""PK_COMMENT_ID"" PRIMARY KEY (""ID""), CONSTRAINT ""FK_COMMENT_POST_ID"" FOREIGN KEY (""POST_ID"") REFERENCES ""POST"" (""ID"") ON DELETE CASCADE )"; expected "(, ARRAY, INVISIBLE, VISIBLE, NOT NULL, NULL, AS, DEFAULT, GENERATED, ON UPDATE, NOT NULL, NULL, AUTO_INCREMENT, DEFAULT ON NULL, NULL_TO_DEFAULT, SEQUENCE, SELECTIVITY, COMMENT, CONSTRAINT, COMMENT, PRIMARY KEY, UNIQUE, NOT NULL, NULL, CHECK, REFERENCES, AUTO_INCREMENT, ,, )"; SQL statement:
CREATE TABLE IF NOT EXISTS "COMMENT" ( "ID" INTEGER GENERATED BY DEFAULT AS IDENTITY PRIMARY KEY, "POST_COMMENT" text[], "POST_ID" INTEGER NOT NULL, CONSTRAINT "PK_COMMENT_ID" PRIMARY KEY ("ID"), CONSTRAINT "FK_COMMENT_POST_ID" FOREIGN KEY ("POST_ID") REFERENCES "POST" ("ID") ON DELETE CASCADE ) [42001-220]
		at org.h2.message.DbException.getJdbcSQLException(DbException.java:514)
		at org.h2.message.DbException.getJdbcSQLException(DbException.java:489)
		at org.h2.message.DbException.getSyntaxError(DbException.java:261)
		at org.h2.command.Parser.getSyntaxError(Parser.java:910)
		at org.h2.command.Parser.read(Parser.java:5793)
		at org.h2.command.Parser.readIfMore(Parser.java:1312)
		at org.h2.command.Parser.parseCreateTable(Parser.java:9437)
		at org.h2.command.Parser.parseCreate(Parser.java:6905)
		at org.h2.command.Parser.parsePrepared(Parser.java:771)
		at org.h2.command.Parser.parse(Parser.java:697)
		at org.h2.command.Parser.parse(Parser.java:674)
		at org.h2.command.Parser.prepareCommand(Parser.java:577)
		at org.h2.engine.SessionLocal.prepareLocal(SessionLocal.java:634)
		at org.h2.engine.SessionLocal.prepareCommand(SessionLocal.java:557)
		at org.h2.jdbc.JdbcConnection.prepareCommand(JdbcConnection.java:1116)
		at org.h2.jdbc.JdbcStatement.executeInternal(JdbcStatement.java:237)
		at org.h2.jdbc.JdbcStatement.execute(JdbcStatement.java:223)
		at org.springframework.jdbc.datasource.init.ScriptUtils.executeSqlScript(ScriptUtils.java:261)
		at org.springframework.jdbc.datasource.init.ResourceDatabasePopulator.populate(ResourceDatabasePopulator.java:254)
		at org.springframework.jdbc.datasource.init.DatabasePopulatorUtils.execute(DatabasePopulatorUtils.java:54)
		at org.springframework.jdbc.datasource.init.ResourceDatabasePopulator.execute(ResourceDatabasePopulator.java:269)
		at ru.yandex.practicum.configuration.DataSourceConfiguration.populate(DataSourceConfiguration.java:45)
		at java.base/jdk.internal.reflect.DirectMethodHandleAccessor.invoke(DirectMethodHandleAccessor.java:103)
		at java.base/java.lang.reflect.Method.invoke(Method.java:580)
		at org.springframework.context.event.ApplicationListenerMethodAdapter.doInvoke(ApplicationListenerMethodAdapter.java:382)
		at org.springframework.context.event.ApplicationListenerMethodAdapter.processEvent(ApplicationListenerMethodAdapter.java:254)
		at org.springframework.context.event.ApplicationListenerMethodAdapter.onApplicationEvent(ApplicationListenerMethodAdapter.java:173)
		at org.springframework.context.event.SimpleApplicationEventMulticaster.doInvokeListener(SimpleApplicationEventMulticaster.java:185)
		at org.springframework.context.event.SimpleApplicationEventMulticaster.invokeListener(SimpleApplicationEventMulticaster.java:178)
		at org.springframework.context.event.SimpleApplicationEventMulticaster.multicastEvent(SimpleApplicationEventMulticaster.java:156)
		at org.springframework.context.support.AbstractApplicationContext.publishEvent(AbstractApplicationContext.java:454)
		at org.springframework.context.support.AbstractApplicationContext.publishEvent(AbstractApplicationContext.java:387)
		at org.springframework.context.support.AbstractApplicationContext.finishRefresh(AbstractApplicationContext.java:1009)
		at org.springframework.context.support.AbstractApplicationContext.refresh(AbstractApplicationContext.java:630)
		at org.springframework.web.servlet.FrameworkServlet.configureAndRefreshWebApplicationContext(FrameworkServlet.java:706)
		at org.springframework.web.servlet.FrameworkServlet.createWebApplicationContext(FrameworkServlet.java:672)
		at org.springframework.web.servlet.FrameworkServlet.createWebApplicationContext(FrameworkServlet.java:720)
		at org.springframework.web.servlet.FrameworkServlet.initWebApplicationContext(FrameworkServlet.java:595)
		at org.springframework.web.servlet.FrameworkServlet.initServletBean(FrameworkServlet.java:537)
		at org.springframework.web.servlet.HttpServletBean.init(HttpServletBean.java:169)
		at jakarta.servlet.GenericServlet.init(GenericServlet.java:143)
		at jakarta.servlet.http.HttpServlet.init(HttpServlet.java:122)
		at org.apache.catalina.core.StandardWrapper.initServlet(StandardWrapper.java:817)
		at org.apache.catalina.core.StandardWrapper.loadServlet(StandardWrapper.java:787)
		at org.apache.catalina.core.StandardWrapper.load(StandardWrapper.java:691)
		at org.apache.catalina.core.StandardContext.loadOnStartup(StandardContext.java:4153)
		at org.apache.catalina.core.StandardContext.startInternal(StandardContext.java:4437)
		at org.apache.catalina.util.LifecycleBase.start(LifecycleBase.java:164)
		at org.apache.catalina.core.ContainerBase.addChild(ContainerBase.java:566)
		at org.apache.catalina.core.StandardHost.addChild(StandardHost.java:653)
		at org.apache.catalina.startup.HostConfig.deployWAR(HostConfig.java:933)
		at org.apache.catalina.startup.HostConfig$DeployWar.run(HostConfig.java:1875)
		at java.base/java.util.concurrent.Executors$RunnableAdapter.call(Executors.java:572)
		at java.base/java.util.concurrent.FutureTask.run(FutureTask.java:317)
		at org.apache.tomcat.util.threads.InlineExecutorService.execute(InlineExecutorService.java:75)
		at java.base/java.util.concurrent.AbstractExecutorService.submit(AbstractExecutorService.java:123)
		at org.apache.catalina.startup.HostConfig.deployWARs(HostConfig.java:735)
		at org.apache.catalina.startup.HostConfig.deployApps(HostConfig.java:387)
		at org.apache.catalina.startup.HostConfig.start(HostConfig.java:1593)
		at org.apache.catalina.startup.HostConfig.lifecycleEvent(HostConfig.java:267)
		at org.apache.catalina.util.LifecycleBase.fireLifecycleEvent(LifecycleBase.java:109)
		at org.apache.catalina.util.LifecycleBase.setStateInternal(LifecycleBase.java:389)
		at org.apache.catalina.util.LifecycleBase.setState(LifecycleBase.java:336)
		at org.apache.catalina.core.ContainerBase.startInternal(ContainerBase.java:743)
		at org.apache.catalina.core.StandardHost.startInternal(StandardHost.java:771)
		at org.apache.catalina.util.LifecycleBase.start(LifecycleBase.java:164)
		at org.apache.catalina.core.ContainerBase$StartChild.call(ContainerBase.java:1170)
		at org.apache.catalina.core.ContainerBase$StartChild.call(ContainerBase.java:1160)
		at java.base/java.util.concurrent.FutureTask.run(FutureTask.java:317)
		at org.apache.tomcat.util.threads.InlineExecutorService.execute(InlineExecutorService.java:75)
		at java.base/java.util.concurrent.AbstractExecutorService.submit(AbstractExecutorService.java:145)
		at org.apache.catalina.core.ContainerBase.startInternal(ContainerBase.java:716)
		at org.apache.catalina.core.StandardEngine.startInternal(StandardEngine.java:203)
		at org.apache.catalina.util.LifecycleBase.start(LifecycleBase.java:164)
		at org.apache.catalina.core.StandardService.startInternal(StandardService.java:415)
		at org.apache.catalina.util.LifecycleBase.start(LifecycleBase.java:164)
		at org.apache.catalina.core.StandardServer.startInternal(StandardServer.java:866)
		at org.apache.catalina.util.LifecycleBase.start(LifecycleBase.java:164)
		at org.apache.catalina.startup.Catalina.start(Catalina.java:759)
		at java.base/jdk.internal.reflect.DirectMethodHandleAccessor.invoke(DirectMethodHandleAccessor.java:103)
		at java.base/java.lang.reflect.Method.invoke(Method.java:580)
		at org.apache.catalina.startup.Bootstrap.start(Bootstrap.java:342)
		at org.apache.catalina.startup.Bootstrap.main(Bootstrap.java:470)
16-Jan-2025 18:31:53.411 INFO [main] org.apache.catalina.core.ApplicationContext.log ContextListener: contextInitialized()
16-Jan-2025 18:31:53.412 INFO [main] org.apache.catalina.core.ApplicationContext.log SessionListener: contextInitialized()
16-Jan-2025 18:31:53.413 INFO [main] org.apache.catalina.core.ApplicationContext.log ContextListener: attributeAdded('StockTicker', 'async.Stockticker@342a5b57')
16-Jan-2025 18:32:43.766 INFO [main] org.apache.catalina.core.ApplicationContext.log SessionListener: contextDestroyed()
16-Jan-2025 18:32:43.766 INFO [main] org.apache.catalina.core.ApplicationContext.log ContextListener: contextDestroyed()
16-Jan-2025 18:48:27.018 INFO [main] org.apache.catalina.core.ApplicationContext.log No Spring WebApplicationInitializer types detected on classpath
16-Jan-2025 18:48:27.166 INFO [main] org.apache.catalina.core.ApplicationContext.log Initializing Spring DispatcherServlet 'dispatcher'
16-Jan-2025 18:48:28.213 SEVERE [main] org.apache.catalina.core.ApplicationContext.log Servlet.init() для сервлета [dispatcher] выбросил исключение
	org.springframework.jdbc.datasource.init.ScriptStatementFailedException: Failed to execute SQL script statement #4 of class path resource [schema.sql]: CREATE TABLE IF NOT EXISTS "COMMENT" ( "ID" INTEGER GENERATED BY DEFAULT AS IDENTITY PRIMARY KEY, "POST_COMMENT" text[], "POST_ID" INTEGER NOT NULL, CONSTRAINT "PK_COMMENT_ID" PRIMARY KEY ("ID"), CONSTRAINT "FK_COMMENT_POST_ID" FOREIGN KEY ("POST_ID") REFERENCES "POST" ("ID") ON DELETE CASCADE )
		at org.springframework.jdbc.datasource.init.ScriptUtils.executeSqlScript(ScriptUtils.java:282)
		at org.springframework.jdbc.datasource.init.ResourceDatabasePopulator.populate(ResourceDatabasePopulator.java:254)
		at org.springframework.jdbc.datasource.init.DatabasePopulatorUtils.execute(DatabasePopulatorUtils.java:54)
		at org.springframework.jdbc.datasource.init.ResourceDatabasePopulator.execute(ResourceDatabasePopulator.java:269)
		at ru.yandex.practicum.configuration.DataSourceConfiguration.populate(DataSourceConfiguration.java:45)
		at java.base/jdk.internal.reflect.DirectMethodHandleAccessor.invoke(DirectMethodHandleAccessor.java:103)
		at java.base/java.lang.reflect.Method.invoke(Method.java:580)
		at org.springframework.context.event.ApplicationListenerMethodAdapter.doInvoke(ApplicationListenerMethodAdapter.java:382)
		at org.springframework.context.event.ApplicationListenerMethodAdapter.processEvent(ApplicationListenerMethodAdapter.java:254)
		at org.springframework.context.event.ApplicationListenerMethodAdapter.onApplicationEvent(ApplicationListenerMethodAdapter.java:173)
		at org.springframework.context.event.SimpleApplicationEventMulticaster.doInvokeListener(SimpleApplicationEventMulticaster.java:185)
		at org.springframework.context.event.SimpleApplicationEventMulticaster.invokeListener(SimpleApplicationEventMulticaster.java:178)
		at org.springframework.context.event.SimpleApplicationEventMulticaster.multicastEvent(SimpleApplicationEventMulticaster.java:156)
		at org.springframework.context.support.AbstractApplicationContext.publishEvent(AbstractApplicationContext.java:454)
		at org.springframework.context.support.AbstractApplicationContext.publishEvent(AbstractApplicationContext.java:387)
		at org.springframework.context.support.AbstractApplicationContext.finishRefresh(AbstractApplicationContext.java:1009)
		at org.springframework.context.support.AbstractApplicationContext.refresh(AbstractApplicationContext.java:630)
		at org.springframework.web.servlet.FrameworkServlet.configureAndRefreshWebApplicationContext(FrameworkServlet.java:706)
		at org.springframework.web.servlet.FrameworkServlet.createWebApplicationContext(FrameworkServlet.java:672)
		at org.springframework.web.servlet.FrameworkServlet.createWebApplicationContext(FrameworkServlet.java:720)
		at org.springframework.web.servlet.FrameworkServlet.initWebApplicationContext(FrameworkServlet.java:595)
		at org.springframework.web.servlet.FrameworkServlet.initServletBean(FrameworkServlet.java:537)
		at org.springframework.web.servlet.HttpServletBean.init(HttpServletBean.java:169)
		at jakarta.servlet.GenericServlet.init(GenericServlet.java:143)
		at jakarta.servlet.http.HttpServlet.init(HttpServlet.java:122)
		at org.apache.catalina.core.StandardWrapper.initServlet(StandardWrapper.java:817)
		at org.apache.catalina.core.StandardWrapper.loadServlet(StandardWrapper.java:787)
		at org.apache.catalina.core.StandardWrapper.load(StandardWrapper.java:691)
		at org.apache.catalina.core.StandardContext.loadOnStartup(StandardContext.java:4153)
		at org.apache.catalina.core.StandardContext.startInternal(StandardContext.java:4437)
		at org.apache.catalina.util.LifecycleBase.start(LifecycleBase.java:164)
		at org.apache.catalina.core.ContainerBase.addChild(ContainerBase.java:566)
		at org.apache.catalina.core.StandardHost.addChild(StandardHost.java:653)
		at org.apache.catalina.startup.HostConfig.deployWAR(HostConfig.java:933)
		at org.apache.catalina.startup.HostConfig$DeployWar.run(HostConfig.java:1875)
		at java.base/java.util.concurrent.Executors$RunnableAdapter.call(Executors.java:572)
		at java.base/java.util.concurrent.FutureTask.run(FutureTask.java:317)
		at org.apache.tomcat.util.threads.InlineExecutorService.execute(InlineExecutorService.java:75)
		at java.base/java.util.concurrent.AbstractExecutorService.submit(AbstractExecutorService.java:123)
		at org.apache.catalina.startup.HostConfig.deployWARs(HostConfig.java:735)
		at org.apache.catalina.startup.HostConfig.deployApps(HostConfig.java:387)
		at org.apache.catalina.startup.HostConfig.start(HostConfig.java:1593)
		at org.apache.catalina.startup.HostConfig.lifecycleEvent(HostConfig.java:267)
		at org.apache.catalina.util.LifecycleBase.fireLifecycleEvent(LifecycleBase.java:109)
		at org.apache.catalina.util.LifecycleBase.setStateInternal(LifecycleBase.java:389)
		at org.apache.catalina.util.LifecycleBase.setState(LifecycleBase.java:336)
		at org.apache.catalina.core.ContainerBase.startInternal(ContainerBase.java:743)
		at org.apache.catalina.core.StandardHost.startInternal(StandardHost.java:771)
		at org.apache.catalina.util.LifecycleBase.start(LifecycleBase.java:164)
		at org.apache.catalina.core.ContainerBase$StartChild.call(ContainerBase.java:1170)
		at org.apache.catalina.core.ContainerBase$StartChild.call(ContainerBase.java:1160)
		at java.base/java.util.concurrent.FutureTask.run(FutureTask.java:317)
		at org.apache.tomcat.util.threads.InlineExecutorService.execute(InlineExecutorService.java:75)
		at java.base/java.util.concurrent.AbstractExecutorService.submit(AbstractExecutorService.java:145)
		at org.apache.catalina.core.ContainerBase.startInternal(ContainerBase.java:716)
		at org.apache.catalina.core.StandardEngine.startInternal(StandardEngine.java:203)
		at org.apache.catalina.util.LifecycleBase.start(LifecycleBase.java:164)
		at org.apache.catalina.core.StandardService.startInternal(StandardService.java:415)
		at org.apache.catalina.util.LifecycleBase.start(LifecycleBase.java:164)
		at org.apache.catalina.core.StandardServer.startInternal(StandardServer.java:866)
		at org.apache.catalina.util.LifecycleBase.start(LifecycleBase.java:164)
		at org.apache.catalina.startup.Catalina.start(Catalina.java:759)
		at java.base/jdk.internal.reflect.DirectMethodHandleAccessor.invoke(DirectMethodHandleAccessor.java:103)
		at java.base/java.lang.reflect.Method.invoke(Method.java:580)
		at org.apache.catalina.startup.Bootstrap.start(Bootstrap.java:342)
		at org.apache.catalina.startup.Bootstrap.main(Bootstrap.java:470)
	Caused by: org.h2.jdbc.JdbcSQLSyntaxErrorException: Синтаксическая ошибка в выражении SQL "CREATE TABLE IF NOT EXISTS ""COMMENT"" ( ""ID"" INTEGER GENERATED BY DEFAULT AS IDENTITY PRIMARY KEY, ""POST_COMMENT"" text[*][], ""POST_ID"" INTEGER NOT NULL, CONSTRAINT ""PK_COMMENT_ID"" PRIMARY KEY (""ID""), CONSTRAINT ""FK_COMMENT_POST_ID"" FOREIGN KEY (""POST_ID"") REFERENCES ""POST"" (""ID"") ON DELETE CASCADE )"; ожидалось "(, ARRAY, INVISIBLE, VISIBLE, NOT NULL, NULL, AS, DEFAULT, GENERATED, ON UPDATE, NOT NULL, NULL, AUTO_INCREMENT, DEFAULT ON NULL, NULL_TO_DEFAULT, SEQUENCE, SELECTIVITY, COMMENT, CONSTRAINT, COMMENT, PRIMARY KEY, UNIQUE, NOT NULL, NULL, CHECK, REFERENCES, AUTO_INCREMENT, ,, )"
Syntax error in SQL statement "CREATE TABLE IF NOT EXISTS ""COMMENT"" ( ""ID"" INTEGER GENERATED BY DEFAULT AS IDENTITY PRIMARY KEY, ""POST_COMMENT"" text[*][], ""POST_ID"" INTEGER NOT NULL, CONSTRAINT ""PK_COMMENT_ID"" PRIMARY KEY (""ID""), CONSTRAINT ""FK_COMMENT_POST_ID"" FOREIGN KEY (""POST_ID"") REFERENCES ""POST"" (""ID"") ON DELETE CASCADE )"; expected "(, ARRAY, INVISIBLE, VISIBLE, NOT NULL, NULL, AS, DEFAULT, GENERATED, ON UPDATE, NOT NULL, NULL, AUTO_INCREMENT, DEFAULT ON NULL, NULL_TO_DEFAULT, SEQUENCE, SELECTIVITY, COMMENT, CONSTRAINT, COMMENT, PRIMARY KEY, UNIQUE, NOT NULL, NULL, CHECK, REFERENCES, AUTO_INCREMENT, ,, )"; SQL statement:
CREATE TABLE IF NOT EXISTS "COMMENT" ( "ID" INTEGER GENERATED BY DEFAULT AS IDENTITY PRIMARY KEY, "POST_COMMENT" text[], "POST_ID" INTEGER NOT NULL, CONSTRAINT "PK_COMMENT_ID" PRIMARY KEY ("ID"), CONSTRAINT "FK_COMMENT_POST_ID" FOREIGN KEY ("POST_ID") REFERENCES "POST" ("ID") ON DELETE CASCADE ) [42001-220]
		at org.h2.message.DbException.getJdbcSQLException(DbException.java:514)
		at org.h2.message.DbException.getJdbcSQLException(DbException.java:489)
		at org.h2.message.DbException.getSyntaxError(DbException.java:261)
		at org.h2.command.Parser.getSyntaxError(Parser.java:910)
		at org.h2.command.Parser.read(Parser.java:5793)
		at org.h2.command.Parser.readIfMore(Parser.java:1312)
		at org.h2.command.Parser.parseCreateTable(Parser.java:9437)
		at org.h2.command.Parser.parseCreate(Parser.java:6905)
		at org.h2.command.Parser.parsePrepared(Parser.java:771)
		at org.h2.command.Parser.parse(Parser.java:697)
		at org.h2.command.Parser.parse(Parser.java:674)
		at org.h2.command.Parser.prepareCommand(Parser.java:577)
		at org.h2.engine.SessionLocal.prepareLocal(SessionLocal.java:634)
		at org.h2.engine.SessionLocal.prepareCommand(SessionLocal.java:557)
		at org.h2.jdbc.JdbcConnection.prepareCommand(JdbcConnection.java:1116)
		at org.h2.jdbc.JdbcStatement.executeInternal(JdbcStatement.java:237)
		at org.h2.jdbc.JdbcStatement.execute(JdbcStatement.java:223)
		at org.springframework.jdbc.datasource.init.ScriptUtils.executeSqlScript(ScriptUtils.java:261)
		... 65 more
16-Jan-2025 18:48:28.214 SEVERE [main] org.apache.catalina.core.StandardContext.loadOnStartup Servlet [dispatcher] in web application [/blog] threw load() exception
	org.h2.jdbc.JdbcSQLSyntaxErrorException: Синтаксическая ошибка в выражении SQL "CREATE TABLE IF NOT EXISTS ""COMMENT"" ( ""ID"" INTEGER GENERATED BY DEFAULT AS IDENTITY PRIMARY KEY, ""POST_COMMENT"" text[*][], ""POST_ID"" INTEGER NOT NULL, CONSTRAINT ""PK_COMMENT_ID"" PRIMARY KEY (""ID""), CONSTRAINT ""FK_COMMENT_POST_ID"" FOREIGN KEY (""POST_ID"") REFERENCES ""POST"" (""ID"") ON DELETE CASCADE )"; ожидалось "(, ARRAY, INVISIBLE, VISIBLE, NOT NULL, NULL, AS, DEFAULT, GENERATED, ON UPDATE, NOT NULL, NULL, AUTO_INCREMENT, DEFAULT ON NULL, NULL_TO_DEFAULT, SEQUENCE, SELECTIVITY, COMMENT, CONSTRAINT, COMMENT, PRIMARY KEY, UNIQUE, NOT NULL, NULL, CHECK, REFERENCES, AUTO_INCREMENT, ,, )"
Syntax error in SQL statement "CREATE TABLE IF NOT EXISTS ""COMMENT"" ( ""ID"" INTEGER GENERATED BY DEFAULT AS IDENTITY PRIMARY KEY, ""POST_COMMENT"" text[*][], ""POST_ID"" INTEGER NOT NULL, CONSTRAINT ""PK_COMMENT_ID"" PRIMARY KEY (""ID""), CONSTRAINT ""FK_COMMENT_POST_ID"" FOREIGN KEY (""POST_ID"") REFERENCES ""POST"" (""ID"") ON DELETE CASCADE )"; expected "(, ARRAY, INVISIBLE, VISIBLE, NOT NULL, NULL, AS, DEFAULT, GENERATED, ON UPDATE, NOT NULL, NULL, AUTO_INCREMENT, DEFAULT ON NULL, NULL_TO_DEFAULT, SEQUENCE, SELECTIVITY, COMMENT, CONSTRAINT, COMMENT, PRIMARY KEY, UNIQUE, NOT NULL, NULL, CHECK, REFERENCES, AUTO_INCREMENT, ,, )"; SQL statement:
CREATE TABLE IF NOT EXISTS "COMMENT" ( "ID" INTEGER GENERATED BY DEFAULT AS IDENTITY PRIMARY KEY, "POST_COMMENT" text[], "POST_ID" INTEGER NOT NULL, CONSTRAINT "PK_COMMENT_ID" PRIMARY KEY ("ID"), CONSTRAINT "FK_COMMENT_POST_ID" FOREIGN KEY ("POST_ID") REFERENCES "POST" ("ID") ON DELETE CASCADE ) [42001-220]
		at org.h2.message.DbException.getJdbcSQLException(DbException.java:514)
		at org.h2.message.DbException.getJdbcSQLException(DbException.java:489)
		at org.h2.message.DbException.getSyntaxError(DbException.java:261)
		at org.h2.command.Parser.getSyntaxError(Parser.java:910)
		at org.h2.command.Parser.read(Parser.java:5793)
		at org.h2.command.Parser.readIfMore(Parser.java:1312)
		at org.h2.command.Parser.parseCreateTable(Parser.java:9437)
		at org.h2.command.Parser.parseCreate(Parser.java:6905)
		at org.h2.command.Parser.parsePrepared(Parser.java:771)
		at org.h2.command.Parser.parse(Parser.java:697)
		at org.h2.command.Parser.parse(Parser.java:674)
		at org.h2.command.Parser.prepareCommand(Parser.java:577)
		at org.h2.engine.SessionLocal.prepareLocal(SessionLocal.java:634)
		at org.h2.engine.SessionLocal.prepareCommand(SessionLocal.java:557)
		at org.h2.jdbc.JdbcConnection.prepareCommand(JdbcConnection.java:1116)
		at org.h2.jdbc.JdbcStatement.executeInternal(JdbcStatement.java:237)
		at org.h2.jdbc.JdbcStatement.execute(JdbcStatement.java:223)
		at org.springframework.jdbc.datasource.init.ScriptUtils.executeSqlScript(ScriptUtils.java:261)
		at org.springframework.jdbc.datasource.init.ResourceDatabasePopulator.populate(ResourceDatabasePopulator.java:254)
		at org.springframework.jdbc.datasource.init.DatabasePopulatorUtils.execute(DatabasePopulatorUtils.java:54)
		at org.springframework.jdbc.datasource.init.ResourceDatabasePopulator.execute(ResourceDatabasePopulator.java:269)
		at ru.yandex.practicum.configuration.DataSourceConfiguration.populate(DataSourceConfiguration.java:45)
		at java.base/jdk.internal.reflect.DirectMethodHandleAccessor.invoke(DirectMethodHandleAccessor.java:103)
		at java.base/java.lang.reflect.Method.invoke(Method.java:580)
		at org.springframework.context.event.ApplicationListenerMethodAdapter.doInvoke(ApplicationListenerMethodAdapter.java:382)
		at org.springframework.context.event.ApplicationListenerMethodAdapter.processEvent(ApplicationListenerMethodAdapter.java:254)
		at org.springframework.context.event.ApplicationListenerMethodAdapter.onApplicationEvent(ApplicationListenerMethodAdapter.java:173)
		at org.springframework.context.event.SimpleApplicationEventMulticaster.doInvokeListener(SimpleApplicationEventMulticaster.java:185)
		at org.springframework.context.event.SimpleApplicationEventMulticaster.invokeListener(SimpleApplicationEventMulticaster.java:178)
		at org.springframework.context.event.SimpleApplicationEventMulticaster.multicastEvent(SimpleApplicationEventMulticaster.java:156)
		at org.springframework.context.support.AbstractApplicationContext.publishEvent(AbstractApplicationContext.java:454)
		at org.springframework.context.support.AbstractApplicationContext.publishEvent(AbstractApplicationContext.java:387)
		at org.springframework.context.support.AbstractApplicationContext.finishRefresh(AbstractApplicationContext.java:1009)
		at org.springframework.context.support.AbstractApplicationContext.refresh(AbstractApplicationContext.java:630)
		at org.springframework.web.servlet.FrameworkServlet.configureAndRefreshWebApplicationContext(FrameworkServlet.java:706)
		at org.springframework.web.servlet.FrameworkServlet.createWebApplicationContext(FrameworkServlet.java:672)
		at org.springframework.web.servlet.FrameworkServlet.createWebApplicationContext(FrameworkServlet.java:720)
		at org.springframework.web.servlet.FrameworkServlet.initWebApplicationContext(FrameworkServlet.java:595)
		at org.springframework.web.servlet.FrameworkServlet.initServletBean(FrameworkServlet.java:537)
		at org.springframework.web.servlet.HttpServletBean.init(HttpServletBean.java:169)
		at jakarta.servlet.GenericServlet.init(GenericServlet.java:143)
		at jakarta.servlet.http.HttpServlet.init(HttpServlet.java:122)
		at org.apache.catalina.core.StandardWrapper.initServlet(StandardWrapper.java:817)
		at org.apache.catalina.core.StandardWrapper.loadServlet(StandardWrapper.java:787)
		at org.apache.catalina.core.StandardWrapper.load(StandardWrapper.java:691)
		at org.apache.catalina.core.StandardContext.loadOnStartup(StandardContext.java:4153)
		at org.apache.catalina.core.StandardContext.startInternal(StandardContext.java:4437)
		at org.apache.catalina.util.LifecycleBase.start(LifecycleBase.java:164)
		at org.apache.catalina.core.ContainerBase.addChild(ContainerBase.java:566)
		at org.apache.catalina.core.StandardHost.addChild(StandardHost.java:653)
		at org.apache.catalina.startup.HostConfig.deployWAR(HostConfig.java:933)
		at org.apache.catalina.startup.HostConfig$DeployWar.run(HostConfig.java:1875)
		at java.base/java.util.concurrent.Executors$RunnableAdapter.call(Executors.java:572)
		at java.base/java.util.concurrent.FutureTask.run(FutureTask.java:317)
		at org.apache.tomcat.util.threads.InlineExecutorService.execute(InlineExecutorService.java:75)
		at java.base/java.util.concurrent.AbstractExecutorService.submit(AbstractExecutorService.java:123)
		at org.apache.catalina.startup.HostConfig.deployWARs(HostConfig.java:735)
		at org.apache.catalina.startup.HostConfig.deployApps(HostConfig.java:387)
		at org.apache.catalina.startup.HostConfig.start(HostConfig.java:1593)
		at org.apache.catalina.startup.HostConfig.lifecycleEvent(HostConfig.java:267)
		at org.apache.catalina.util.LifecycleBase.fireLifecycleEvent(LifecycleBase.java:109)
		at org.apache.catalina.util.LifecycleBase.setStateInternal(LifecycleBase.java:389)
		at org.apache.catalina.util.LifecycleBase.setState(LifecycleBase.java:336)
		at org.apache.catalina.core.ContainerBase.startInternal(ContainerBase.java:743)
		at org.apache.catalina.core.StandardHost.startInternal(StandardHost.java:771)
		at org.apache.catalina.util.LifecycleBase.start(LifecycleBase.java:164)
		at org.apache.catalina.core.ContainerBase$StartChild.call(ContainerBase.java:1170)
		at org.apache.catalina.core.ContainerBase$StartChild.call(ContainerBase.java:1160)
		at java.base/java.util.concurrent.FutureTask.run(FutureTask.java:317)
		at org.apache.tomcat.util.threads.InlineExecutorService.execute(InlineExecutorService.java:75)
		at java.base/java.util.concurrent.AbstractExecutorService.submit(AbstractExecutorService.java:145)
		at org.apache.catalina.core.ContainerBase.startInternal(ContainerBase.java:716)
		at org.apache.catalina.core.StandardEngine.startInternal(StandardEngine.java:203)
		at org.apache.catalina.util.LifecycleBase.start(LifecycleBase.java:164)
		at org.apache.catalina.core.StandardService.startInternal(StandardService.java:415)
		at org.apache.catalina.util.LifecycleBase.start(LifecycleBase.java:164)
		at org.apache.catalina.core.StandardServer.startInternal(StandardServer.java:866)
		at org.apache.catalina.util.LifecycleBase.start(LifecycleBase.java:164)
		at org.apache.catalina.startup.Catalina.start(Catalina.java:759)
		at java.base/jdk.internal.reflect.DirectMethodHandleAccessor.invoke(DirectMethodHandleAccessor.java:103)
		at java.base/java.lang.reflect.Method.invoke(Method.java:580)
		at org.apache.catalina.startup.Bootstrap.start(Bootstrap.java:342)
		at org.apache.catalina.startup.Bootstrap.main(Bootstrap.java:470)
16-Jan-2025 18:48:28.489 INFO [main] org.apache.catalina.core.ApplicationContext.log ContextListener: contextInitialized()
16-Jan-2025 18:48:28.489 INFO [main] org.apache.catalina.core.ApplicationContext.log SessionListener: contextInitialized()
16-Jan-2025 18:48:28.490 INFO [main] org.apache.catalina.core.ApplicationContext.log ContextListener: attributeAdded('StockTicker', 'async.Stockticker@37a0c3c6')
16-Jan-2025 18:49:11.108 INFO [main] org.apache.catalina.core.ApplicationContext.log SessionListener: contextDestroyed()
16-Jan-2025 18:49:11.109 INFO [main] org.apache.catalina.core.ApplicationContext.log ContextListener: contextDestroyed()
16-Jan-2025 18:49:56.248 INFO [main] org.apache.catalina.core.ApplicationContext.log No Spring WebApplicationInitializer types detected on classpath
16-Jan-2025 18:49:56.412 INFO [main] org.apache.catalina.core.ApplicationContext.log Initializing Spring DispatcherServlet 'dispatcher'
16-Jan-2025 18:49:57.497 SEVERE [main] org.apache.catalina.core.ApplicationContext.log Servlet.init() для сервлета [dispatcher] выбросил исключение
	org.springframework.jdbc.datasource.init.ScriptStatementFailedException: Failed to execute SQL script statement #4 of class path resource [schema.sql]: CREATE TABLE IF NOT EXISTS "COMMENT" ( "ID" INTEGER GENERATED BY DEFAULT AS IDENTITY PRIMARY KEY, "POST_COMMENT" text[], "POST_ID" INTEGER NOT NULL, CONSTRAINT "PK_COMMENT_ID" PRIMARY KEY ("ID"), CONSTRAINT "FK_COMMENT_POST_ID" FOREIGN KEY ("POST_ID") REFERENCES "POST" ("ID") ON DELETE CASCADE )
		at org.springframework.jdbc.datasource.init.ScriptUtils.executeSqlScript(ScriptUtils.java:282)
		at org.springframework.jdbc.datasource.init.ResourceDatabasePopulator.populate(ResourceDatabasePopulator.java:254)
		at org.springframework.jdbc.datasource.init.DatabasePopulatorUtils.execute(DatabasePopulatorUtils.java:54)
		at org.springframework.jdbc.datasource.init.ResourceDatabasePopulator.execute(ResourceDatabasePopulator.java:269)
		at ru.yandex.practicum.configuration.DataSourceConfiguration.populate(DataSourceConfiguration.java:45)
		at java.base/jdk.internal.reflect.DirectMethodHandleAccessor.invoke(DirectMethodHandleAccessor.java:103)
		at java.base/java.lang.reflect.Method.invoke(Method.java:580)
		at org.springframework.context.event.ApplicationListenerMethodAdapter.doInvoke(ApplicationListenerMethodAdapter.java:382)
		at org.springframework.context.event.ApplicationListenerMethodAdapter.processEvent(ApplicationListenerMethodAdapter.java:254)
		at org.springframework.context.event.ApplicationListenerMethodAdapter.onApplicationEvent(ApplicationListenerMethodAdapter.java:173)
		at org.springframework.context.event.SimpleApplicationEventMulticaster.doInvokeListener(SimpleApplicationEventMulticaster.java:185)
		at org.springframework.context.event.SimpleApplicationEventMulticaster.invokeListener(SimpleApplicationEventMulticaster.java:178)
		at org.springframework.context.event.SimpleApplicationEventMulticaster.multicastEvent(SimpleApplicationEventMulticaster.java:156)
		at org.springframework.context.support.AbstractApplicationContext.publishEvent(AbstractApplicationContext.java:454)
		at org.springframework.context.support.AbstractApplicationContext.publishEvent(AbstractApplicationContext.java:387)
		at org.springframework.context.support.AbstractApplicationContext.finishRefresh(AbstractApplicationContext.java:1009)
		at org.springframework.context.support.AbstractApplicationContext.refresh(AbstractApplicationContext.java:630)
		at org.springframework.web.servlet.FrameworkServlet.configureAndRefreshWebApplicationContext(FrameworkServlet.java:706)
		at org.springframework.web.servlet.FrameworkServlet.createWebApplicationContext(FrameworkServlet.java:672)
		at org.springframework.web.servlet.FrameworkServlet.createWebApplicationContext(FrameworkServlet.java:720)
		at org.springframework.web.servlet.FrameworkServlet.initWebApplicationContext(FrameworkServlet.java:595)
		at org.springframework.web.servlet.FrameworkServlet.initServletBean(FrameworkServlet.java:537)
		at org.springframework.web.servlet.HttpServletBean.init(HttpServletBean.java:169)
		at jakarta.servlet.GenericServlet.init(GenericServlet.java:143)
		at jakarta.servlet.http.HttpServlet.init(HttpServlet.java:122)
		at org.apache.catalina.core.StandardWrapper.initServlet(StandardWrapper.java:817)
		at org.apache.catalina.core.StandardWrapper.loadServlet(StandardWrapper.java:787)
		at org.apache.catalina.core.StandardWrapper.load(StandardWrapper.java:691)
		at org.apache.catalina.core.StandardContext.loadOnStartup(StandardContext.java:4153)
		at org.apache.catalina.core.StandardContext.startInternal(StandardContext.java:4437)
		at org.apache.catalina.util.LifecycleBase.start(LifecycleBase.java:164)
		at org.apache.catalina.core.ContainerBase.addChild(ContainerBase.java:566)
		at org.apache.catalina.core.StandardHost.addChild(StandardHost.java:653)
		at org.apache.catalina.startup.HostConfig.deployWAR(HostConfig.java:933)
		at org.apache.catalina.startup.HostConfig$DeployWar.run(HostConfig.java:1875)
		at java.base/java.util.concurrent.Executors$RunnableAdapter.call(Executors.java:572)
		at java.base/java.util.concurrent.FutureTask.run(FutureTask.java:317)
		at org.apache.tomcat.util.threads.InlineExecutorService.execute(InlineExecutorService.java:75)
		at java.base/java.util.concurrent.AbstractExecutorService.submit(AbstractExecutorService.java:123)
		at org.apache.catalina.startup.HostConfig.deployWARs(HostConfig.java:735)
		at org.apache.catalina.startup.HostConfig.deployApps(HostConfig.java:387)
		at org.apache.catalina.startup.HostConfig.start(HostConfig.java:1593)
		at org.apache.catalina.startup.HostConfig.lifecycleEvent(HostConfig.java:267)
		at org.apache.catalina.util.LifecycleBase.fireLifecycleEvent(LifecycleBase.java:109)
		at org.apache.catalina.util.LifecycleBase.setStateInternal(LifecycleBase.java:389)
		at org.apache.catalina.util.LifecycleBase.setState(LifecycleBase.java:336)
		at org.apache.catalina.core.ContainerBase.startInternal(ContainerBase.java:743)
		at org.apache.catalina.core.StandardHost.startInternal(StandardHost.java:771)
		at org.apache.catalina.util.LifecycleBase.start(LifecycleBase.java:164)
		at org.apache.catalina.core.ContainerBase$StartChild.call(ContainerBase.java:1170)
		at org.apache.catalina.core.ContainerBase$StartChild.call(ContainerBase.java:1160)
		at java.base/java.util.concurrent.FutureTask.run(FutureTask.java:317)
		at org.apache.tomcat.util.threads.InlineExecutorService.execute(InlineExecutorService.java:75)
		at java.base/java.util.concurrent.AbstractExecutorService.submit(AbstractExecutorService.java:145)
		at org.apache.catalina.core.ContainerBase.startInternal(ContainerBase.java:716)
		at org.apache.catalina.core.StandardEngine.startInternal(StandardEngine.java:203)
		at org.apache.catalina.util.LifecycleBase.start(LifecycleBase.java:164)
		at org.apache.catalina.core.StandardService.startInternal(StandardService.java:415)
		at org.apache.catalina.util.LifecycleBase.start(LifecycleBase.java:164)
		at org.apache.catalina.core.StandardServer.startInternal(StandardServer.java:866)
		at org.apache.catalina.util.LifecycleBase.start(LifecycleBase.java:164)
		at org.apache.catalina.startup.Catalina.start(Catalina.java:759)
		at java.base/jdk.internal.reflect.DirectMethodHandleAccessor.invoke(DirectMethodHandleAccessor.java:103)
		at java.base/java.lang.reflect.Method.invoke(Method.java:580)
		at org.apache.catalina.startup.Bootstrap.start(Bootstrap.java:342)
		at org.apache.catalina.startup.Bootstrap.main(Bootstrap.java:470)
	Caused by: org.h2.jdbc.JdbcSQLSyntaxErrorException: Синтаксическая ошибка в выражении SQL "CREATE TABLE IF NOT EXISTS ""COMMENT"" ( ""ID"" INTEGER GENERATED BY DEFAULT AS IDENTITY PRIMARY KEY, ""POST_COMMENT"" text[*][], ""POST_ID"" INTEGER NOT NULL, CONSTRAINT ""PK_COMMENT_ID"" PRIMARY KEY (""ID""), CONSTRAINT ""FK_COMMENT_POST_ID"" FOREIGN KEY (""POST_ID"") REFERENCES ""POST"" (""ID"") ON DELETE CASCADE )"; ожидалось "(, ARRAY, INVISIBLE, VISIBLE, NOT NULL, NULL, AS, DEFAULT, GENERATED, ON UPDATE, NOT NULL, NULL, AUTO_INCREMENT, DEFAULT ON NULL, NULL_TO_DEFAULT, SEQUENCE, SELECTIVITY, COMMENT, CONSTRAINT, COMMENT, PRIMARY KEY, UNIQUE, NOT NULL, NULL, CHECK, REFERENCES, AUTO_INCREMENT, ,, )"
Syntax error in SQL statement "CREATE TABLE IF NOT EXISTS ""COMMENT"" ( ""ID"" INTEGER GENERATED BY DEFAULT AS IDENTITY PRIMARY KEY, ""POST_COMMENT"" text[*][], ""POST_ID"" INTEGER NOT NULL, CONSTRAINT ""PK_COMMENT_ID"" PRIMARY KEY (""ID""), CONSTRAINT ""FK_COMMENT_POST_ID"" FOREIGN KEY (""POST_ID"") REFERENCES ""POST"" (""ID"") ON DELETE CASCADE )"; expected "(, ARRAY, INVISIBLE, VISIBLE, NOT NULL, NULL, AS, DEFAULT, GENERATED, ON UPDATE, NOT NULL, NULL, AUTO_INCREMENT, DEFAULT ON NULL, NULL_TO_DEFAULT, SEQUENCE, SELECTIVITY, COMMENT, CONSTRAINT, COMMENT, PRIMARY KEY, UNIQUE, NOT NULL, NULL, CHECK, REFERENCES, AUTO_INCREMENT, ,, )"; SQL statement:
CREATE TABLE IF NOT EXISTS "COMMENT" ( "ID" INTEGER GENERATED BY DEFAULT AS IDENTITY PRIMARY KEY, "POST_COMMENT" text[], "POST_ID" INTEGER NOT NULL, CONSTRAINT "PK_COMMENT_ID" PRIMARY KEY ("ID"), CONSTRAINT "FK_COMMENT_POST_ID" FOREIGN KEY ("POST_ID") REFERENCES "POST" ("ID") ON DELETE CASCADE ) [42001-220]
		at org.h2.message.DbException.getJdbcSQLException(DbException.java:514)
		at org.h2.message.DbException.getJdbcSQLException(DbException.java:489)
		at org.h2.message.DbException.getSyntaxError(DbException.java:261)
		at org.h2.command.Parser.getSyntaxError(Parser.java:910)
		at org.h2.command.Parser.read(Parser.java:5793)
		at org.h2.command.Parser.readIfMore(Parser.java:1312)
		at org.h2.command.Parser.parseCreateTable(Parser.java:9437)
		at org.h2.command.Parser.parseCreate(Parser.java:6905)
		at org.h2.command.Parser.parsePrepared(Parser.java:771)
		at org.h2.command.Parser.parse(Parser.java:697)
		at org.h2.command.Parser.parse(Parser.java:674)
		at org.h2.command.Parser.prepareCommand(Parser.java:577)
		at org.h2.engine.SessionLocal.prepareLocal(SessionLocal.java:634)
		at org.h2.engine.SessionLocal.prepareCommand(SessionLocal.java:557)
		at org.h2.jdbc.JdbcConnection.prepareCommand(JdbcConnection.java:1116)
		at org.h2.jdbc.JdbcStatement.executeInternal(JdbcStatement.java:237)
		at org.h2.jdbc.JdbcStatement.execute(JdbcStatement.java:223)
		at org.springframework.jdbc.datasource.init.ScriptUtils.executeSqlScript(ScriptUtils.java:261)
		... 65 more
16-Jan-2025 18:49:57.498 SEVERE [main] org.apache.catalina.core.StandardContext.loadOnStartup Servlet [dispatcher] in web application [/blog] threw load() exception
	org.h2.jdbc.JdbcSQLSyntaxErrorException: Синтаксическая ошибка в выражении SQL "CREATE TABLE IF NOT EXISTS ""COMMENT"" ( ""ID"" INTEGER GENERATED BY DEFAULT AS IDENTITY PRIMARY KEY, ""POST_COMMENT"" text[*][], ""POST_ID"" INTEGER NOT NULL, CONSTRAINT ""PK_COMMENT_ID"" PRIMARY KEY (""ID""), CONSTRAINT ""FK_COMMENT_POST_ID"" FOREIGN KEY (""POST_ID"") REFERENCES ""POST"" (""ID"") ON DELETE CASCADE )"; ожидалось "(, ARRAY, INVISIBLE, VISIBLE, NOT NULL, NULL, AS, DEFAULT, GENERATED, ON UPDATE, NOT NULL, NULL, AUTO_INCREMENT, DEFAULT ON NULL, NULL_TO_DEFAULT, SEQUENCE, SELECTIVITY, COMMENT, CONSTRAINT, COMMENT, PRIMARY KEY, UNIQUE, NOT NULL, NULL, CHECK, REFERENCES, AUTO_INCREMENT, ,, )"
Syntax error in SQL statement "CREATE TABLE IF NOT EXISTS ""COMMENT"" ( ""ID"" INTEGER GENERATED BY DEFAULT AS IDENTITY PRIMARY KEY, ""POST_COMMENT"" text[*][], ""POST_ID"" INTEGER NOT NULL, CONSTRAINT ""PK_COMMENT_ID"" PRIMARY KEY (""ID""), CONSTRAINT ""FK_COMMENT_POST_ID"" FOREIGN KEY (""POST_ID"") REFERENCES ""POST"" (""ID"") ON DELETE CASCADE )"; expected "(, ARRAY, INVISIBLE, VISIBLE, NOT NULL, NULL, AS, DEFAULT, GENERATED, ON UPDATE, NOT NULL, NULL, AUTO_INCREMENT, DEFAULT ON NULL, NULL_TO_DEFAULT, SEQUENCE, SELECTIVITY, COMMENT, CONSTRAINT, COMMENT, PRIMARY KEY, UNIQUE, NOT NULL, NULL, CHECK, REFERENCES, AUTO_INCREMENT, ,, )"; SQL statement:
CREATE TABLE IF NOT EXISTS "COMMENT" ( "ID" INTEGER GENERATED BY DEFAULT AS IDENTITY PRIMARY KEY, "POST_COMMENT" text[], "POST_ID" INTEGER NOT NULL, CONSTRAINT "PK_COMMENT_ID" PRIMARY KEY ("ID"), CONSTRAINT "FK_COMMENT_POST_ID" FOREIGN KEY ("POST_ID") REFERENCES "POST" ("ID") ON DELETE CASCADE ) [42001-220]
		at org.h2.message.DbException.getJdbcSQLException(DbException.java:514)
		at org.h2.message.DbException.getJdbcSQLException(DbException.java:489)
		at org.h2.message.DbException.getSyntaxError(DbException.java:261)
		at org.h2.command.Parser.getSyntaxError(Parser.java:910)
		at org.h2.command.Parser.read(Parser.java:5793)
		at org.h2.command.Parser.readIfMore(Parser.java:1312)
		at org.h2.command.Parser.parseCreateTable(Parser.java:9437)
		at org.h2.command.Parser.parseCreate(Parser.java:6905)
		at org.h2.command.Parser.parsePrepared(Parser.java:771)
		at org.h2.command.Parser.parse(Parser.java:697)
		at org.h2.command.Parser.parse(Parser.java:674)
		at org.h2.command.Parser.prepareCommand(Parser.java:577)
		at org.h2.engine.SessionLocal.prepareLocal(SessionLocal.java:634)
		at org.h2.engine.SessionLocal.prepareCommand(SessionLocal.java:557)
		at org.h2.jdbc.JdbcConnection.prepareCommand(JdbcConnection.java:1116)
		at org.h2.jdbc.JdbcStatement.executeInternal(JdbcStatement.java:237)
		at org.h2.jdbc.JdbcStatement.execute(JdbcStatement.java:223)
		at org.springframework.jdbc.datasource.init.ScriptUtils.executeSqlScript(ScriptUtils.java:261)
		at org.springframework.jdbc.datasource.init.ResourceDatabasePopulator.populate(ResourceDatabasePopulator.java:254)
		at org.springframework.jdbc.datasource.init.DatabasePopulatorUtils.execute(DatabasePopulatorUtils.java:54)
		at org.springframework.jdbc.datasource.init.ResourceDatabasePopulator.execute(ResourceDatabasePopulator.java:269)
		at ru.yandex.practicum.configuration.DataSourceConfiguration.populate(DataSourceConfiguration.java:45)
		at java.base/jdk.internal.reflect.DirectMethodHandleAccessor.invoke(DirectMethodHandleAccessor.java:103)
		at java.base/java.lang.reflect.Method.invoke(Method.java:580)
		at org.springframework.context.event.ApplicationListenerMethodAdapter.doInvoke(ApplicationListenerMethodAdapter.java:382)
		at org.springframework.context.event.ApplicationListenerMethodAdapter.processEvent(ApplicationListenerMethodAdapter.java:254)
		at org.springframework.context.event.ApplicationListenerMethodAdapter.onApplicationEvent(ApplicationListenerMethodAdapter.java:173)
		at org.springframework.context.event.SimpleApplicationEventMulticaster.doInvokeListener(SimpleApplicationEventMulticaster.java:185)
		at org.springframework.context.event.SimpleApplicationEventMulticaster.invokeListener(SimpleApplicationEventMulticaster.java:178)
		at org.springframework.context.event.SimpleApplicationEventMulticaster.multicastEvent(SimpleApplicationEventMulticaster.java:156)
		at org.springframework.context.support.AbstractApplicationContext.publishEvent(AbstractApplicationContext.java:454)
		at org.springframework.context.support.AbstractApplicationContext.publishEvent(AbstractApplicationContext.java:387)
		at org.springframework.context.support.AbstractApplicationContext.finishRefresh(AbstractApplicationContext.java:1009)
		at org.springframework.context.support.AbstractApplicationContext.refresh(AbstractApplicationContext.java:630)
		at org.springframework.web.servlet.FrameworkServlet.configureAndRefreshWebApplicationContext(FrameworkServlet.java:706)
		at org.springframework.web.servlet.FrameworkServlet.createWebApplicationContext(FrameworkServlet.java:672)
		at org.springframework.web.servlet.FrameworkServlet.createWebApplicationContext(FrameworkServlet.java:720)
		at org.springframework.web.servlet.FrameworkServlet.initWebApplicationContext(FrameworkServlet.java:595)
		at org.springframework.web.servlet.FrameworkServlet.initServletBean(FrameworkServlet.java:537)
		at org.springframework.web.servlet.HttpServletBean.init(HttpServletBean.java:169)
		at jakarta.servlet.GenericServlet.init(GenericServlet.java:143)
		at jakarta.servlet.http.HttpServlet.init(HttpServlet.java:122)
		at org.apache.catalina.core.StandardWrapper.initServlet(StandardWrapper.java:817)
		at org.apache.catalina.core.StandardWrapper.loadServlet(StandardWrapper.java:787)
		at org.apache.catalina.core.StandardWrapper.load(StandardWrapper.java:691)
		at org.apache.catalina.core.StandardContext.loadOnStartup(StandardContext.java:4153)
		at org.apache.catalina.core.StandardContext.startInternal(StandardContext.java:4437)
		at org.apache.catalina.util.LifecycleBase.start(LifecycleBase.java:164)
		at org.apache.catalina.core.ContainerBase.addChild(ContainerBase.java:566)
		at org.apache.catalina.core.StandardHost.addChild(StandardHost.java:653)
		at org.apache.catalina.startup.HostConfig.deployWAR(HostConfig.java:933)
		at org.apache.catalina.startup.HostConfig$DeployWar.run(HostConfig.java:1875)
		at java.base/java.util.concurrent.Executors$RunnableAdapter.call(Executors.java:572)
		at java.base/java.util.concurrent.FutureTask.run(FutureTask.java:317)
		at org.apache.tomcat.util.threads.InlineExecutorService.execute(InlineExecutorService.java:75)
		at java.base/java.util.concurrent.AbstractExecutorService.submit(AbstractExecutorService.java:123)
		at org.apache.catalina.startup.HostConfig.deployWARs(HostConfig.java:735)
		at org.apache.catalina.startup.HostConfig.deployApps(HostConfig.java:387)
		at org.apache.catalina.startup.HostConfig.start(HostConfig.java:1593)
		at org.apache.catalina.startup.HostConfig.lifecycleEvent(HostConfig.java:267)
		at org.apache.catalina.util.LifecycleBase.fireLifecycleEvent(LifecycleBase.java:109)
		at org.apache.catalina.util.LifecycleBase.setStateInternal(LifecycleBase.java:389)
		at org.apache.catalina.util.LifecycleBase.setState(LifecycleBase.java:336)
		at org.apache.catalina.core.ContainerBase.startInternal(ContainerBase.java:743)
		at org.apache.catalina.core.StandardHost.startInternal(StandardHost.java:771)
		at org.apache.catalina.util.LifecycleBase.start(LifecycleBase.java:164)
		at org.apache.catalina.core.ContainerBase$StartChild.call(ContainerBase.java:1170)
		at org.apache.catalina.core.ContainerBase$StartChild.call(ContainerBase.java:1160)
		at java.base/java.util.concurrent.FutureTask.run(FutureTask.java:317)
		at org.apache.tomcat.util.threads.InlineExecutorService.execute(InlineExecutorService.java:75)
		at java.base/java.util.concurrent.AbstractExecutorService.submit(AbstractExecutorService.java:145)
		at org.apache.catalina.core.ContainerBase.startInternal(ContainerBase.java:716)
		at org.apache.catalina.core.StandardEngine.startInternal(StandardEngine.java:203)
		at org.apache.catalina.util.LifecycleBase.start(LifecycleBase.java:164)
		at org.apache.catalina.core.StandardService.startInternal(StandardService.java:415)
		at org.apache.catalina.util.LifecycleBase.start(LifecycleBase.java:164)
		at org.apache.catalina.core.StandardServer.startInternal(StandardServer.java:866)
		at org.apache.catalina.util.LifecycleBase.start(LifecycleBase.java:164)
		at org.apache.catalina.startup.Catalina.start(Catalina.java:759)
		at java.base/jdk.internal.reflect.DirectMethodHandleAccessor.invoke(DirectMethodHandleAccessor.java:103)
		at java.base/java.lang.reflect.Method.invoke(Method.java:580)
		at org.apache.catalina.startup.Bootstrap.start(Bootstrap.java:342)
		at org.apache.catalina.startup.Bootstrap.main(Bootstrap.java:470)
16-Jan-2025 18:49:57.761 INFO [main] org.apache.catalina.core.ApplicationContext.log ContextListener: contextInitialized()
16-Jan-2025 18:49:57.761 INFO [main] org.apache.catalina.core.ApplicationContext.log SessionListener: contextInitialized()
16-Jan-2025 18:49:57.762 INFO [main] org.apache.catalina.core.ApplicationContext.log ContextListener: attributeAdded('StockTicker', 'async.Stockticker@7ec5d3e1')
16-Jan-2025 18:50:15.347 INFO [main] org.apache.catalina.core.ApplicationContext.log SessionListener: contextDestroyed()
16-Jan-2025 18:50:15.347 INFO [main] org.apache.catalina.core.ApplicationContext.log ContextListener: contextDestroyed()
