07-Mar-2025 13:47:52.911 INFO [main] org.apache.catalina.core.ApplicationContext.log No Spring WebApplicationInitializer types detected on classpath
07-Mar-2025 13:47:53.094 INFO [main] org.apache.catalina.core.ApplicationContext.log Initializing Spring DispatcherServlet 'dispatcher'
07-Mar-2025 13:47:55.098 INFO [main] org.apache.catalina.core.ApplicationContext.log ContextListener: contextInitialized()
07-Mar-2025 13:47:55.098 INFO [main] org.apache.catalina.core.ApplicationContext.log SessionListener: contextInitialized()
07-Mar-2025 13:47:55.099 INFO [main] org.apache.catalina.core.ApplicationContext.log ContextListener: attributeAdded('StockTicker', 'async.Stockticker@20a533b')
07-Mar-2025 13:51:55.233 INFO [Catalina-utility-1] org.apache.catalina.core.ApplicationContext.log Destroying Spring FrameworkServlet 'dispatcher'
07-Mar-2025 13:51:56.432 INFO [Catalina-utility-1] org.apache.catalina.core.ApplicationContext.log No Spring WebApplicationInitializer types detected on classpath
07-Mar-2025 13:51:56.614 INFO [Catalina-utility-1] org.apache.catalina.core.ApplicationContext.log Initializing Spring DispatcherServlet 'dispatcher'
07-Mar-2025 13:53:17.917 INFO [Catalina-utility-1] org.apache.catalina.core.ApplicationContext.log Destroying Spring FrameworkServlet 'dispatcher'
07-Mar-2025 13:53:28.982 INFO [Catalina-utility-2] org.apache.catalina.core.ApplicationContext.log No Spring WebApplicationInitializer types detected on classpath
07-Mar-2025 13:53:29.168 INFO [Catalina-utility-2] org.apache.catalina.core.ApplicationContext.log Initializing Spring DispatcherServlet 'dispatcher'
07-Mar-2025 13:55:00.296 INFO [Catalina-utility-2] org.apache.catalina.core.ApplicationContext.log Destroying Spring FrameworkServlet 'dispatcher'
07-Mar-2025 13:55:01.302 INFO [Catalina-utility-2] org.apache.catalina.core.ApplicationContext.log No Spring WebApplicationInitializer types detected on classpath
07-Mar-2025 13:55:01.391 INFO [Catalina-utility-2] org.apache.catalina.core.ApplicationContext.log Initializing Spring DispatcherServlet 'dispatcher'
07-Mar-2025 13:58:19.602 INFO [main] org.apache.catalina.core.ApplicationContext.log SessionListener: contextDestroyed()
07-Mar-2025 13:58:19.602 INFO [main] org.apache.catalina.core.ApplicationContext.log ContextListener: contextDestroyed()
07-Mar-2025 13:58:19.608 INFO [main] org.apache.catalina.core.ApplicationContext.log Destroying Spring FrameworkServlet 'dispatcher'
07-Mar-2025 13:58:28.481 INFO [main] org.apache.catalina.core.ApplicationContext.log No Spring WebApplicationInitializer types detected on classpath
07-Mar-2025 13:58:28.675 INFO [main] org.apache.catalina.core.ApplicationContext.log Initializing Spring DispatcherServlet 'dispatcher'
07-Mar-2025 13:58:31.092 INFO [main] org.apache.catalina.core.ApplicationContext.log ContextListener: contextInitialized()
07-Mar-2025 13:58:31.092 INFO [main] org.apache.catalina.core.ApplicationContext.log SessionListener: contextInitialized()
07-Mar-2025 13:58:31.094 INFO [main] org.apache.catalina.core.ApplicationContext.log ContextListener: attributeAdded('StockTicker', 'async.Stockticker@51f412e6')
07-Mar-2025 14:01:35.564 INFO [main] org.apache.catalina.core.ApplicationContext.log Destroying Spring FrameworkServlet 'dispatcher'
07-Mar-2025 14:01:35.572 INFO [main] org.apache.catalina.core.ApplicationContext.log SessionListener: contextDestroyed()
07-Mar-2025 14:01:35.572 INFO [main] org.apache.catalina.core.ApplicationContext.log ContextListener: contextDestroyed()
07-Mar-2025 14:01:44.138 INFO [main] org.apache.catalina.core.ApplicationContext.log No Spring WebApplicationInitializer types detected on classpath
07-Mar-2025 14:01:44.284 INFO [main] org.apache.catalina.core.ApplicationContext.log Initializing Spring DispatcherServlet 'dispatcher'
07-Mar-2025 14:01:45.936 INFO [main] org.apache.catalina.core.ApplicationContext.log ContextListener: contextInitialized()
07-Mar-2025 14:01:45.937 INFO [main] org.apache.catalina.core.ApplicationContext.log SessionListener: contextInitialized()
07-Mar-2025 14:01:45.938 INFO [main] org.apache.catalina.core.ApplicationContext.log ContextListener: attributeAdded('StockTicker', 'async.Stockticker@58c48a23')
07-Mar-2025 14:02:42.128 INFO [main] org.apache.catalina.core.ApplicationContext.log Destroying Spring FrameworkServlet 'dispatcher'
07-Mar-2025 14:02:42.139 INFO [main] org.apache.catalina.core.ApplicationContext.log SessionListener: contextDestroyed()
07-Mar-2025 14:02:42.139 INFO [main] org.apache.catalina.core.ApplicationContext.log ContextListener: contextDestroyed()
07-Mar-2025 14:02:48.148 INFO [main] org.apache.catalina.core.ApplicationContext.log No Spring WebApplicationInitializer types detected on classpath
07-Mar-2025 14:02:48.417 INFO [main] org.apache.catalina.core.ApplicationContext.log Initializing Spring DispatcherServlet 'dispatcher'
07-Mar-2025 14:02:50.322 INFO [main] org.apache.catalina.core.ApplicationContext.log ContextListener: contextInitialized()
07-Mar-2025 14:02:50.322 INFO [main] org.apache.catalina.core.ApplicationContext.log SessionListener: contextInitialized()
07-Mar-2025 14:02:50.324 INFO [main] org.apache.catalina.core.ApplicationContext.log ContextListener: attributeAdded('StockTicker', 'async.Stockticker@41a6ab50')
07-Mar-2025 14:06:22.330 INFO [main] org.apache.catalina.core.ApplicationContext.log Destroying Spring FrameworkServlet 'dispatcher'
07-Mar-2025 14:06:22.338 INFO [main] org.apache.catalina.core.ApplicationContext.log SessionListener: contextDestroyed()
07-Mar-2025 14:06:22.338 INFO [main] org.apache.catalina.core.ApplicationContext.log ContextListener: contextDestroyed()
07-Mar-2025 14:06:31.293 INFO [main] org.apache.catalina.core.ApplicationContext.log No Spring WebApplicationInitializer types detected on classpath
07-Mar-2025 14:06:31.526 INFO [main] org.apache.catalina.core.ApplicationContext.log Initializing Spring DispatcherServlet 'dispatcher'
07-Mar-2025 14:06:33.362 INFO [main] org.apache.catalina.core.ApplicationContext.log ContextListener: contextInitialized()
07-Mar-2025 14:06:33.362 INFO [main] org.apache.catalina.core.ApplicationContext.log SessionListener: contextInitialized()
07-Mar-2025 14:06:33.364 INFO [main] org.apache.catalina.core.ApplicationContext.log ContextListener: attributeAdded('StockTicker', 'async.Stockticker@744c16fb')
07-Mar-2025 14:10:22.493 INFO [main] org.apache.catalina.core.ApplicationContext.log Destroying Spring FrameworkServlet 'dispatcher'
07-Mar-2025 14:10:22.503 INFO [main] org.apache.catalina.core.ApplicationContext.log SessionListener: contextDestroyed()
07-Mar-2025 14:10:22.503 INFO [main] org.apache.catalina.core.ApplicationContext.log ContextListener: contextDestroyed()
07-Mar-2025 14:10:30.727 INFO [main] org.apache.catalina.core.ApplicationContext.log No Spring WebApplicationInitializer types detected on classpath
07-Mar-2025 14:10:30.996 INFO [main] org.apache.catalina.core.ApplicationContext.log Initializing Spring DispatcherServlet 'dispatcher'
07-Mar-2025 14:10:32.954 INFO [main] org.apache.catalina.core.ApplicationContext.log ContextListener: contextInitialized()
07-Mar-2025 14:10:32.954 INFO [main] org.apache.catalina.core.ApplicationContext.log SessionListener: contextInitialized()
07-Mar-2025 14:10:32.955 INFO [main] org.apache.catalina.core.ApplicationContext.log ContextListener: attributeAdded('StockTicker', 'async.Stockticker@58c48a23')
07-Mar-2025 14:13:36.800 INFO [main] org.apache.catalina.core.ApplicationContext.log Destroying Spring FrameworkServlet 'dispatcher'
07-Mar-2025 14:13:36.807 INFO [main] org.apache.catalina.core.ApplicationContext.log SessionListener: contextDestroyed()
07-Mar-2025 14:13:36.807 INFO [main] org.apache.catalina.core.ApplicationContext.log ContextListener: contextDestroyed()
07-Mar-2025 14:13:45.309 INFO [main] org.apache.catalina.core.ApplicationContext.log No Spring WebApplicationInitializer types detected on classpath
07-Mar-2025 14:13:45.511 INFO [main] org.apache.catalina.core.ApplicationContext.log Initializing Spring DispatcherServlet 'dispatcher'
07-Mar-2025 14:13:47.507 INFO [main] org.apache.catalina.core.ApplicationContext.log ContextListener: contextInitialized()
07-Mar-2025 14:13:47.507 INFO [main] org.apache.catalina.core.ApplicationContext.log SessionListener: contextInitialized()
07-Mar-2025 14:13:47.508 INFO [main] org.apache.catalina.core.ApplicationContext.log ContextListener: attributeAdded('StockTicker', 'async.Stockticker@78c34153')
07-Mar-2025 14:16:47.645 INFO [Catalina-utility-1] org.apache.catalina.core.ApplicationContext.log Destroying Spring FrameworkServlet 'dispatcher'
07-Mar-2025 14:16:48.847 INFO [Catalina-utility-1] org.apache.catalina.core.ApplicationContext.log No Spring WebApplicationInitializer types detected on classpath
07-Mar-2025 14:16:48.950 INFO [Catalina-utility-1] org.apache.catalina.core.ApplicationContext.log Initializing Spring DispatcherServlet 'dispatcher'
07-Mar-2025 14:20:09.524 INFO [main] org.apache.catalina.core.ApplicationContext.log SessionListener: contextDestroyed()
07-Mar-2025 14:20:09.524 INFO [main] org.apache.catalina.core.ApplicationContext.log ContextListener: contextDestroyed()
07-Mar-2025 14:20:09.528 INFO [main] org.apache.catalina.core.ApplicationContext.log Destroying Spring FrameworkServlet 'dispatcher'
07-Mar-2025 14:20:17.811 INFO [main] org.apache.catalina.core.ApplicationContext.log No Spring WebApplicationInitializer types detected on classpath
07-Mar-2025 14:20:18.074 INFO [main] org.apache.catalina.core.ApplicationContext.log Initializing Spring DispatcherServlet 'dispatcher'
07-Mar-2025 14:20:20.143 INFO [main] org.apache.catalina.core.ApplicationContext.log ContextListener: contextInitialized()
07-Mar-2025 14:20:20.143 INFO [main] org.apache.catalina.core.ApplicationContext.log SessionListener: contextInitialized()
07-Mar-2025 14:20:20.145 INFO [main] org.apache.catalina.core.ApplicationContext.log ContextListener: attributeAdded('StockTicker', 'async.Stockticker@744c16fb')
07-Mar-2025 14:21:13.776 INFO [main] org.apache.catalina.core.ApplicationContext.log Destroying Spring FrameworkServlet 'dispatcher'
07-Mar-2025 14:21:13.784 INFO [main] org.apache.catalina.core.ApplicationContext.log SessionListener: contextDestroyed()
07-Mar-2025 14:21:13.785 INFO [main] org.apache.catalina.core.ApplicationContext.log ContextListener: contextDestroyed()
07-Mar-2025 14:21:22.377 INFO [main] org.apache.catalina.core.ApplicationContext.log No Spring WebApplicationInitializer types detected on classpath
07-Mar-2025 14:21:22.529 INFO [main] org.apache.catalina.core.ApplicationContext.log Initializing Spring DispatcherServlet 'dispatcher'
07-Mar-2025 14:21:24.293 INFO [main] org.apache.catalina.core.ApplicationContext.log ContextListener: contextInitialized()
07-Mar-2025 14:21:24.293 INFO [main] org.apache.catalina.core.ApplicationContext.log SessionListener: contextInitialized()
07-Mar-2025 14:21:24.294 INFO [main] org.apache.catalina.core.ApplicationContext.log ContextListener: attributeAdded('StockTicker', 'async.Stockticker@41a6ab50')
07-Mar-2025 14:24:51.301 INFO [main] org.apache.catalina.core.ApplicationContext.log Destroying Spring FrameworkServlet 'dispatcher'
07-Mar-2025 14:24:51.314 INFO [main] org.apache.catalina.core.ApplicationContext.log SessionListener: contextDestroyed()
07-Mar-2025 14:24:51.314 INFO [main] org.apache.catalina.core.ApplicationContext.log ContextListener: contextDestroyed()
07-Mar-2025 14:24:59.283 INFO [main] org.apache.catalina.core.ApplicationContext.log No Spring WebApplicationInitializer types detected on classpath
07-Mar-2025 14:24:59.436 INFO [main] org.apache.catalina.core.ApplicationContext.log Initializing Spring DispatcherServlet 'dispatcher'
07-Mar-2025 14:25:01.396 INFO [main] org.apache.catalina.core.ApplicationContext.log ContextListener: contextInitialized()
07-Mar-2025 14:25:01.397 INFO [main] org.apache.catalina.core.ApplicationContext.log SessionListener: contextInitialized()
07-Mar-2025 14:25:01.398 INFO [main] org.apache.catalina.core.ApplicationContext.log ContextListener: attributeAdded('StockTicker', 'async.Stockticker@58c48a23')
07-Mar-2025 14:31:18.883 INFO [main] org.apache.catalina.core.ApplicationContext.log No Spring WebApplicationInitializer types detected on classpath
07-Mar-2025 14:31:19.074 INFO [main] org.apache.catalina.core.ApplicationContext.log Initializing Spring DispatcherServlet 'dispatcher'
07-Mar-2025 14:31:20.912 INFO [main] org.apache.catalina.core.ApplicationContext.log ContextListener: contextInitialized()
07-Mar-2025 14:31:20.912 INFO [main] org.apache.catalina.core.ApplicationContext.log SessionListener: contextInitialized()
07-Mar-2025 14:31:20.913 INFO [main] org.apache.catalina.core.ApplicationContext.log ContextListener: attributeAdded('StockTicker', 'async.Stockticker@78c34153')
07-Mar-2025 14:32:36.903 INFO [main] org.apache.catalina.core.ApplicationContext.log Destroying Spring FrameworkServlet 'dispatcher'
07-Mar-2025 14:32:36.910 INFO [main] org.apache.catalina.core.ApplicationContext.log SessionListener: contextDestroyed()
07-Mar-2025 14:32:36.910 INFO [main] org.apache.catalina.core.ApplicationContext.log ContextListener: contextDestroyed()
07-Mar-2025 14:32:45.758 INFO [main] org.apache.catalina.core.ApplicationContext.log No Spring WebApplicationInitializer types detected on classpath
07-Mar-2025 14:32:45.917 INFO [main] org.apache.catalina.core.ApplicationContext.log Initializing Spring DispatcherServlet 'dispatcher'
07-Mar-2025 14:32:47.735 INFO [main] org.apache.catalina.core.ApplicationContext.log ContextListener: contextInitialized()
07-Mar-2025 14:32:47.735 INFO [main] org.apache.catalina.core.ApplicationContext.log SessionListener: contextInitialized()
07-Mar-2025 14:32:47.736 INFO [main] org.apache.catalina.core.ApplicationContext.log ContextListener: attributeAdded('StockTicker', 'async.Stockticker@58c48a23')
07-Mar-2025 14:34:07.265 INFO [main] org.apache.catalina.core.ApplicationContext.log Destroying Spring FrameworkServlet 'dispatcher'
07-Mar-2025 14:34:07.274 INFO [main] org.apache.catalina.core.ApplicationContext.log SessionListener: contextDestroyed()
07-Mar-2025 14:34:07.274 INFO [main] org.apache.catalina.core.ApplicationContext.log ContextListener: contextDestroyed()
07-Mar-2025 14:34:16.196 INFO [main] org.apache.catalina.core.ApplicationContext.log No Spring WebApplicationInitializer types detected on classpath
07-Mar-2025 14:34:16.356 INFO [main] org.apache.catalina.core.ApplicationContext.log Initializing Spring DispatcherServlet 'dispatcher'
07-Mar-2025 14:34:18.126 INFO [main] org.apache.catalina.core.ApplicationContext.log ContextListener: contextInitialized()
07-Mar-2025 14:34:18.126 INFO [main] org.apache.catalina.core.ApplicationContext.log SessionListener: contextInitialized()
07-Mar-2025 14:34:18.128 INFO [main] org.apache.catalina.core.ApplicationContext.log ContextListener: attributeAdded('StockTicker', 'async.Stockticker@78c34153')
