27-Feb-2025 10:51:36.592 INFO [main] org.apache.catalina.core.ApplicationContext.log No Spring WebApplicationInitializer types detected on classpath
27-Feb-2025 10:51:36.781 INFO [main] org.apache.catalina.core.ApplicationContext.log Initializing Spring DispatcherServlet 'dispatcher'
27-Feb-2025 10:51:39.617 INFO [main] org.apache.catalina.core.ApplicationContext.log ContextListener: contextInitialized()
27-Feb-2025 10:51:39.618 INFO [main] org.apache.catalina.core.ApplicationContext.log SessionListener: contextInitialized()
27-Feb-2025 10:51:39.619 INFO [main] org.apache.catalina.core.ApplicationContext.log ContextListener: attributeAdded('StockTicker', 'async.Stockticker@61868687')
27-Feb-2025 10:55:26.328 INFO [main] org.apache.catalina.core.ApplicationContext.log Destroying Spring FrameworkServlet 'dispatcher'
27-Feb-2025 10:55:26.336 INFO [main] org.apache.catalina.core.ApplicationContext.log SessionListener: contextDestroyed()
27-Feb-2025 10:55:26.337 INFO [main] org.apache.catalina.core.ApplicationContext.log ContextListener: contextDestroyed()
27-Feb-2025 11:03:10.932 INFO [main] org.apache.catalina.core.ApplicationContext.log No Spring WebApplicationInitializer types detected on classpath
27-Feb-2025 11:03:11.101 INFO [main] org.apache.catalina.core.ApplicationContext.log Initializing Spring DispatcherServlet 'dispatcher'
27-Feb-2025 11:03:12.794 INFO [main] org.apache.catalina.core.ApplicationContext.log ContextListener: contextInitialized()
27-Feb-2025 11:03:12.794 INFO [main] org.apache.catalina.core.ApplicationContext.log SessionListener: contextInitialized()
27-Feb-2025 11:03:12.795 INFO [main] org.apache.catalina.core.ApplicationContext.log ContextListener: attributeAdded('StockTicker', 'async.Stockticker@b7b26c6')
27-Feb-2025 11:09:53.469 INFO [main] org.apache.catalina.core.ApplicationContext.log Destroying Spring FrameworkServlet 'dispatcher'
27-Feb-2025 11:09:53.478 INFO [main] org.apache.catalina.core.ApplicationContext.log SessionListener: contextDestroyed()
27-Feb-2025 11:09:53.479 INFO [main] org.apache.catalina.core.ApplicationContext.log ContextListener: contextDestroyed()
27-Feb-2025 11:10:16.986 INFO [main] org.apache.catalina.core.ApplicationContext.log No Spring WebApplicationInitializer types detected on classpath
27-Feb-2025 11:10:17.146 INFO [main] org.apache.catalina.core.ApplicationContext.log Initializing Spring DispatcherServlet 'dispatcher'
27-Feb-2025 11:10:18.972 INFO [main] org.apache.catalina.core.ApplicationContext.log ContextListener: contextInitialized()
27-Feb-2025 11:10:18.972 INFO [main] org.apache.catalina.core.ApplicationContext.log SessionListener: contextInitialized()
27-Feb-2025 11:10:18.973 INFO [main] org.apache.catalina.core.ApplicationContext.log ContextListener: attributeAdded('StockTicker', 'async.Stockticker@b7b26c6')
27-Feb-2025 11:18:13.315 INFO [main] org.apache.catalina.core.ApplicationContext.log Destroying Spring FrameworkServlet 'dispatcher'
27-Feb-2025 11:18:13.328 INFO [main] org.apache.catalina.core.ApplicationContext.log SessionListener: contextDestroyed()
27-Feb-2025 11:18:13.328 INFO [main] org.apache.catalina.core.ApplicationContext.log ContextListener: contextDestroyed()
27-Feb-2025 11:18:22.083 INFO [main] org.apache.catalina.core.ApplicationContext.log No Spring WebApplicationInitializer types detected on classpath
27-Feb-2025 11:18:22.233 INFO [main] org.apache.catalina.core.ApplicationContext.log Initializing Spring DispatcherServlet 'dispatcher'
27-Feb-2025 11:18:23.871 INFO [main] org.apache.catalina.core.ApplicationContext.log ContextListener: contextInitialized()
27-Feb-2025 11:18:23.872 INFO [main] org.apache.catalina.core.ApplicationContext.log SessionListener: contextInitialized()
27-Feb-2025 11:18:23.873 INFO [main] org.apache.catalina.core.ApplicationContext.log ContextListener: attributeAdded('StockTicker', 'async.Stockticker@fd8513b')
27-Feb-2025 11:45:03.480 INFO [main] org.apache.catalina.core.ApplicationContext.log Destroying Spring FrameworkServlet 'dispatcher'
27-Feb-2025 11:45:03.511 INFO [main] org.apache.catalina.core.ApplicationContext.log SessionListener: contextDestroyed()
27-Feb-2025 11:45:03.511 INFO [main] org.apache.catalina.core.ApplicationContext.log ContextListener: contextDestroyed()
27-Feb-2025 11:45:19.697 INFO [main] org.apache.catalina.core.ApplicationContext.log No Spring WebApplicationInitializer types detected on classpath
27-Feb-2025 11:45:19.895 INFO [main] org.apache.catalina.core.ApplicationContext.log Initializing Spring DispatcherServlet 'dispatcher'
27-Feb-2025 11:45:21.822 INFO [main] org.apache.catalina.core.ApplicationContext.log ContextListener: contextInitialized()
27-Feb-2025 11:45:21.822 INFO [main] org.apache.catalina.core.ApplicationContext.log SessionListener: contextInitialized()
27-Feb-2025 11:45:21.824 INFO [main] org.apache.catalina.core.ApplicationContext.log ContextListener: attributeAdded('StockTicker', 'async.Stockticker@2ecb87b2')
27-Feb-2025 11:45:54.544 INFO [main] org.apache.catalina.core.ApplicationContext.log Destroying Spring FrameworkServlet 'dispatcher'
27-Feb-2025 11:45:54.553 INFO [main] org.apache.catalina.core.ApplicationContext.log SessionListener: contextDestroyed()
27-Feb-2025 11:45:54.553 INFO [main] org.apache.catalina.core.ApplicationContext.log ContextListener: contextDestroyed()
