10-Jan-2025 06:30:49.446 INFO [main] org.apache.catalina.core.ApplicationContext.log ContextListener: contextInitialized()
10-Jan-2025 06:30:49.446 INFO [main] org.apache.catalina.core.ApplicationContext.log SessionListener: contextInitialized()
10-Jan-2025 06:30:49.448 INFO [main] org.apache.catalina.core.ApplicationContext.log ContextListener: attributeAdded('StockTicker', 'async.Stockticker@6d1d4d7')
10-Jan-2025 20:22:08.454 INFO [main] org.apache.catalina.core.ApplicationContext.log ContextListener: contextInitialized()
10-Jan-2025 20:22:08.454 INFO [main] org.apache.catalina.core.ApplicationContext.log SessionListener: contextInitialized()
10-Jan-2025 20:22:08.456 INFO [main] org.apache.catalina.core.ApplicationContext.log ContextListener: attributeAdded('StockTicker', 'async.Stockticker@303e3593')
10-Jan-2025 20:52:07.514 INFO [main] org.apache.catalina.core.ApplicationContext.log ContextListener: contextInitialized()
10-Jan-2025 20:52:07.514 INFO [main] org.apache.catalina.core.ApplicationContext.log SessionListener: contextInitialized()
10-Jan-2025 20:52:07.516 INFO [main] org.apache.catalina.core.ApplicationContext.log ContextListener: attributeAdded('StockTicker', 'async.Stockticker@6d1d4d7')
10-Jan-2025 20:58:41.710 INFO [main] org.apache.catalina.core.ApplicationContext.log SessionListener: contextDestroyed()
10-Jan-2025 20:58:41.710 INFO [main] org.apache.catalina.core.ApplicationContext.log ContextListener: contextDestroyed()
10-Jan-2025 21:19:33.789 INFO [main] org.apache.catalina.core.ApplicationContext.log No Spring WebApplicationInitializer types detected on classpath
10-Jan-2025 21:19:34.120 INFO [main] org.apache.catalina.core.ApplicationContext.log ContextListener: contextInitialized()
10-Jan-2025 21:19:34.120 INFO [main] org.apache.catalina.core.ApplicationContext.log SessionListener: contextInitialized()
10-Jan-2025 21:19:34.121 INFO [main] org.apache.catalina.core.ApplicationContext.log ContextListener: attributeAdded('StockTicker', 'async.Stockticker@694b1ddb')
10-Jan-2025 21:21:52.699 INFO [main] org.apache.catalina.core.ApplicationContext.log No Spring WebApplicationInitializer types detected on classpath
10-Jan-2025 21:21:52.999 INFO [main] org.apache.catalina.core.ApplicationContext.log ContextListener: contextInitialized()
10-Jan-2025 21:21:52.999 INFO [main] org.apache.catalina.core.ApplicationContext.log SessionListener: contextInitialized()
10-Jan-2025 21:21:53.001 INFO [main] org.apache.catalina.core.ApplicationContext.log ContextListener: attributeAdded('StockTicker', 'async.Stockticker@7b8fcdf2')
10-Jan-2025 21:26:20.266 INFO [main] org.apache.catalina.core.ApplicationContext.log No Spring WebApplicationInitializer types detected on classpath
10-Jan-2025 21:26:20.536 INFO [main] org.apache.catalina.core.ApplicationContext.log ContextListener: contextInitialized()
10-Jan-2025 21:26:20.537 INFO [main] org.apache.catalina.core.ApplicationContext.log SessionListener: contextInitialized()
10-Jan-2025 21:26:20.538 INFO [main] org.apache.catalina.core.ApplicationContext.log ContextListener: attributeAdded('StockTicker', 'async.Stockticker@49f1184e')
10-Jan-2025 21:27:22.916 INFO [main] org.apache.catalina.core.ApplicationContext.log No Spring WebApplicationInitializer types detected on classpath
10-Jan-2025 21:27:23.169 INFO [main] org.apache.catalina.core.ApplicationContext.log ContextListener: contextInitialized()
10-Jan-2025 21:27:23.169 INFO [main] org.apache.catalina.core.ApplicationContext.log SessionListener: contextInitialized()
10-Jan-2025 21:27:23.170 INFO [main] org.apache.catalina.core.ApplicationContext.log ContextListener: attributeAdded('StockTicker', 'async.Stockticker@54d2f5d3')
10-Jan-2025 22:07:52.496 INFO [main] org.apache.catalina.core.ApplicationContext.log ContextListener: contextInitialized()
10-Jan-2025 22:07:52.497 INFO [main] org.apache.catalina.core.ApplicationContext.log SessionListener: contextInitialized()
10-Jan-2025 22:07:52.498 INFO [main] org.apache.catalina.core.ApplicationContext.log ContextListener: attributeAdded('StockTicker', 'async.Stockticker@73e132e0')
10-Jan-2025 22:10:32.063 INFO [main] org.apache.catalina.core.ApplicationContext.log No Spring WebApplicationInitializer types detected on classpath
10-Jan-2025 22:10:32.330 INFO [main] org.apache.catalina.core.ApplicationContext.log ContextListener: contextInitialized()
10-Jan-2025 22:10:32.330 INFO [main] org.apache.catalina.core.ApplicationContext.log SessionListener: contextInitialized()
10-Jan-2025 22:10:32.332 INFO [main] org.apache.catalina.core.ApplicationContext.log ContextListener: attributeAdded('StockTicker', 'async.Stockticker@a1d926b')
10-Jan-2025 22:38:57.940 INFO [main] org.apache.catalina.core.ApplicationContext.log No Spring WebApplicationInitializer types detected on classpath
10-Jan-2025 22:38:58.246 INFO [main] org.apache.catalina.core.ApplicationContext.log ContextListener: contextInitialized()
10-Jan-2025 22:38:58.246 INFO [main] org.apache.catalina.core.ApplicationContext.log SessionListener: contextInitialized()
10-Jan-2025 22:38:58.247 INFO [main] org.apache.catalina.core.ApplicationContext.log ContextListener: attributeAdded('StockTicker', 'async.Stockticker@189e96af')
10-Jan-2025 22:55:32.504 INFO [main] org.apache.catalina.core.ApplicationContext.log No Spring WebApplicationInitializer types detected on classpath
10-Jan-2025 22:55:32.775 INFO [main] org.apache.catalina.core.ApplicationContext.log ContextListener: contextInitialized()
10-Jan-2025 22:55:32.775 INFO [main] org.apache.catalina.core.ApplicationContext.log SessionListener: contextInitialized()
10-Jan-2025 22:55:32.776 INFO [main] org.apache.catalina.core.ApplicationContext.log ContextListener: attributeAdded('StockTicker', 'async.Stockticker@e3692ca')
10-Jan-2025 22:56:26.041 INFO [main] org.apache.catalina.core.ApplicationContext.log ContextListener: contextInitialized()
10-Jan-2025 22:56:26.041 INFO [main] org.apache.catalina.core.ApplicationContext.log SessionListener: contextInitialized()
10-Jan-2025 22:56:26.043 INFO [main] org.apache.catalina.core.ApplicationContext.log ContextListener: attributeAdded('StockTicker', 'async.Stockticker@3ae66c85')
10-Jan-2025 23:09:25.006 INFO [main] org.apache.catalina.core.ApplicationContext.log ContextListener: contextInitialized()
10-Jan-2025 23:09:25.006 INFO [main] org.apache.catalina.core.ApplicationContext.log SessionListener: contextInitialized()
10-Jan-2025 23:09:25.008 INFO [main] org.apache.catalina.core.ApplicationContext.log ContextListener: attributeAdded('StockTicker', 'async.Stockticker@73d6d0c')
10-Jan-2025 23:12:37.127 INFO [main] org.apache.catalina.core.ApplicationContext.log ContextListener: contextInitialized()
10-Jan-2025 23:12:37.127 INFO [main] org.apache.catalina.core.ApplicationContext.log SessionListener: contextInitialized()
10-Jan-2025 23:12:37.129 INFO [main] org.apache.catalina.core.ApplicationContext.log ContextListener: attributeAdded('StockTicker', 'async.Stockticker@4604b900')
10-Jan-2025 23:14:31.312 INFO [main] org.apache.catalina.core.ApplicationContext.log ContextListener: contextInitialized()
10-Jan-2025 23:14:31.312 INFO [main] org.apache.catalina.core.ApplicationContext.log SessionListener: contextInitialized()
10-Jan-2025 23:14:31.313 INFO [main] org.apache.catalina.core.ApplicationContext.log ContextListener: attributeAdded('StockTicker', 'async.Stockticker@73d6d0c')
10-Jan-2025 23:24:52.958 INFO [main] org.apache.catalina.core.ApplicationContext.log ContextListener: contextInitialized()
10-Jan-2025 23:24:52.958 INFO [main] org.apache.catalina.core.ApplicationContext.log SessionListener: contextInitialized()
10-Jan-2025 23:24:52.959 INFO [main] org.apache.catalina.core.ApplicationContext.log ContextListener: attributeAdded('StockTicker', 'async.Stockticker@7f34a967')
10-Jan-2025 23:30:34.571 INFO [main] org.apache.catalina.core.ApplicationContext.log ContextListener: contextInitialized()
10-Jan-2025 23:30:34.572 INFO [main] org.apache.catalina.core.ApplicationContext.log SessionListener: contextInitialized()
10-Jan-2025 23:30:34.574 INFO [main] org.apache.catalina.core.ApplicationContext.log ContextListener: attributeAdded('StockTicker', 'async.Stockticker@5ba745bc')
10-Jan-2025 23:34:46.494 INFO [main] org.apache.catalina.core.ApplicationContext.log ContextListener: contextInitialized()
10-Jan-2025 23:34:46.495 INFO [main] org.apache.catalina.core.ApplicationContext.log SessionListener: contextInitialized()
10-Jan-2025 23:34:46.497 INFO [main] org.apache.catalina.core.ApplicationContext.log ContextListener: attributeAdded('StockTicker', 'async.Stockticker@503fbbc6')
10-Jan-2025 23:36:53.594 INFO [main] org.apache.catalina.core.ApplicationContext.log ContextListener: contextInitialized()
10-Jan-2025 23:36:53.595 INFO [main] org.apache.catalina.core.ApplicationContext.log SessionListener: contextInitialized()
10-Jan-2025 23:36:53.596 INFO [main] org.apache.catalina.core.ApplicationContext.log ContextListener: attributeAdded('StockTicker', 'async.Stockticker@1d8e2eea')
10-Jan-2025 23:48:07.885 INFO [main] org.apache.catalina.core.ApplicationContext.log ContextListener: contextInitialized()
10-Jan-2025 23:48:07.885 INFO [main] org.apache.catalina.core.ApplicationContext.log SessionListener: contextInitialized()
10-Jan-2025 23:48:07.887 INFO [main] org.apache.catalina.core.ApplicationContext.log ContextListener: attributeAdded('StockTicker', 'async.Stockticker@5471388b')
